[1/66] MolNet:BACE                        n=  1513 scaf=  675 arms=16 co-best= 4  (    4s)
[2/66] MolNet:BBBP                        n=  2039 scaf= 1123 arms=16 co-best= 2  (    9s)
[3/66] MolNet:HIV                         n= 41120 scaf=20663 arms=16 co-best= 1  (   72s)
[4/66] MolNet:Tox21                       n= 77864 scaf= 4099 arms=16 co-best= 3  (  196s)
[5/66] MolNet:ESOL                        n=  1128 scaf=  585 arms=16 co-best= 1  (  198s)
[6/66] MolNet:QM7                         n=  6838 scaf= 3771 arms=16 co-best= 1  (  201s)
[7/66] MolNet:Lipophilicity               n=  4200 scaf= 2412 arms= 2 co-best= 2  (  203s)
[8/66] MolACE:CHEMBL1862_Ki               n=   161 scaf=  102 arms=16 co-best=11  (  204s)
[9/66] MolACE:CHEMBL1871_Ki               n=   134 scaf=   77 arms=16 co-best=15  (  204s)
[10/66] MolACE:CHEMBL2034_Ki               n=   152 scaf=   88 arms=16 co-best=16  (  204s)
[11/66] MolACE:CHEMBL2047_EC50             n=   128 scaf=   75 arms=16 co-best=16  (  205s)
[12/66] MolACE:CHEMBL204_Ki                n=   553 scaf=  388 arms=16 co-best=10  (  205s)
[13/66] MolACE:CHEMBL2147_Ki               n=   294 scaf=  209 arms=16 co-best=16  (  206s)
[14/66] MolACE:CHEMBL214_Ki                n=   666 scaf=  454 arms=16 co-best=13  (  206s)
[15/66] MolACE:CHEMBL218_EC50              n=   208 scaf=  164 arms=16 co-best=15  (  207s)
[16/66] MolACE:CHEMBL219_Ki                n=   374 scaf=  262 arms=16 co-best=16  (  207s)
[17/66] MolACE:CHEMBL228_Ki                n=   342 scaf=  216 arms=16 co-best=16  (  207s)
[18/66] MolACE:CHEMBL231_Ki                n=   197 scaf=  161 arms=16 co-best=16  (  208s)
[19/66] MolACE:CHEMBL233_Ki                n=   630 scaf=  420 arms=16 co-best=15  (  208s)
[20/66] MolACE:CHEMBL234_Ki                n=   733 scaf=  506 arms=16 co-best=15  (  209s)
[21/66] MolACE:CHEMBL235_EC50              n=   472 scaf=  306 arms=16 co-best=16  (  209s)
[22/66] MolACE:CHEMBL236_Ki                n=   521 scaf=  357 arms=16 co-best=15  (  210s)
[23/66] MolACE:CHEMBL237_EC50              n=   193 scaf=  137 arms=16 co-best=16  (  210s)
[24/66] MolACE:CHEMBL237_Ki                n=   522 scaf=  333 arms=16 co-best=15  (  211s)
[25/66] MolACE:CHEMBL238_Ki                n=   213 scaf=  128 arms=16 co-best=16  (  211s)
[26/66] MolACE:CHEMBL239_EC50              n=   347 scaf=  214 arms=16 co-best=16  (  211s)
[27/66] MolACE:CHEMBL244_Ki                n=   621 scaf=  377 arms=16 co-best=15  (  212s)
[28/66] MolACE:CHEMBL262_Ki                n=   173 scaf=  125 arms=16 co-best=16  (  212s)
[29/66] MolACE:CHEMBL264_Ki                n=   574 scaf=  439 arms=16 co-best=14  (  213s)
[30/66] MolACE:CHEMBL2835_Ki               n=   126 scaf=   82 arms=16 co-best=16  (  213s)
[31/66] MolACE:CHEMBL287_Ki                n=   267 scaf=  192 arms=16 co-best=16  (  213s)
[32/66] MolACE:CHEMBL2971_Ki               n=   197 scaf=  137 arms=16 co-best=15  (  214s)
[33/66] MolACE:CHEMBL3979_EC50             n=   226 scaf=  135 arms=16 co-best=16  (  214s)
[34/66] MolACE:CHEMBL4005_Ki               n=   193 scaf=  133 arms=16 co-best=16  (  214s)
[35/66] MolACE:CHEMBL4203_Ki               n=   149 scaf=  132 arms=16 co-best=15  (  215s)
[36/66] MolACE:CHEMBL4616_EC50             n=   139 scaf=   96 arms=16 co-best=16  (  215s)
[37/66] MolACE:CHEMBL4792_Ki               n=   297 scaf=  199 arms=16 co-best=16  (  216s)
[38/66] skip Polaris:adme-fang-hclint-1         (Polaris withholds test labels locally)
[39/66] skip Polaris:adme-fang-hppb-1           (Polaris withholds test labels locally)
[40/66] skip Polaris:adme-fang-perm-1           (Polaris withholds test labels locally)
[41/66] skip Polaris:adme-fang-rclint-1         (Polaris withholds test labels locally)
[42/66] skip Polaris:adme-fang-rppb-1           (Polaris withholds test labels locally)
[43/66] skip Polaris:adme-fang-solu-1           (Polaris withholds test labels locally)
[44/66] skip Polaris:pkis2-egfr-wt-reg-v2       (Polaris withholds test labels locally)
[45/66] skip Polaris:pkis2-kit-wt-cls-v2        (Polaris withholds test labels locally)
[46/66] skip Polaris:pkis2-kit-wt-reg-v2        (Polaris withholds test labels locally)
[47/66] skip Polaris:pkis2-ret-wt-cls-v2        (Polaris withholds test labels locally)
[48/66] skip Polaris:pkis2-ret-wt-reg-v2        (Polaris withholds test labels locally)
[49/66] skip Polaris:ames                       (Polaris withholds test labels locally)
[50/66] skip Polaris:bbb-martins                (Polaris withholds test labels locally)
[51/66] skip Polaris:bioavailability-ma         (Polaris withholds test labels locally)
[52/66] skip Polaris:caco2-wang                 (Polaris withholds test labels locally)
[53/66] skip Polaris:clearance-hepatocyte-az    (Polaris withholds test labels locally)
[54/66] skip Polaris:clearance-microsome-az     (Polaris withholds test labels locally)
[55/66] skip Polaris:cyp2c9-substrate-carbonmangels (Polaris withholds test labels locally)
[56/66] skip Polaris:cyp2d6-substrate-carbonmangels (Polaris withholds test labels locally)
[57/66] skip Polaris:cyp3a4-substrate-carbonmangels (Polaris withholds test labels locally)
[58/66] skip Polaris:dili                       (Polaris withholds test labels locally)
[59/66] skip Polaris:half-life-obach            (Polaris withholds test labels locally)
[60/66] skip Polaris:herg                       (Polaris withholds test labels locally)
[61/66] skip Polaris:ld50-zhu                   (Polaris withholds test labels locally)
[62/66] skip Polaris:lipophilicity-astrazeneca  (Polaris withholds test labels locally)
[63/66] skip Polaris:pgp-broccatelli            (Polaris withholds test labels locally)
[64/66] skip Polaris:ppbr-az                    (Polaris withholds test labels locally)
[65/66] skip Polaris:vdss-lombardo              (Polaris withholds test labels locally)
[66/66] CBS:cbs                            n= 10443 scaf= 5154 arms=12 co-best= 7  (  226s)

wrote /Users/lsieben/VSCode/CLIMB/analysis/rigor/cobest_all_suites.csv  (590 rows, 226s, n_boot=1000)
