[wrap 20:17:58] starting e2e fraction sweep on ip-172-31-79-194.ec2.internal
Skipped loading some Tensorflow models, missing a dependency. No module named 'tensorflow'
Skipped loading modules with pytorch-geometric dependency, missing a dependency. No module named 'torch_geometric'
Skipped loading modules with pytorch-geometric dependency, missing a dependency. cannot import name 'DMPNN' from 'deepchem.models.torch_models' (/home/ec2-user/venvs/climb/lib64/python3.9/site-packages/deepchem/models/torch_models/__init__.py)
Skipped loading modules with pytorch-lightning dependency, missing a dependency. No module named 'lightning'
Skipped loading some Jax models, missing a dependency. No module named 'jax'
Skipped loading some PyTorch models, missing a dependency. No module named 'tensorflow'

===== e2e_ESOL_f005_s0  budget=45 (n=45) ft_seeds=[0, 1, 2] epochs=20 =====
[ft_e2e] ESOL (regression) split=scaffold-holdout seeds=[0, 1, 2]
  seed0: rmse=1.9424 train=1.8685 (5s elapsed)
  seed1: rmse=1.9823 train=1.8122 (7s elapsed)
  seed2: rmse=2.0225 train=1.8325 (9s elapsed)
  ESOL: rmse = 1.9824 ± 0.0327 (n_train=45)
[ok] e2e_ESOL_f005_s0 in 0.1 min

===== e2e_ESOL_f005_s1  budget=45 (n=45) ft_seeds=[0, 1, 2] epochs=20 =====
[ft_e2e] ESOL (regression) split=scaffold-holdout seeds=[0, 1, 2]
  seed0: rmse=2.1157 train=1.9038 (2s elapsed)
  seed1: rmse=2.1372 train=1.9492 (4s elapsed)
  seed2: rmse=2.1986 train=1.9027 (6s elapsed)
  ESOL: rmse = 2.1505 ± 0.0351 (n_train=45)
[ok] e2e_ESOL_f005_s1 in 0.1 min

===== e2e_ESOL_f005_s2  budget=45 (n=45) ft_seeds=[0, 1, 2] epochs=20 =====
[ft_e2e] ESOL (regression) split=scaffold-holdout seeds=[0, 1, 2]
  seed0: rmse=1.9246 train=1.7906 (2s elapsed)
  seed1: rmse=1.9350 train=1.8234 (4s elapsed)
  seed2: rmse=1.9544 train=1.8459 (6s elapsed)
  ESOL: rmse = 1.9380 ± 0.0123 (n_train=45)
[ok] e2e_ESOL_f005_s2 in 0.1 min

===== e2e_ESOL_f010_s0  budget=90 (n=90) ft_seeds=[0, 1, 2] epochs=20 =====
[ft_e2e] ESOL (regression) split=scaffold-holdout seeds=[0, 1, 2]
  seed0: rmse=1.8782 train=2.1856 (2s elapsed)
  seed1: rmse=1.8942 train=2.1549 (4s elapsed)
  seed2: rmse=1.9145 train=2.2188 (6s elapsed)
  ESOL: rmse = 1.8957 ± 0.0148 (n_train=90)
[ok] e2e_ESOL_f010_s0 in 0.1 min

===== e2e_ESOL_f010_s1  budget=90 (n=90) ft_seeds=[0, 1, 2] epochs=20 =====
[ft_e2e] ESOL (regression) split=scaffold-holdout seeds=[0, 1, 2]
  seed0: rmse=1.9686 train=1.8814 (2s elapsed)
  seed1: rmse=1.9904 train=1.8810 (4s elapsed)
  seed2: rmse=1.9971 train=1.8628 (6s elapsed)
  ESOL: rmse = 1.9854 ± 0.0122 (n_train=90)
[ok] e2e_ESOL_f010_s1 in 0.1 min

===== e2e_ESOL_f010_s2  budget=90 (n=90) ft_seeds=[0, 1, 2] epochs=20 =====
[ft_e2e] ESOL (regression) split=scaffold-holdout seeds=[0, 1, 2]
  seed0: rmse=1.8512 train=1.9455 (2s elapsed)
  seed1: rmse=1.8958 train=2.0080 (4s elapsed)
  seed2: rmse=1.8859 train=2.0111 (6s elapsed)
  ESOL: rmse = 1.8776 ± 0.0191 (n_train=90)
[ok] e2e_ESOL_f010_s2 in 0.1 min

===== e2e_ESOL_f025_s0  budget=226 (n=226) ft_seeds=[0, 1, 2] epochs=20 =====
[ft_e2e] ESOL (regression) split=scaffold-holdout seeds=[0, 1, 2]
  seed0: rmse=1.4604 train=1.2459 (8s elapsed)
  seed1: rmse=1.5357 train=1.2183 (14s elapsed)
  seed2: rmse=1.9826 train=2.0411 (17s elapsed)
  ESOL: rmse = 1.6596 ± 0.2305 (n_train=226)
[ok] e2e_ESOL_f025_s0 in 0.3 min

===== e2e_ESOL_f025_s1  budget=226 (n=226) ft_seeds=[0, 1, 2] epochs=20 =====
[ft_e2e] ESOL (regression) split=scaffold-holdout seeds=[0, 1, 2]
  seed0: rmse=1.8644 train=2.0419 (3s elapsed)
  seed1: rmse=1.9331 train=2.1208 (6s elapsed)
  seed2: rmse=1.5006 train=1.0787 (12s elapsed)
  ESOL: rmse = 1.7661 ± 0.1898 (n_train=226)
[ok] e2e_ESOL_f025_s1 in 0.2 min

===== e2e_ESOL_f025_s2  budget=226 (n=226) ft_seeds=[0, 1, 2] epochs=20 =====
[ft_e2e] ESOL (regression) split=scaffold-holdout seeds=[0, 1, 2]
  seed0: rmse=1.6059 train=1.1002 (7s elapsed)
  seed1: rmse=1.9836 train=2.0296 (9s elapsed)
  seed2: rmse=2.0427 train=2.0953 (12s elapsed)
  ESOL: rmse = 1.8774 ± 0.1935 (n_train=226)
[ok] e2e_ESOL_f025_s2 in 0.2 min

===== e2e_ESOL_f050_s0  budget=451 (n=451) ft_seeds=[0, 1, 2] epochs=20 =====
[ft_e2e] ESOL (regression) split=scaffold-holdout seeds=[0, 1, 2]
  seed0: rmse=1.3503 train=0.8899 (12s elapsed)
  seed1: rmse=1.3342 train=0.8657 (23s elapsed)
  seed2: rmse=1.3409 train=0.8510 (35s elapsed)
  ESOL: rmse = 1.3418 ± 0.0066 (n_train=451)
[ok] e2e_ESOL_f050_s0 in 0.6 min

===== e2e_ESOL_f050_s1  budget=451 (n=451) ft_seeds=[0, 1, 2] epochs=20 =====
[ft_e2e] ESOL (regression) split=scaffold-holdout seeds=[0, 1, 2]
  seed0: rmse=1.2687 train=0.8165 (12s elapsed)
  seed1: rmse=1.2815 train=0.7752 (23s elapsed)
  seed2: rmse=1.2721 train=0.8473 (35s elapsed)
  ESOL: rmse = 1.2741 ± 0.0054 (n_train=451)
[ok] e2e_ESOL_f050_s1 in 0.6 min

===== e2e_ESOL_f050_s2  budget=451 (n=451) ft_seeds=[0, 1, 2] epochs=20 =====
[ft_e2e] ESOL (regression) split=scaffold-holdout seeds=[0, 1, 2]
  seed0: rmse=1.3741 train=0.8745 (12s elapsed)
  seed1: rmse=1.3545 train=0.9092 (23s elapsed)
  seed2: rmse=1.4076 train=0.8820 (35s elapsed)
  ESOL: rmse = 1.3787 ± 0.0219 (n_train=451)
[ok] e2e_ESOL_f050_s2 in 0.6 min

===== e2e_ESOL_f100_s0  budget=None (n=902) ft_seeds=[0, 1, 2] epochs=20 =====
[ft_e2e] ESOL (regression) split=scaffold-holdout seeds=[0, 1, 2]
  seed0: rmse=1.1885 train=0.7907 (20s elapsed)
  seed1: rmse=1.1506 train=0.7384 (41s elapsed)
  seed2: rmse=1.1379 train=0.7006 (62s elapsed)
  ESOL: rmse = 1.1590 ± 0.0215 (n_train=902)
[ok] e2e_ESOL_f100_s0 in 1.0 min

===== e2e_Lipophilicity_f005_s0  budget=168 (n=168) ft_seeds=[0, 1, 2] epochs=20 =====
[ft_e2e] Lipophilicity (regression) split=scaffold-holdout seeds=[0, 1, 2]
  seed0: rmse=1.0617 train=1.0626 (13s elapsed)
  seed1: rmse=1.0516 train=1.1104 (21s elapsed)
  seed2: rmse=1.0572 train=1.1402 (27s elapsed)
  Lipophilicity: rmse = 1.0568 ± 0.0041 (n_train=168)
[ok] e2e_Lipophilicity_f005_s0 in 0.5 min

===== e2e_Lipophilicity_f005_s1  budget=168 (n=168) ft_seeds=[0, 1, 2] epochs=20 =====
[ft_e2e] Lipophilicity (regression) split=scaffold-holdout seeds=[0, 1, 2]
  seed0: rmse=1.0424 train=0.9681 (12s elapsed)
  seed1: rmse=1.0350 train=0.9904 (21s elapsed)
  seed2: rmse=1.0356 train=0.9959 (30s elapsed)
  Lipophilicity: rmse = 1.0377 ± 0.0033 (n_train=168)
[ok] e2e_Lipophilicity_f005_s1 in 0.5 min

===== e2e_Lipophilicity_f005_s2  budget=168 (n=168) ft_seeds=[0, 1, 2] epochs=20 =====
[ft_e2e] Lipophilicity (regression) split=scaffold-holdout seeds=[0, 1, 2]
  seed0: rmse=1.0375 train=0.9089 (12s elapsed)
  seed1: rmse=1.0426 train=0.9177 (20s elapsed)
  seed2: rmse=1.0310 train=0.9106 (29s elapsed)
  Lipophilicity: rmse = 1.0370 ± 0.0047 (n_train=168)
[ok] e2e_Lipophilicity_f005_s2 in 0.5 min

===== e2e_Lipophilicity_f010_s0  budget=336 (n=336) ft_seeds=[0, 1, 2] epochs=20 =====
[ft_e2e] Lipophilicity (regression) split=scaffold-holdout seeds=[0, 1, 2]
  seed0: rmse=1.0310 train=1.0020 (15s elapsed)
  seed1: rmse=1.0063 train=0.9807 (28s elapsed)
  seed2: rmse=1.0339 train=0.9956 (41s elapsed)
  Lipophilicity: rmse = 1.0237 ± 0.0124 (n_train=336)
[ok] e2e_Lipophilicity_f010_s0 in 0.7 min

===== e2e_Lipophilicity_f010_s1  budget=336 (n=336) ft_seeds=[0, 1, 2] epochs=20 =====
[ft_e2e] Lipophilicity (regression) split=scaffold-holdout seeds=[0, 1, 2]
  seed0: rmse=1.0229 train=1.0524 (14s elapsed)
  seed1: rmse=1.0276 train=1.0496 (25s elapsed)
  seed2: rmse=1.0250 train=1.0557 (35s elapsed)
  Lipophilicity: rmse = 1.0252 ± 0.0019 (n_train=336)
[ok] e2e_Lipophilicity_f010_s1 in 0.6 min

===== e2e_Lipophilicity_f010_s2  budget=336 (n=336) ft_seeds=[0, 1, 2] epochs=20 =====
[ft_e2e] Lipophilicity (regression) split=scaffold-holdout seeds=[0, 1, 2]
  seed0: rmse=1.0392 train=1.0937 (12s elapsed)
  seed1: rmse=1.0422 train=1.0326 (25s elapsed)
  seed2: rmse=1.0404 train=1.0557 (36s elapsed)
  Lipophilicity: rmse = 1.0406 ± 0.0012 (n_train=336)
[ok] e2e_Lipophilicity_f010_s2 in 0.6 min

===== e2e_Lipophilicity_f025_s0  budget=840 (n=840) ft_seeds=[0, 1, 2] epochs=20 =====
[ft_e2e] Lipophilicity (regression) split=scaffold-holdout seeds=[0, 1, 2]
  seed0: rmse=1.0224 train=1.0210 (18s elapsed)
  seed1: rmse=1.0312 train=0.9758 (42s elapsed)
  seed2: rmse=0.9976 train=0.9543 (67s elapsed)
  Lipophilicity: rmse = 1.0171 ± 0.0142 (n_train=840)
[ok] e2e_Lipophilicity_f025_s0 in 1.1 min

===== e2e_Lipophilicity_f025_s1  budget=840 (n=840) ft_seeds=[0, 1, 2] epochs=20 =====
[ft_e2e] Lipophilicity (regression) split=scaffold-holdout seeds=[0, 1, 2]
  seed0: rmse=1.0587 train=1.0367 (14s elapsed)
  seed1: rmse=1.0252 train=1.0174 (27s elapsed)
  seed2: rmse=1.0482 train=1.0328 (39s elapsed)
  Lipophilicity: rmse = 1.0441 ± 0.0140 (n_train=840)
[ok] e2e_Lipophilicity_f025_s1 in 0.6 min

===== e2e_Lipophilicity_f025_s2  budget=840 (n=840) ft_seeds=[0, 1, 2] epochs=20 =====
[ft_e2e] Lipophilicity (regression) split=scaffold-holdout seeds=[0, 1, 2]
  seed0: rmse=0.9972 train=0.9534 (27s elapsed)
  seed1: rmse=1.0028 train=1.0281 (45s elapsed)
  seed2: rmse=0.9788 train=0.9663 (70s elapsed)
  Lipophilicity: rmse = 0.9929 ± 0.0103 (n_train=840)
[ok] e2e_Lipophilicity_f025_s2 in 1.2 min

===== e2e_Lipophilicity_f050_s0  budget=1680 (n=1680) ft_seeds=[0, 1, 2] epochs=20 =====
[ft_e2e] Lipophilicity (regression) split=scaffold-holdout seeds=[0, 1, 2]
  seed0: rmse=0.9516 train=0.7649 (47s elapsed)
  seed1: rmse=1.0179 train=1.0019 (69s elapsed)
  seed2: rmse=0.9709 train=0.8113 (112s elapsed)
  Lipophilicity: rmse = 0.9801 ± 0.0278 (n_train=1680)
[ok] e2e_Lipophilicity_f050_s0 in 1.9 min

===== e2e_Lipophilicity_f050_s1  budget=1680 (n=1680) ft_seeds=[0, 1, 2] epochs=20 =====
[ft_e2e] Lipophilicity (regression) split=scaffold-holdout seeds=[0, 1, 2]
  seed0: rmse=0.9290 train=0.7448 (48s elapsed)
  seed1: rmse=0.9493 train=0.7708 (93s elapsed)
  seed2: rmse=0.9553 train=0.7916 (139s elapsed)
  Lipophilicity: rmse = 0.9445 ± 0.0113 (n_train=1680)
[ok] e2e_Lipophilicity_f050_s1 in 2.3 min

===== e2e_Lipophilicity_f050_s2  budget=1680 (n=1680) ft_seeds=[0, 1, 2] epochs=20 =====
[ft_e2e] Lipophilicity (regression) split=scaffold-holdout seeds=[0, 1, 2]
  seed0: rmse=0.9700 train=0.7771 (48s elapsed)
  seed1: rmse=1.0038 train=1.0342 (73s elapsed)
  seed2: rmse=0.9552 train=0.7716 (118s elapsed)
  Lipophilicity: rmse = 0.9763 ± 0.0203 (n_train=1680)
[ok] e2e_Lipophilicity_f050_s2 in 2.0 min

===== e2e_Lipophilicity_f100_s0  budget=None (n=3360) ft_seeds=[0, 1, 2] epochs=20 =====
[ft_e2e] Lipophilicity (regression) split=scaffold-holdout seeds=[0, 1, 2]
  seed0: rmse=0.9377 train=0.6417 (87s elapsed)
  seed1: rmse=0.9090 train=0.6681 (171s elapsed)
  seed2: rmse=0.9184 train=0.6872 (255s elapsed)
  Lipophilicity: rmse = 0.9217 ± 0.0119 (n_train=3360)
[ok] e2e_Lipophilicity_f100_s0 in 4.2 min

===== e2e_QM7_f005_s0  budget=274 (n=274) ft_seeds=[0, 1, 2] epochs=20 =====
[ft_e2e] QM7 (regression) split=scaffold-holdout seeds=[0, 1, 2]
  seed0: rmse=1526.4299 train=1528.4677 (14s elapsed)
  seed1: rmse=1526.6270 train=1528.6575 (26s elapsed)
  seed2: rmse=1526.7411 train=1528.7766 (37s elapsed)
  QM7: rmse = 1526.5993 ± 0.1285 (n_train=274)
[ok] e2e_QM7_f005_s0 in 0.6 min

===== e2e_QM7_f005_s1  budget=274 (n=274) ft_seeds=[0, 1, 2] epochs=20 =====
[ft_e2e] QM7 (regression) split=scaffold-holdout seeds=[0, 1, 2]
  seed0: rmse=1526.4330 train=1529.8134 (14s elapsed)
  seed1: rmse=1526.6313 train=1530.0021 (25s elapsed)
  seed2: rmse=1526.7434 train=1530.1228 (37s elapsed)
  QM7: rmse = 1526.6026 ± 0.1284 (n_train=274)
[ok] e2e_QM7_f005_s1 in 0.6 min

===== e2e_QM7_f005_s2  budget=274 (n=274) ft_seeds=[0, 1, 2] epochs=20 =====
[ft_e2e] QM7 (regression) split=scaffold-holdout seeds=[0, 1, 2]
  seed0: rmse=1526.4314 train=1533.0538 (14s elapsed)
  seed1: rmse=1526.6277 train=1533.2434 (25s elapsed)
  seed2: rmse=1526.7430 train=1533.3636 (37s elapsed)
  QM7: rmse = 1526.6007 ± 0.1287 (n_train=274)
[ok] e2e_QM7_f005_s2 in 0.6 min

===== e2e_QM7_f010_s0  budget=547 (n=547) ft_seeds=[0, 1, 2] epochs=20 =====
[ft_e2e] QM7 (regression) split=scaffold-holdout seeds=[0, 1, 2]
  seed0: rmse=1524.6315 train=1527.3837 (20s elapsed)
  seed1: rmse=1524.7554 train=1527.5071 (38s elapsed)
  seed2: rmse=1524.8794 train=1527.6306 (55s elapsed)
  QM7: rmse = 1524.7554 ± 0.1012 (n_train=547)
[ok] e2e_QM7_f010_s0 in 0.9 min

===== e2e_QM7_f010_s1  budget=547 (n=547) ft_seeds=[0, 1, 2] epochs=20 =====
[ft_e2e] QM7 (regression) split=scaffold-holdout seeds=[0, 1, 2]
  seed0: rmse=1524.6315 train=1530.5050 (20s elapsed)
  seed1: rmse=1524.7554 train=1530.6289 (37s elapsed)
  seed2: rmse=1524.8794 train=1530.7524 (55s elapsed)
  QM7: rmse = 1524.7554 ± 0.1012 (n_train=547)
[ok] e2e_QM7_f010_s1 in 0.9 min

===== e2e_QM7_f010_s2  budget=547 (n=547) ft_seeds=[0, 1, 2] epochs=20 =====
[ft_e2e] QM7 (regression) split=scaffold-holdout seeds=[0, 1, 2]
  seed0: rmse=1524.6315 train=1545.7589 (20s elapsed)
  seed1: rmse=1524.7554 train=1545.8826 (38s elapsed)
  seed2: rmse=1524.8794 train=1546.0061 (55s elapsed)
  QM7: rmse = 1524.7554 ± 0.1012 (n_train=547)
[ok] e2e_QM7_f010_s2 in 0.9 min

===== e2e_QM7_f025_s0  budget=1368 (n=1368) ft_seeds=[0, 1, 2] epochs=20 =====
[ft_e2e] QM7 (regression) split=scaffold-holdout seeds=[0, 1, 2]
  seed0: rmse=1519.3020 train=1531.7899 (37s elapsed)
  seed1: rmse=1519.4259 train=1531.9135 (71s elapsed)
  seed2: rmse=1519.5498 train=1532.0370 (105s elapsed)
  QM7: rmse = 1519.4259 ± 0.1012 (n_train=1368)
[ok] e2e_QM7_f025_s0 in 1.7 min

===== e2e_QM7_f025_s1  budget=1368 (n=1368) ft_seeds=[0, 1, 2] epochs=20 =====
[ft_e2e] QM7 (regression) split=scaffold-holdout seeds=[0, 1, 2]
  seed0: rmse=1519.3020 train=1530.1320 (36s elapsed)
  seed1: rmse=1519.4259 train=1530.2556 (70s elapsed)
  seed2: rmse=1519.5498 train=1530.3793 (104s elapsed)
  QM7: rmse = 1519.4259 ± 0.1012 (n_train=1368)
[ok] e2e_QM7_f025_s1 in 1.7 min

===== e2e_QM7_f025_s2  budget=1368 (n=1368) ft_seeds=[0, 1, 2] epochs=20 =====
[ft_e2e] QM7 (regression) split=scaffold-holdout seeds=[0, 1, 2]
  seed0: rmse=1519.3020 train=1520.9493 (37s elapsed)
  seed1: rmse=1519.4259 train=1521.0730 (71s elapsed)
  seed2: rmse=1519.5498 train=1521.1965 (105s elapsed)
  QM7: rmse = 1519.4259 ± 0.1012 (n_train=1368)
[ok] e2e_QM7_f025_s2 in 1.7 min

===== e2e_QM7_f050_s0  budget=2735 (n=2735) ft_seeds=[0, 1, 2] epochs=20 =====
[ft_e2e] QM7 (regression) split=scaffold-holdout seeds=[0, 1, 2]
  seed0: rmse=1509.5115 train=1521.2177 (65s elapsed)
  seed1: rmse=1509.7593 train=1521.4648 (128s elapsed)
  seed2: rmse=1509.7593 train=1521.4648 (190s elapsed)
  QM7: rmse = 1509.6767 ± 0.1168 (n_train=2735)
[ok] e2e_QM7_f050_s0 in 3.2 min

===== e2e_QM7_f050_s1  budget=2735 (n=2735) ft_seeds=[0, 1, 2] epochs=20 =====
[ft_e2e] QM7 (regression) split=scaffold-holdout seeds=[0, 1, 2]
  seed0: rmse=1509.5115 train=1514.4073 (65s elapsed)
  seed1: rmse=1509.7449 train=1514.6326 (127s elapsed)
  seed2: rmse=1509.7593 train=1514.6545 (190s elapsed)
  QM7: rmse = 1509.6719 ± 0.1136 (n_train=2735)
[ok] e2e_QM7_f050_s1 in 3.2 min

===== e2e_QM7_f050_s2  budget=2735 (n=2735) ft_seeds=[0, 1, 2] epochs=20 =====
[ft_e2e] QM7 (regression) split=scaffold-holdout seeds=[0, 1, 2]
  seed0: rmse=1509.5115 train=1520.1167 (65s elapsed)
  seed1: rmse=1509.7538 train=1520.3553 (127s elapsed)
  seed2: rmse=1509.7593 train=1520.3638 (190s elapsed)
  QM7: rmse = 1509.6748 ± 0.1155 (n_train=2735)
[ok] e2e_QM7_f050_s2 in 3.2 min

===== e2e_QM7_f100_s0  budget=None (n=5470) ft_seeds=[0, 1, 2] epochs=20 =====
[ft_e2e] QM7 (regression) split=scaffold-holdout seeds=[0, 1, 2]
  seed0: rmse=1489.1906 train=1496.2104 (121s elapsed)
  seed1: rmse=1489.3905 train=1496.4314 (240s elapsed)
  seed2: rmse=1489.4384 train=1496.4575 (358s elapsed)
  QM7: rmse = 1489.3398 ± 0.1073 (n_train=5470)
[ok] e2e_QM7_f100_s0 in 6.0 min
Failed to featurize datapoint 59, None. Appending empty array
Exception message: Python argument types in
    rdkit.Chem.rdmolfiles.CanonicalRankAtoms(NoneType)
did not match C++ signature:
    CanonicalRankAtoms(RDKit::ROMol mol, bool breakTies=True, bool includeChirality=True, bool includeIsotopes=True)
Failed to featurize datapoint 61, None. Appending empty array
Exception message: Python argument types in
    rdkit.Chem.rdmolfiles.CanonicalRankAtoms(NoneType)
did not match C++ signature:
    CanonicalRankAtoms(RDKit::ROMol mol, bool breakTies=True, bool includeChirality=True, bool includeIsotopes=True)
Failed to featurize datapoint 391, None. Appending empty array
Exception message: Python argument types in
    rdkit.Chem.rdmolfiles.CanonicalRankAtoms(NoneType)
did not match C++ signature:
    CanonicalRankAtoms(RDKit::ROMol mol, bool breakTies=True, bool includeChirality=True, bool includeIsotopes=True)
Failed to featurize datapoint 614, None. Appending empty array
Exception message: Python argument types in
    rdkit.Chem.rdmolfiles.CanonicalRankAtoms(NoneType)
did not match C++ signature:
    CanonicalRankAtoms(RDKit::ROMol mol, bool breakTies=True, bool includeChirality=True, bool includeIsotopes=True)
Failed to featurize datapoint 642, None. Appending empty array
Exception message: Python argument types in
    rdkit.Chem.rdmolfiles.CanonicalRankAtoms(NoneType)
did not match C++ signature:
    CanonicalRankAtoms(RDKit::ROMol mol, bool breakTies=True, bool includeChirality=True, bool includeIsotopes=True)
Failed to featurize datapoint 645, None. Appending empty array
Exception message: Python argument types in
    rdkit.Chem.rdmolfiles.CanonicalRankAtoms(NoneType)
did not match C++ signature:
    CanonicalRankAtoms(RDKit::ROMol mol, bool breakTies=True, bool includeChirality=True, bool includeIsotopes=True)
Failed to featurize datapoint 646, None. Appending empty array
Exception message: Python argument types in
    rdkit.Chem.rdmolfiles.CanonicalRankAtoms(NoneType)
did not match C++ signature:
    CanonicalRankAtoms(RDKit::ROMol mol, bool breakTies=True, bool includeChirality=True, bool includeIsotopes=True)
Failed to featurize datapoint 647, None. Appending empty array
Exception message: Python argument types in
    rdkit.Chem.rdmolfiles.CanonicalRankAtoms(NoneType)
did not match C++ signature:
    CanonicalRankAtoms(RDKit::ROMol mol, bool breakTies=True, bool includeChirality=True, bool includeIsotopes=True)
Failed to featurize datapoint 648, None. Appending empty array
Exception message: Python argument types in
    rdkit.Chem.rdmolfiles.CanonicalRankAtoms(NoneType)
did not match C++ signature:
    CanonicalRankAtoms(RDKit::ROMol mol, bool breakTies=True, bool includeChirality=True, bool includeIsotopes=True)
Failed to featurize datapoint 649, None. Appending empty array
Exception message: Python argument types in
    rdkit.Chem.rdmolfiles.CanonicalRankAtoms(NoneType)
did not match C++ signature:
    CanonicalRankAtoms(RDKit::ROMol mol, bool breakTies=True, bool includeChirality=True, bool includeIsotopes=True)
Failed to featurize datapoint 685, None. Appending empty array
Exception message: Python argument types in
    rdkit.Chem.rdmolfiles.CanonicalRankAtoms(NoneType)
did not match C++ signature:
    CanonicalRankAtoms(RDKit::ROMol mol, bool breakTies=True, bool includeChirality=True, bool includeIsotopes=True)

===== e2e_BBBP_f005_s0  budget=82 (n=82) ft_seeds=[0, 1, 2] epochs=20 =====
[ft_e2e] BBBP (classification) split=scaffold-holdout seeds=[0, 1, 2]
Failed to featurize datapoint 59, None. Appending empty array
Exception message: Python argument types in
    rdkit.Chem.rdmolfiles.CanonicalRankAtoms(NoneType)
did not match C++ signature:
    CanonicalRankAtoms(RDKit::ROMol mol, bool breakTies=True, bool includeChirality=True, bool includeIsotopes=True)
Failed to featurize datapoint 61, None. Appending empty array
Exception message: Python argument types in
    rdkit.Chem.rdmolfiles.CanonicalRankAtoms(NoneType)
did not match C++ signature:
    CanonicalRankAtoms(RDKit::ROMol mol, bool breakTies=True, bool includeChirality=True, bool includeIsotopes=True)
Failed to featurize datapoint 391, None. Appending empty array
Exception message: Python argument types in
    rdkit.Chem.rdmolfiles.CanonicalRankAtoms(NoneType)
did not match C++ signature:
    CanonicalRankAtoms(RDKit::ROMol mol, bool breakTies=True, bool includeChirality=True, bool includeIsotopes=True)
Failed to featurize datapoint 614, None. Appending empty array
Exception message: Python argument types in
    rdkit.Chem.rdmolfiles.CanonicalRankAtoms(NoneType)
did not match C++ signature:
    CanonicalRankAtoms(RDKit::ROMol mol, bool breakTies=True, bool includeChirality=True, bool includeIsotopes=True)
Failed to featurize datapoint 642, None. Appending empty array
Exception message: Python argument types in
    rdkit.Chem.rdmolfiles.CanonicalRankAtoms(NoneType)
did not match C++ signature:
    CanonicalRankAtoms(RDKit::ROMol mol, bool breakTies=True, bool includeChirality=True, bool includeIsotopes=True)
Failed to featurize datapoint 645, None. Appending empty array
Exception message: Python argument types in
    rdkit.Chem.rdmolfiles.CanonicalRankAtoms(NoneType)
did not match C++ signature:
    CanonicalRankAtoms(RDKit::ROMol mol, bool breakTies=True, bool includeChirality=True, bool includeIsotopes=True)
Failed to featurize datapoint 646, None. Appending empty array
Exception message: Python argument types in
    rdkit.Chem.rdmolfiles.CanonicalRankAtoms(NoneType)
did not match C++ signature:
    CanonicalRankAtoms(RDKit::ROMol mol, bool breakTies=True, bool includeChirality=True, bool includeIsotopes=True)
Failed to featurize datapoint 647, None. Appending empty array
Exception message: Python argument types in
    rdkit.Chem.rdmolfiles.CanonicalRankAtoms(NoneType)
did not match C++ signature:
    CanonicalRankAtoms(RDKit::ROMol mol, bool breakTies=True, bool includeChirality=True, bool includeIsotopes=True)
Failed to featurize datapoint 648, None. Appending empty array
Exception message: Python argument types in
    rdkit.Chem.rdmolfiles.CanonicalRankAtoms(NoneType)
did not match C++ signature:
    CanonicalRankAtoms(RDKit::ROMol mol, bool breakTies=True, bool includeChirality=True, bool includeIsotopes=True)
Failed to featurize datapoint 649, None. Appending empty array
Exception message: Python argument types in
    rdkit.Chem.rdmolfiles.CanonicalRankAtoms(NoneType)
did not match C++ signature:
    CanonicalRankAtoms(RDKit::ROMol mol, bool breakTies=True, bool includeChirality=True, bool includeIsotopes=True)
Failed to featurize datapoint 685, None. Appending empty array
Exception message: Python argument types in
    rdkit.Chem.rdmolfiles.CanonicalRankAtoms(NoneType)
did not match C++ signature:
    CanonicalRankAtoms(RDKit::ROMol mol, bool breakTies=True, bool includeChirality=True, bool includeIsotopes=True)
  seed0: roc_auc=0.4657 train=0.6494 (4s elapsed)
  seed1: roc_auc=0.4635 train=0.7391 (6s elapsed)
  seed2: roc_auc=0.4369 train=0.5842 (8s elapsed)
  BBBP: roc_auc = 0.4554 ± 0.0131 (n_train=82)
  BBBP: NEF1% = 0.3333 ± 0.0000
[ok] e2e_BBBP_f005_s0 in 0.1 min

===== e2e_BBBP_f005_s1  budget=82 (n=82) ft_seeds=[0, 1, 2] epochs=20 =====
[ft_e2e] BBBP (classification) split=scaffold-holdout seeds=[0, 1, 2]
Failed to featurize datapoint 59, None. Appending empty array
Exception message: Python argument types in
    rdkit.Chem.rdmolfiles.CanonicalRankAtoms(NoneType)
did not match C++ signature:
    CanonicalRankAtoms(RDKit::ROMol mol, bool breakTies=True, bool includeChirality=True, bool includeIsotopes=True)
Failed to featurize datapoint 61, None. Appending empty array
Exception message: Python argument types in
    rdkit.Chem.rdmolfiles.CanonicalRankAtoms(NoneType)
did not match C++ signature:
    CanonicalRankAtoms(RDKit::ROMol mol, bool breakTies=True, bool includeChirality=True, bool includeIsotopes=True)
Failed to featurize datapoint 391, None. Appending empty array
Exception message: Python argument types in
    rdkit.Chem.rdmolfiles.CanonicalRankAtoms(NoneType)
did not match C++ signature:
    CanonicalRankAtoms(RDKit::ROMol mol, bool breakTies=True, bool includeChirality=True, bool includeIsotopes=True)
Failed to featurize datapoint 614, None. Appending empty array
Exception message: Python argument types in
    rdkit.Chem.rdmolfiles.CanonicalRankAtoms(NoneType)
did not match C++ signature:
    CanonicalRankAtoms(RDKit::ROMol mol, bool breakTies=True, bool includeChirality=True, bool includeIsotopes=True)
Failed to featurize datapoint 642, None. Appending empty array
Exception message: Python argument types in
    rdkit.Chem.rdmolfiles.CanonicalRankAtoms(NoneType)
did not match C++ signature:
    CanonicalRankAtoms(RDKit::ROMol mol, bool breakTies=True, bool includeChirality=True, bool includeIsotopes=True)
Failed to featurize datapoint 645, None. Appending empty array
Exception message: Python argument types in
    rdkit.Chem.rdmolfiles.CanonicalRankAtoms(NoneType)
did not match C++ signature:
    CanonicalRankAtoms(RDKit::ROMol mol, bool breakTies=True, bool includeChirality=True, bool includeIsotopes=True)
Failed to featurize datapoint 646, None. Appending empty array
Exception message: Python argument types in
    rdkit.Chem.rdmolfiles.CanonicalRankAtoms(NoneType)
did not match C++ signature:
    CanonicalRankAtoms(RDKit::ROMol mol, bool breakTies=True, bool includeChirality=True, bool includeIsotopes=True)
Failed to featurize datapoint 647, None. Appending empty array
Exception message: Python argument types in
    rdkit.Chem.rdmolfiles.CanonicalRankAtoms(NoneType)
did not match C++ signature:
    CanonicalRankAtoms(RDKit::ROMol mol, bool breakTies=True, bool includeChirality=True, bool includeIsotopes=True)
Failed to featurize datapoint 648, None. Appending empty array
Exception message: Python argument types in
    rdkit.Chem.rdmolfiles.CanonicalRankAtoms(NoneType)
did not match C++ signature:
    CanonicalRankAtoms(RDKit::ROMol mol, bool breakTies=True, bool includeChirality=True, bool includeIsotopes=True)
Failed to featurize datapoint 649, None. Appending empty array
Exception message: Python argument types in
    rdkit.Chem.rdmolfiles.CanonicalRankAtoms(NoneType)
did not match C++ signature:
    CanonicalRankAtoms(RDKit::ROMol mol, bool breakTies=True, bool includeChirality=True, bool includeIsotopes=True)
Failed to featurize datapoint 685, None. Appending empty array
Exception message: Python argument types in
    rdkit.Chem.rdmolfiles.CanonicalRankAtoms(NoneType)
did not match C++ signature:
    CanonicalRankAtoms(RDKit::ROMol mol, bool breakTies=True, bool includeChirality=True, bool includeIsotopes=True)
  seed0: roc_auc=0.4455 train=0.6861 (3s elapsed)
  seed1: roc_auc=0.4559 train=0.7478 (5s elapsed)
  seed2: roc_auc=0.4173 train=0.6114 (7s elapsed)
  BBBP: roc_auc = 0.4396 ± 0.0163 (n_train=82)
  BBBP: NEF1% = 0.4444 ± 0.1571
[ok] e2e_BBBP_f005_s1 in 0.1 min

===== e2e_BBBP_f005_s2  budget=82 (n=82) ft_seeds=[0, 1, 2] epochs=20 =====
[ft_e2e] BBBP (classification) split=scaffold-holdout seeds=[0, 1, 2]
Failed to featurize datapoint 59, None. Appending empty array
Exception message: Python argument types in
    rdkit.Chem.rdmolfiles.CanonicalRankAtoms(NoneType)
did not match C++ signature:
    CanonicalRankAtoms(RDKit::ROMol mol, bool breakTies=True, bool includeChirality=True, bool includeIsotopes=True)
Failed to featurize datapoint 61, None. Appending empty array
Exception message: Python argument types in
    rdkit.Chem.rdmolfiles.CanonicalRankAtoms(NoneType)
did not match C++ signature:
    CanonicalRankAtoms(RDKit::ROMol mol, bool breakTies=True, bool includeChirality=True, bool includeIsotopes=True)
Failed to featurize datapoint 391, None. Appending empty array
Exception message: Python argument types in
    rdkit.Chem.rdmolfiles.CanonicalRankAtoms(NoneType)
did not match C++ signature:
    CanonicalRankAtoms(RDKit::ROMol mol, bool breakTies=True, bool includeChirality=True, bool includeIsotopes=True)
Failed to featurize datapoint 614, None. Appending empty array
Exception message: Python argument types in
    rdkit.Chem.rdmolfiles.CanonicalRankAtoms(NoneType)
did not match C++ signature:
    CanonicalRankAtoms(RDKit::ROMol mol, bool breakTies=True, bool includeChirality=True, bool includeIsotopes=True)
Failed to featurize datapoint 642, None. Appending empty array
Exception message: Python argument types in
    rdkit.Chem.rdmolfiles.CanonicalRankAtoms(NoneType)
did not match C++ signature:
    CanonicalRankAtoms(RDKit::ROMol mol, bool breakTies=True, bool includeChirality=True, bool includeIsotopes=True)
Failed to featurize datapoint 645, None. Appending empty array
Exception message: Python argument types in
    rdkit.Chem.rdmolfiles.CanonicalRankAtoms(NoneType)
did not match C++ signature:
    CanonicalRankAtoms(RDKit::ROMol mol, bool breakTies=True, bool includeChirality=True, bool includeIsotopes=True)
Failed to featurize datapoint 646, None. Appending empty array
Exception message: Python argument types in
    rdkit.Chem.rdmolfiles.CanonicalRankAtoms(NoneType)
did not match C++ signature:
    CanonicalRankAtoms(RDKit::ROMol mol, bool breakTies=True, bool includeChirality=True, bool includeIsotopes=True)
Failed to featurize datapoint 647, None. Appending empty array
Exception message: Python argument types in
    rdkit.Chem.rdmolfiles.CanonicalRankAtoms(NoneType)
did not match C++ signature:
    CanonicalRankAtoms(RDKit::ROMol mol, bool breakTies=True, bool includeChirality=True, bool includeIsotopes=True)
Failed to featurize datapoint 648, None. Appending empty array
Exception message: Python argument types in
    rdkit.Chem.rdmolfiles.CanonicalRankAtoms(NoneType)
did not match C++ signature:
    CanonicalRankAtoms(RDKit::ROMol mol, bool breakTies=True, bool includeChirality=True, bool includeIsotopes=True)
Failed to featurize datapoint 649, None. Appending empty array
Exception message: Python argument types in
    rdkit.Chem.rdmolfiles.CanonicalRankAtoms(NoneType)
did not match C++ signature:
    CanonicalRankAtoms(RDKit::ROMol mol, bool breakTies=True, bool includeChirality=True, bool includeIsotopes=True)
Failed to featurize datapoint 685, None. Appending empty array
Exception message: Python argument types in
    rdkit.Chem.rdmolfiles.CanonicalRankAtoms(NoneType)
did not match C++ signature:
    CanonicalRankAtoms(RDKit::ROMol mol, bool breakTies=True, bool includeChirality=True, bool includeIsotopes=True)
  seed0: roc_auc=0.4811 train=0.7191 (3s elapsed)
  seed1: roc_auc=0.4636 train=0.6901 (5s elapsed)
  seed2: roc_auc=0.4490 train=0.6282 (7s elapsed)
  BBBP: roc_auc = 0.4646 ± 0.0131 (n_train=82)
  BBBP: NEF1% = 0.4444 ± 0.1571
[ok] e2e_BBBP_f005_s2 in 0.1 min
Failed to featurize datapoint 59, None. Appending empty array
Exception message: Python argument types in
    rdkit.Chem.rdmolfiles.CanonicalRankAtoms(NoneType)
did not match C++ signature:
    CanonicalRankAtoms(RDKit::ROMol mol, bool breakTies=True, bool includeChirality=True, bool includeIsotopes=True)
Failed to featurize datapoint 61, None. Appending empty array
Exception message: Python argument types in
    rdkit.Chem.rdmolfiles.CanonicalRankAtoms(NoneType)
did not match C++ signature:
    CanonicalRankAtoms(RDKit::ROMol mol, bool breakTies=True, bool includeChirality=True, bool includeIsotopes=True)
Failed to featurize datapoint 391, None. Appending empty array
Exception message: Python argument types in
    rdkit.Chem.rdmolfiles.CanonicalRankAtoms(NoneType)
did not match C++ signature:
    CanonicalRankAtoms(RDKit::ROMol mol, bool breakTies=True, bool includeChirality=True, bool includeIsotopes=True)
Failed to featurize datapoint 614, None. Appending empty array
Exception message: Python argument types in
    rdkit.Chem.rdmolfiles.CanonicalRankAtoms(NoneType)
did not match C++ signature:
    CanonicalRankAtoms(RDKit::ROMol mol, bool breakTies=True, bool includeChirality=True, bool includeIsotopes=True)
Failed to featurize datapoint 642, None. Appending empty array
Exception message: Python argument types in
    rdkit.Chem.rdmolfiles.CanonicalRankAtoms(NoneType)
did not match C++ signature:
    CanonicalRankAtoms(RDKit::ROMol mol, bool breakTies=True, bool includeChirality=True, bool includeIsotopes=True)
Failed to featurize datapoint 645, None. Appending empty array
Exception message: Python argument types in
    rdkit.Chem.rdmolfiles.CanonicalRankAtoms(NoneType)
did not match C++ signature:
    CanonicalRankAtoms(RDKit::ROMol mol, bool breakTies=True, bool includeChirality=True, bool includeIsotopes=True)
Failed to featurize datapoint 646, None. Appending empty array
Exception message: Python argument types in
    rdkit.Chem.rdmolfiles.CanonicalRankAtoms(NoneType)
did not match C++ signature:
    CanonicalRankAtoms(RDKit::ROMol mol, bool breakTies=True, bool includeChirality=True, bool includeIsotopes=True)
Failed to featurize datapoint 647, None. Appending empty array
Exception message: Python argument types in
    rdkit.Chem.rdmolfiles.CanonicalRankAtoms(NoneType)
did not match C++ signature:
    CanonicalRankAtoms(RDKit::ROMol mol, bool breakTies=True, bool includeChirality=True, bool includeIsotopes=True)
Failed to featurize datapoint 648, None. Appending empty array
Exception message: Python argument types in
    rdkit.Chem.rdmolfiles.CanonicalRankAtoms(NoneType)
did not match C++ signature:
    CanonicalRankAtoms(RDKit::ROMol mol, bool breakTies=True, bool includeChirality=True, bool includeIsotopes=True)
Failed to featurize datapoint 649, None. Appending empty array
Exception message: Python argument types in
    rdkit.Chem.rdmolfiles.CanonicalRankAtoms(NoneType)
did not match C++ signature:
    CanonicalRankAtoms(RDKit::ROMol mol, bool breakTies=True, bool includeChirality=True, bool includeIsotopes=True)
Failed to featurize datapoint 685, None. Appending empty array
Exception message: Python argument types in
    rdkit.Chem.rdmolfiles.CanonicalRankAtoms(NoneType)
did not match C++ signature:
    CanonicalRankAtoms(RDKit::ROMol mol, bool breakTies=True, bool includeChirality=True, bool includeIsotopes=True)

===== e2e_BBBP_f010_s0  budget=163 (n=163) ft_seeds=[0, 1, 2] epochs=20 =====
[ft_e2e] BBBP (classification) split=scaffold-holdout seeds=[0, 1, 2]
Failed to featurize datapoint 59, None. Appending empty array
Exception message: Python argument types in
    rdkit.Chem.rdmolfiles.CanonicalRankAtoms(NoneType)
did not match C++ signature:
    CanonicalRankAtoms(RDKit::ROMol mol, bool breakTies=True, bool includeChirality=True, bool includeIsotopes=True)
Failed to featurize datapoint 61, None. Appending empty array
Exception message: Python argument types in
    rdkit.Chem.rdmolfiles.CanonicalRankAtoms(NoneType)
did not match C++ signature:
    CanonicalRankAtoms(RDKit::ROMol mol, bool breakTies=True, bool includeChirality=True, bool includeIsotopes=True)
Failed to featurize datapoint 391, None. Appending empty array
Exception message: Python argument types in
    rdkit.Chem.rdmolfiles.CanonicalRankAtoms(NoneType)
did not match C++ signature:
    CanonicalRankAtoms(RDKit::ROMol mol, bool breakTies=True, bool includeChirality=True, bool includeIsotopes=True)
Failed to featurize datapoint 614, None. Appending empty array
Exception message: Python argument types in
    rdkit.Chem.rdmolfiles.CanonicalRankAtoms(NoneType)
did not match C++ signature:
    CanonicalRankAtoms(RDKit::ROMol mol, bool breakTies=True, bool includeChirality=True, bool includeIsotopes=True)
Failed to featurize datapoint 642, None. Appending empty array
Exception message: Python argument types in
    rdkit.Chem.rdmolfiles.CanonicalRankAtoms(NoneType)
did not match C++ signature:
    CanonicalRankAtoms(RDKit::ROMol mol, bool breakTies=True, bool includeChirality=True, bool includeIsotopes=True)
Failed to featurize datapoint 645, None. Appending empty array
Exception message: Python argument types in
    rdkit.Chem.rdmolfiles.CanonicalRankAtoms(NoneType)
did not match C++ signature:
    CanonicalRankAtoms(RDKit::ROMol mol, bool breakTies=True, bool includeChirality=True, bool includeIsotopes=True)
Failed to featurize datapoint 646, None. Appending empty array
Exception message: Python argument types in
    rdkit.Chem.rdmolfiles.CanonicalRankAtoms(NoneType)
did not match C++ signature:
    CanonicalRankAtoms(RDKit::ROMol mol, bool breakTies=True, bool includeChirality=True, bool includeIsotopes=True)
Failed to featurize datapoint 647, None. Appending empty array
Exception message: Python argument types in
    rdkit.Chem.rdmolfiles.CanonicalRankAtoms(NoneType)
did not match C++ signature:
    CanonicalRankAtoms(RDKit::ROMol mol, bool breakTies=True, bool includeChirality=True, bool includeIsotopes=True)
Failed to featurize datapoint 648, None. Appending empty array
Exception message: Python argument types in
    rdkit.Chem.rdmolfiles.CanonicalRankAtoms(NoneType)
did not match C++ signature:
    CanonicalRankAtoms(RDKit::ROMol mol, bool breakTies=True, bool includeChirality=True, bool includeIsotopes=True)
Failed to featurize datapoint 649, None. Appending empty array
Exception message: Python argument types in
    rdkit.Chem.rdmolfiles.CanonicalRankAtoms(NoneType)
did not match C++ signature:
    CanonicalRankAtoms(RDKit::ROMol mol, bool breakTies=True, bool includeChirality=True, bool includeIsotopes=True)
Failed to featurize datapoint 685, None. Appending empty array
Exception message: Python argument types in
    rdkit.Chem.rdmolfiles.CanonicalRankAtoms(NoneType)
did not match C++ signature:
    CanonicalRankAtoms(RDKit::ROMol mol, bool breakTies=True, bool includeChirality=True, bool includeIsotopes=True)
  seed0: roc_auc=0.6809 train=0.9135 (10s elapsed)
  seed1: roc_auc=0.6810 train=0.9456 (20s elapsed)
  seed2: roc_auc=0.6817 train=0.9353 (29s elapsed)
  BBBP: roc_auc = 0.6812 ± 0.0003 (n_train=163)
  BBBP: NEF1% = 1.0000 ± 0.0000
[ok] e2e_BBBP_f010_s0 in 0.5 min

===== e2e_BBBP_f010_s1  budget=163 (n=163) ft_seeds=[0, 1, 2] epochs=20 =====
[ft_e2e] BBBP (classification) split=scaffold-holdout seeds=[0, 1, 2]
Failed to featurize datapoint 59, None. Appending empty array
Exception message: Python argument types in
    rdkit.Chem.rdmolfiles.CanonicalRankAtoms(NoneType)
did not match C++ signature:
    CanonicalRankAtoms(RDKit::ROMol mol, bool breakTies=True, bool includeChirality=True, bool includeIsotopes=True)
Failed to featurize datapoint 61, None. Appending empty array
Exception message: Python argument types in
    rdkit.Chem.rdmolfiles.CanonicalRankAtoms(NoneType)
did not match C++ signature:
    CanonicalRankAtoms(RDKit::ROMol mol, bool breakTies=True, bool includeChirality=True, bool includeIsotopes=True)
Failed to featurize datapoint 391, None. Appending empty array
Exception message: Python argument types in
    rdkit.Chem.rdmolfiles.CanonicalRankAtoms(NoneType)
did not match C++ signature:
    CanonicalRankAtoms(RDKit::ROMol mol, bool breakTies=True, bool includeChirality=True, bool includeIsotopes=True)
Failed to featurize datapoint 614, None. Appending empty array
Exception message: Python argument types in
    rdkit.Chem.rdmolfiles.CanonicalRankAtoms(NoneType)
did not match C++ signature:
    CanonicalRankAtoms(RDKit::ROMol mol, bool breakTies=True, bool includeChirality=True, bool includeIsotopes=True)
Failed to featurize datapoint 642, None. Appending empty array
Exception message: Python argument types in
    rdkit.Chem.rdmolfiles.CanonicalRankAtoms(NoneType)
did not match C++ signature:
    CanonicalRankAtoms(RDKit::ROMol mol, bool breakTies=True, bool includeChirality=True, bool includeIsotopes=True)
Failed to featurize datapoint 645, None. Appending empty array
Exception message: Python argument types in
    rdkit.Chem.rdmolfiles.CanonicalRankAtoms(NoneType)
did not match C++ signature:
    CanonicalRankAtoms(RDKit::ROMol mol, bool breakTies=True, bool includeChirality=True, bool includeIsotopes=True)
Failed to featurize datapoint 646, None. Appending empty array
Exception message: Python argument types in
    rdkit.Chem.rdmolfiles.CanonicalRankAtoms(NoneType)
did not match C++ signature:
    CanonicalRankAtoms(RDKit::ROMol mol, bool breakTies=True, bool includeChirality=True, bool includeIsotopes=True)
Failed to featurize datapoint 647, None. Appending empty array
Exception message: Python argument types in
    rdkit.Chem.rdmolfiles.CanonicalRankAtoms(NoneType)
did not match C++ signature:
    CanonicalRankAtoms(RDKit::ROMol mol, bool breakTies=True, bool includeChirality=True, bool includeIsotopes=True)
Failed to featurize datapoint 648, None. Appending empty array
Exception message: Python argument types in
    rdkit.Chem.rdmolfiles.CanonicalRankAtoms(NoneType)
did not match C++ signature:
    CanonicalRankAtoms(RDKit::ROMol mol, bool breakTies=True, bool includeChirality=True, bool includeIsotopes=True)
Failed to featurize datapoint 649, None. Appending empty array
Exception message: Python argument types in
    rdkit.Chem.rdmolfiles.CanonicalRankAtoms(NoneType)
did not match C++ signature:
    CanonicalRankAtoms(RDKit::ROMol mol, bool breakTies=True, bool includeChirality=True, bool includeIsotopes=True)
Failed to featurize datapoint 685, None. Appending empty array
Exception message: Python argument types in
    rdkit.Chem.rdmolfiles.CanonicalRankAtoms(NoneType)
did not match C++ signature:
    CanonicalRankAtoms(RDKit::ROMol mol, bool breakTies=True, bool includeChirality=True, bool includeIsotopes=True)
  seed0: roc_auc=0.6409 train=0.9401 (10s elapsed)
  seed1: roc_auc=0.6548 train=0.9350 (19s elapsed)
  seed2: roc_auc=0.6671 train=0.9177 (26s elapsed)
  BBBP: roc_auc = 0.6542 ± 0.0107 (n_train=163)
  BBBP: NEF1% = 0.7778 ± 0.1571
[ok] e2e_BBBP_f010_s1 in 0.4 min

===== e2e_BBBP_f010_s2  budget=163 (n=163) ft_seeds=[0, 1, 2] epochs=20 =====
[ft_e2e] BBBP (classification) split=scaffold-holdout seeds=[0, 1, 2]
Failed to featurize datapoint 59, None. Appending empty array
Exception message: Python argument types in
    rdkit.Chem.rdmolfiles.CanonicalRankAtoms(NoneType)
did not match C++ signature:
    CanonicalRankAtoms(RDKit::ROMol mol, bool breakTies=True, bool includeChirality=True, bool includeIsotopes=True)
Failed to featurize datapoint 61, None. Appending empty array
Exception message: Python argument types in
    rdkit.Chem.rdmolfiles.CanonicalRankAtoms(NoneType)
did not match C++ signature:
    CanonicalRankAtoms(RDKit::ROMol mol, bool breakTies=True, bool includeChirality=True, bool includeIsotopes=True)
Failed to featurize datapoint 391, None. Appending empty array
Exception message: Python argument types in
    rdkit.Chem.rdmolfiles.CanonicalRankAtoms(NoneType)
did not match C++ signature:
    CanonicalRankAtoms(RDKit::ROMol mol, bool breakTies=True, bool includeChirality=True, bool includeIsotopes=True)
Failed to featurize datapoint 614, None. Appending empty array
Exception message: Python argument types in
    rdkit.Chem.rdmolfiles.CanonicalRankAtoms(NoneType)
did not match C++ signature:
    CanonicalRankAtoms(RDKit::ROMol mol, bool breakTies=True, bool includeChirality=True, bool includeIsotopes=True)
Failed to featurize datapoint 642, None. Appending empty array
Exception message: Python argument types in
    rdkit.Chem.rdmolfiles.CanonicalRankAtoms(NoneType)
did not match C++ signature:
    CanonicalRankAtoms(RDKit::ROMol mol, bool breakTies=True, bool includeChirality=True, bool includeIsotopes=True)
Failed to featurize datapoint 645, None. Appending empty array
Exception message: Python argument types in
    rdkit.Chem.rdmolfiles.CanonicalRankAtoms(NoneType)
did not match C++ signature:
    CanonicalRankAtoms(RDKit::ROMol mol, bool breakTies=True, bool includeChirality=True, bool includeIsotopes=True)
Failed to featurize datapoint 646, None. Appending empty array
Exception message: Python argument types in
    rdkit.Chem.rdmolfiles.CanonicalRankAtoms(NoneType)
did not match C++ signature:
    CanonicalRankAtoms(RDKit::ROMol mol, bool breakTies=True, bool includeChirality=True, bool includeIsotopes=True)
Failed to featurize datapoint 647, None. Appending empty array
Exception message: Python argument types in
    rdkit.Chem.rdmolfiles.CanonicalRankAtoms(NoneType)
did not match C++ signature:
    CanonicalRankAtoms(RDKit::ROMol mol, bool breakTies=True, bool includeChirality=True, bool includeIsotopes=True)
Failed to featurize datapoint 648, None. Appending empty array
Exception message: Python argument types in
    rdkit.Chem.rdmolfiles.CanonicalRankAtoms(NoneType)
did not match C++ signature:
    CanonicalRankAtoms(RDKit::ROMol mol, bool breakTies=True, bool includeChirality=True, bool includeIsotopes=True)
Failed to featurize datapoint 649, None. Appending empty array
Exception message: Python argument types in
    rdkit.Chem.rdmolfiles.CanonicalRankAtoms(NoneType)
did not match C++ signature:
    CanonicalRankAtoms(RDKit::ROMol mol, bool breakTies=True, bool includeChirality=True, bool includeIsotopes=True)
Failed to featurize datapoint 685, None. Appending empty array
Exception message: Python argument types in
    rdkit.Chem.rdmolfiles.CanonicalRankAtoms(NoneType)
did not match C++ signature:
    CanonicalRankAtoms(RDKit::ROMol mol, bool breakTies=True, bool includeChirality=True, bool includeIsotopes=True)
  seed0: roc_auc=0.6944 train=0.9754 (10s elapsed)
  seed1: roc_auc=0.6925 train=0.9785 (20s elapsed)
  seed2: roc_auc=0.6925 train=0.9726 (29s elapsed)
  BBBP: roc_auc = 0.6931 ± 0.0009 (n_train=163)
  BBBP: NEF1% = 1.0000 ± 0.0000
[ok] e2e_BBBP_f010_s2 in 0.5 min
Failed to featurize datapoint 59, None. Appending empty array
Exception message: Python argument types in
    rdkit.Chem.rdmolfiles.CanonicalRankAtoms(NoneType)
did not match C++ signature:
    CanonicalRankAtoms(RDKit::ROMol mol, bool breakTies=True, bool includeChirality=True, bool includeIsotopes=True)
Failed to featurize datapoint 61, None. Appending empty array
Exception message: Python argument types in
    rdkit.Chem.rdmolfiles.CanonicalRankAtoms(NoneType)
did not match C++ signature:
    CanonicalRankAtoms(RDKit::ROMol mol, bool breakTies=True, bool includeChirality=True, bool includeIsotopes=True)
Failed to featurize datapoint 391, None. Appending empty array
Exception message: Python argument types in
    rdkit.Chem.rdmolfiles.CanonicalRankAtoms(NoneType)
did not match C++ signature:
    CanonicalRankAtoms(RDKit::ROMol mol, bool breakTies=True, bool includeChirality=True, bool includeIsotopes=True)
Failed to featurize datapoint 614, None. Appending empty array
Exception message: Python argument types in
    rdkit.Chem.rdmolfiles.CanonicalRankAtoms(NoneType)
did not match C++ signature:
    CanonicalRankAtoms(RDKit::ROMol mol, bool breakTies=True, bool includeChirality=True, bool includeIsotopes=True)
Failed to featurize datapoint 642, None. Appending empty array
Exception message: Python argument types in
    rdkit.Chem.rdmolfiles.CanonicalRankAtoms(NoneType)
did not match C++ signature:
    CanonicalRankAtoms(RDKit::ROMol mol, bool breakTies=True, bool includeChirality=True, bool includeIsotopes=True)
Failed to featurize datapoint 645, None. Appending empty array
Exception message: Python argument types in
    rdkit.Chem.rdmolfiles.CanonicalRankAtoms(NoneType)
did not match C++ signature:
    CanonicalRankAtoms(RDKit::ROMol mol, bool breakTies=True, bool includeChirality=True, bool includeIsotopes=True)
Failed to featurize datapoint 646, None. Appending empty array
Exception message: Python argument types in
    rdkit.Chem.rdmolfiles.CanonicalRankAtoms(NoneType)
did not match C++ signature:
    CanonicalRankAtoms(RDKit::ROMol mol, bool breakTies=True, bool includeChirality=True, bool includeIsotopes=True)
Failed to featurize datapoint 647, None. Appending empty array
Exception message: Python argument types in
    rdkit.Chem.rdmolfiles.CanonicalRankAtoms(NoneType)
did not match C++ signature:
    CanonicalRankAtoms(RDKit::ROMol mol, bool breakTies=True, bool includeChirality=True, bool includeIsotopes=True)
Failed to featurize datapoint 648, None. Appending empty array
Exception message: Python argument types in
    rdkit.Chem.rdmolfiles.CanonicalRankAtoms(NoneType)
did not match C++ signature:
    CanonicalRankAtoms(RDKit::ROMol mol, bool breakTies=True, bool includeChirality=True, bool includeIsotopes=True)
Failed to featurize datapoint 649, None. Appending empty array
Exception message: Python argument types in
    rdkit.Chem.rdmolfiles.CanonicalRankAtoms(NoneType)
did not match C++ signature:
    CanonicalRankAtoms(RDKit::ROMol mol, bool breakTies=True, bool includeChirality=True, bool includeIsotopes=True)
Failed to featurize datapoint 685, None. Appending empty array
Exception message: Python argument types in
    rdkit.Chem.rdmolfiles.CanonicalRankAtoms(NoneType)
did not match C++ signature:
    CanonicalRankAtoms(RDKit::ROMol mol, bool breakTies=True, bool includeChirality=True, bool includeIsotopes=True)

===== e2e_BBBP_f025_s0  budget=408 (n=408) ft_seeds=[0, 1, 2] epochs=20 =====
[ft_e2e] BBBP (classification) split=scaffold-holdout seeds=[0, 1, 2]
Failed to featurize datapoint 59, None. Appending empty array
Exception message: Python argument types in
    rdkit.Chem.rdmolfiles.CanonicalRankAtoms(NoneType)
did not match C++ signature:
    CanonicalRankAtoms(RDKit::ROMol mol, bool breakTies=True, bool includeChirality=True, bool includeIsotopes=True)
Failed to featurize datapoint 61, None. Appending empty array
Exception message: Python argument types in
    rdkit.Chem.rdmolfiles.CanonicalRankAtoms(NoneType)
did not match C++ signature:
    CanonicalRankAtoms(RDKit::ROMol mol, bool breakTies=True, bool includeChirality=True, bool includeIsotopes=True)
Failed to featurize datapoint 391, None. Appending empty array
Exception message: Python argument types in
    rdkit.Chem.rdmolfiles.CanonicalRankAtoms(NoneType)
did not match C++ signature:
    CanonicalRankAtoms(RDKit::ROMol mol, bool breakTies=True, bool includeChirality=True, bool includeIsotopes=True)
Failed to featurize datapoint 614, None. Appending empty array
Exception message: Python argument types in
    rdkit.Chem.rdmolfiles.CanonicalRankAtoms(NoneType)
did not match C++ signature:
    CanonicalRankAtoms(RDKit::ROMol mol, bool breakTies=True, bool includeChirality=True, bool includeIsotopes=True)
Failed to featurize datapoint 642, None. Appending empty array
Exception message: Python argument types in
    rdkit.Chem.rdmolfiles.CanonicalRankAtoms(NoneType)
did not match C++ signature:
    CanonicalRankAtoms(RDKit::ROMol mol, bool breakTies=True, bool includeChirality=True, bool includeIsotopes=True)
Failed to featurize datapoint 645, None. Appending empty array
Exception message: Python argument types in
    rdkit.Chem.rdmolfiles.CanonicalRankAtoms(NoneType)
did not match C++ signature:
    CanonicalRankAtoms(RDKit::ROMol mol, bool breakTies=True, bool includeChirality=True, bool includeIsotopes=True)
Failed to featurize datapoint 646, None. Appending empty array
Exception message: Python argument types in
    rdkit.Chem.rdmolfiles.CanonicalRankAtoms(NoneType)
did not match C++ signature:
    CanonicalRankAtoms(RDKit::ROMol mol, bool breakTies=True, bool includeChirality=True, bool includeIsotopes=True)
Failed to featurize datapoint 647, None. Appending empty array
Exception message: Python argument types in
    rdkit.Chem.rdmolfiles.CanonicalRankAtoms(NoneType)
did not match C++ signature:
    CanonicalRankAtoms(RDKit::ROMol mol, bool breakTies=True, bool includeChirality=True, bool includeIsotopes=True)
Failed to featurize datapoint 648, None. Appending empty array
Exception message: Python argument types in
    rdkit.Chem.rdmolfiles.CanonicalRankAtoms(NoneType)
did not match C++ signature:
    CanonicalRankAtoms(RDKit::ROMol mol, bool breakTies=True, bool includeChirality=True, bool includeIsotopes=True)
Failed to featurize datapoint 649, None. Appending empty array
Exception message: Python argument types in
    rdkit.Chem.rdmolfiles.CanonicalRankAtoms(NoneType)
did not match C++ signature:
    CanonicalRankAtoms(RDKit::ROMol mol, bool breakTies=True, bool includeChirality=True, bool includeIsotopes=True)
Failed to featurize datapoint 685, None. Appending empty array
Exception message: Python argument types in
    rdkit.Chem.rdmolfiles.CanonicalRankAtoms(NoneType)
did not match C++ signature:
    CanonicalRankAtoms(RDKit::ROMol mol, bool breakTies=True, bool includeChirality=True, bool includeIsotopes=True)
  seed0: roc_auc=0.6627 train=0.9778 (16s elapsed)
  seed1: roc_auc=0.6768 train=0.9588 (29s elapsed)
  seed2: roc_auc=0.6620 train=0.9753 (44s elapsed)
  BBBP: roc_auc = 0.6672 ± 0.0069 (n_train=408)
  BBBP: NEF1% = 1.0000 ± 0.0000
[ok] e2e_BBBP_f025_s0 in 0.7 min

===== e2e_BBBP_f025_s1  budget=408 (n=408) ft_seeds=[0, 1, 2] epochs=20 =====
[ft_e2e] BBBP (classification) split=scaffold-holdout seeds=[0, 1, 2]
Failed to featurize datapoint 59, None. Appending empty array
Exception message: Python argument types in
    rdkit.Chem.rdmolfiles.CanonicalRankAtoms(NoneType)
did not match C++ signature:
    CanonicalRankAtoms(RDKit::ROMol mol, bool breakTies=True, bool includeChirality=True, bool includeIsotopes=True)
Failed to featurize datapoint 61, None. Appending empty array
Exception message: Python argument types in
    rdkit.Chem.rdmolfiles.CanonicalRankAtoms(NoneType)
did not match C++ signature:
    CanonicalRankAtoms(RDKit::ROMol mol, bool breakTies=True, bool includeChirality=True, bool includeIsotopes=True)
Failed to featurize datapoint 391, None. Appending empty array
Exception message: Python argument types in
    rdkit.Chem.rdmolfiles.CanonicalRankAtoms(NoneType)
did not match C++ signature:
    CanonicalRankAtoms(RDKit::ROMol mol, bool breakTies=True, bool includeChirality=True, bool includeIsotopes=True)
Failed to featurize datapoint 614, None. Appending empty array
Exception message: Python argument types in
    rdkit.Chem.rdmolfiles.CanonicalRankAtoms(NoneType)
did not match C++ signature:
    CanonicalRankAtoms(RDKit::ROMol mol, bool breakTies=True, bool includeChirality=True, bool includeIsotopes=True)
Failed to featurize datapoint 642, None. Appending empty array
Exception message: Python argument types in
    rdkit.Chem.rdmolfiles.CanonicalRankAtoms(NoneType)
did not match C++ signature:
    CanonicalRankAtoms(RDKit::ROMol mol, bool breakTies=True, bool includeChirality=True, bool includeIsotopes=True)
Failed to featurize datapoint 645, None. Appending empty array
Exception message: Python argument types in
    rdkit.Chem.rdmolfiles.CanonicalRankAtoms(NoneType)
did not match C++ signature:
    CanonicalRankAtoms(RDKit::ROMol mol, bool breakTies=True, bool includeChirality=True, bool includeIsotopes=True)
Failed to featurize datapoint 646, None. Appending empty array
Exception message: Python argument types in
    rdkit.Chem.rdmolfiles.CanonicalRankAtoms(NoneType)
did not match C++ signature:
    CanonicalRankAtoms(RDKit::ROMol mol, bool breakTies=True, bool includeChirality=True, bool includeIsotopes=True)
Failed to featurize datapoint 647, None. Appending empty array
Exception message: Python argument types in
    rdkit.Chem.rdmolfiles.CanonicalRankAtoms(NoneType)
did not match C++ signature:
    CanonicalRankAtoms(RDKit::ROMol mol, bool breakTies=True, bool includeChirality=True, bool includeIsotopes=True)
Failed to featurize datapoint 648, None. Appending empty array
Exception message: Python argument types in
    rdkit.Chem.rdmolfiles.CanonicalRankAtoms(NoneType)
did not match C++ signature:
    CanonicalRankAtoms(RDKit::ROMol mol, bool breakTies=True, bool includeChirality=True, bool includeIsotopes=True)
Failed to featurize datapoint 649, None. Appending empty array
Exception message: Python argument types in
    rdkit.Chem.rdmolfiles.CanonicalRankAtoms(NoneType)
did not match C++ signature:
    CanonicalRankAtoms(RDKit::ROMol mol, bool breakTies=True, bool includeChirality=True, bool includeIsotopes=True)
Failed to featurize datapoint 685, None. Appending empty array
Exception message: Python argument types in
    rdkit.Chem.rdmolfiles.CanonicalRankAtoms(NoneType)
did not match C++ signature:
    CanonicalRankAtoms(RDKit::ROMol mol, bool breakTies=True, bool includeChirality=True, bool includeIsotopes=True)
  seed0: roc_auc=0.6936 train=0.9831 (17s elapsed)
  seed1: roc_auc=0.6926 train=0.9742 (32s elapsed)
  seed2: roc_auc=0.6992 train=0.9833 (48s elapsed)
  BBBP: roc_auc = 0.6951 ± 0.0029 (n_train=408)
  BBBP: NEF1% = 0.8889 ± 0.1571
[ok] e2e_BBBP_f025_s1 in 0.8 min

===== e2e_BBBP_f025_s2  budget=408 (n=408) ft_seeds=[0, 1, 2] epochs=20 =====
[ft_e2e] BBBP (classification) split=scaffold-holdout seeds=[0, 1, 2]
Failed to featurize datapoint 59, None. Appending empty array
Exception message: Python argument types in
    rdkit.Chem.rdmolfiles.CanonicalRankAtoms(NoneType)
did not match C++ signature:
    CanonicalRankAtoms(RDKit::ROMol mol, bool breakTies=True, bool includeChirality=True, bool includeIsotopes=True)
Failed to featurize datapoint 61, None. Appending empty array
Exception message: Python argument types in
    rdkit.Chem.rdmolfiles.CanonicalRankAtoms(NoneType)
did not match C++ signature:
    CanonicalRankAtoms(RDKit::ROMol mol, bool breakTies=True, bool includeChirality=True, bool includeIsotopes=True)
Failed to featurize datapoint 391, None. Appending empty array
Exception message: Python argument types in
    rdkit.Chem.rdmolfiles.CanonicalRankAtoms(NoneType)
did not match C++ signature:
    CanonicalRankAtoms(RDKit::ROMol mol, bool breakTies=True, bool includeChirality=True, bool includeIsotopes=True)
Failed to featurize datapoint 614, None. Appending empty array
Exception message: Python argument types in
    rdkit.Chem.rdmolfiles.CanonicalRankAtoms(NoneType)
did not match C++ signature:
    CanonicalRankAtoms(RDKit::ROMol mol, bool breakTies=True, bool includeChirality=True, bool includeIsotopes=True)
Failed to featurize datapoint 642, None. Appending empty array
Exception message: Python argument types in
    rdkit.Chem.rdmolfiles.CanonicalRankAtoms(NoneType)
did not match C++ signature:
    CanonicalRankAtoms(RDKit::ROMol mol, bool breakTies=True, bool includeChirality=True, bool includeIsotopes=True)
Failed to featurize datapoint 645, None. Appending empty array
Exception message: Python argument types in
    rdkit.Chem.rdmolfiles.CanonicalRankAtoms(NoneType)
did not match C++ signature:
    CanonicalRankAtoms(RDKit::ROMol mol, bool breakTies=True, bool includeChirality=True, bool includeIsotopes=True)
Failed to featurize datapoint 646, None. Appending empty array
Exception message: Python argument types in
    rdkit.Chem.rdmolfiles.CanonicalRankAtoms(NoneType)
did not match C++ signature:
    CanonicalRankAtoms(RDKit::ROMol mol, bool breakTies=True, bool includeChirality=True, bool includeIsotopes=True)
Failed to featurize datapoint 647, None. Appending empty array
Exception message: Python argument types in
    rdkit.Chem.rdmolfiles.CanonicalRankAtoms(NoneType)
did not match C++ signature:
    CanonicalRankAtoms(RDKit::ROMol mol, bool breakTies=True, bool includeChirality=True, bool includeIsotopes=True)
Failed to featurize datapoint 648, None. Appending empty array
Exception message: Python argument types in
    rdkit.Chem.rdmolfiles.CanonicalRankAtoms(NoneType)
did not match C++ signature:
    CanonicalRankAtoms(RDKit::ROMol mol, bool breakTies=True, bool includeChirality=True, bool includeIsotopes=True)
Failed to featurize datapoint 649, None. Appending empty array
Exception message: Python argument types in
    rdkit.Chem.rdmolfiles.CanonicalRankAtoms(NoneType)
did not match C++ signature:
    CanonicalRankAtoms(RDKit::ROMol mol, bool breakTies=True, bool includeChirality=True, bool includeIsotopes=True)
Failed to featurize datapoint 685, None. Appending empty array
Exception message: Python argument types in
    rdkit.Chem.rdmolfiles.CanonicalRankAtoms(NoneType)
did not match C++ signature:
    CanonicalRankAtoms(RDKit::ROMol mol, bool breakTies=True, bool includeChirality=True, bool includeIsotopes=True)
  seed0: roc_auc=0.6928 train=0.9709 (17s elapsed)
  seed1: roc_auc=0.6944 train=0.9734 (33s elapsed)
  seed2: roc_auc=0.6986 train=0.9722 (49s elapsed)
  BBBP: roc_auc = 0.6953 ± 0.0024 (n_train=408)
  BBBP: NEF1% = 1.0000 ± 0.0000
[ok] e2e_BBBP_f025_s2 in 0.8 min
Failed to featurize datapoint 59, None. Appending empty array
Exception message: Python argument types in
    rdkit.Chem.rdmolfiles.CanonicalRankAtoms(NoneType)
did not match C++ signature:
    CanonicalRankAtoms(RDKit::ROMol mol, bool breakTies=True, bool includeChirality=True, bool includeIsotopes=True)
Failed to featurize datapoint 61, None. Appending empty array
Exception message: Python argument types in
    rdkit.Chem.rdmolfiles.CanonicalRankAtoms(NoneType)
did not match C++ signature:
    CanonicalRankAtoms(RDKit::ROMol mol, bool breakTies=True, bool includeChirality=True, bool includeIsotopes=True)
Failed to featurize datapoint 391, None. Appending empty array
Exception message: Python argument types in
    rdkit.Chem.rdmolfiles.CanonicalRankAtoms(NoneType)
did not match C++ signature:
    CanonicalRankAtoms(RDKit::ROMol mol, bool breakTies=True, bool includeChirality=True, bool includeIsotopes=True)
Failed to featurize datapoint 614, None. Appending empty array
Exception message: Python argument types in
    rdkit.Chem.rdmolfiles.CanonicalRankAtoms(NoneType)
did not match C++ signature:
    CanonicalRankAtoms(RDKit::ROMol mol, bool breakTies=True, bool includeChirality=True, bool includeIsotopes=True)
Failed to featurize datapoint 642, None. Appending empty array
Exception message: Python argument types in
    rdkit.Chem.rdmolfiles.CanonicalRankAtoms(NoneType)
did not match C++ signature:
    CanonicalRankAtoms(RDKit::ROMol mol, bool breakTies=True, bool includeChirality=True, bool includeIsotopes=True)
Failed to featurize datapoint 645, None. Appending empty array
Exception message: Python argument types in
    rdkit.Chem.rdmolfiles.CanonicalRankAtoms(NoneType)
did not match C++ signature:
    CanonicalRankAtoms(RDKit::ROMol mol, bool breakTies=True, bool includeChirality=True, bool includeIsotopes=True)
Failed to featurize datapoint 646, None. Appending empty array
Exception message: Python argument types in
    rdkit.Chem.rdmolfiles.CanonicalRankAtoms(NoneType)
did not match C++ signature:
    CanonicalRankAtoms(RDKit::ROMol mol, bool breakTies=True, bool includeChirality=True, bool includeIsotopes=True)
Failed to featurize datapoint 647, None. Appending empty array
Exception message: Python argument types in
    rdkit.Chem.rdmolfiles.CanonicalRankAtoms(NoneType)
did not match C++ signature:
    CanonicalRankAtoms(RDKit::ROMol mol, bool breakTies=True, bool includeChirality=True, bool includeIsotopes=True)
Failed to featurize datapoint 648, None. Appending empty array
Exception message: Python argument types in
    rdkit.Chem.rdmolfiles.CanonicalRankAtoms(NoneType)
did not match C++ signature:
    CanonicalRankAtoms(RDKit::ROMol mol, bool breakTies=True, bool includeChirality=True, bool includeIsotopes=True)
Failed to featurize datapoint 649, None. Appending empty array
Exception message: Python argument types in
    rdkit.Chem.rdmolfiles.CanonicalRankAtoms(NoneType)
did not match C++ signature:
    CanonicalRankAtoms(RDKit::ROMol mol, bool breakTies=True, bool includeChirality=True, bool includeIsotopes=True)
Failed to featurize datapoint 685, None. Appending empty array
Exception message: Python argument types in
    rdkit.Chem.rdmolfiles.CanonicalRankAtoms(NoneType)
did not match C++ signature:
    CanonicalRankAtoms(RDKit::ROMol mol, bool breakTies=True, bool includeChirality=True, bool includeIsotopes=True)

===== e2e_BBBP_f050_s0  budget=816 (n=816) ft_seeds=[0, 1, 2] epochs=20 =====
[ft_e2e] BBBP (classification) split=scaffold-holdout seeds=[0, 1, 2]
Failed to featurize datapoint 59, None. Appending empty array
Exception message: Python argument types in
    rdkit.Chem.rdmolfiles.CanonicalRankAtoms(NoneType)
did not match C++ signature:
    CanonicalRankAtoms(RDKit::ROMol mol, bool breakTies=True, bool includeChirality=True, bool includeIsotopes=True)
Failed to featurize datapoint 61, None. Appending empty array
Exception message: Python argument types in
    rdkit.Chem.rdmolfiles.CanonicalRankAtoms(NoneType)
did not match C++ signature:
    CanonicalRankAtoms(RDKit::ROMol mol, bool breakTies=True, bool includeChirality=True, bool includeIsotopes=True)
Failed to featurize datapoint 391, None. Appending empty array
Exception message: Python argument types in
    rdkit.Chem.rdmolfiles.CanonicalRankAtoms(NoneType)
did not match C++ signature:
    CanonicalRankAtoms(RDKit::ROMol mol, bool breakTies=True, bool includeChirality=True, bool includeIsotopes=True)
Failed to featurize datapoint 614, None. Appending empty array
Exception message: Python argument types in
    rdkit.Chem.rdmolfiles.CanonicalRankAtoms(NoneType)
did not match C++ signature:
    CanonicalRankAtoms(RDKit::ROMol mol, bool breakTies=True, bool includeChirality=True, bool includeIsotopes=True)
Failed to featurize datapoint 642, None. Appending empty array
Exception message: Python argument types in
    rdkit.Chem.rdmolfiles.CanonicalRankAtoms(NoneType)
did not match C++ signature:
    CanonicalRankAtoms(RDKit::ROMol mol, bool breakTies=True, bool includeChirality=True, bool includeIsotopes=True)
Failed to featurize datapoint 645, None. Appending empty array
Exception message: Python argument types in
    rdkit.Chem.rdmolfiles.CanonicalRankAtoms(NoneType)
did not match C++ signature:
    CanonicalRankAtoms(RDKit::ROMol mol, bool breakTies=True, bool includeChirality=True, bool includeIsotopes=True)
Failed to featurize datapoint 646, None. Appending empty array
Exception message: Python argument types in
    rdkit.Chem.rdmolfiles.CanonicalRankAtoms(NoneType)
did not match C++ signature:
    CanonicalRankAtoms(RDKit::ROMol mol, bool breakTies=True, bool includeChirality=True, bool includeIsotopes=True)
Failed to featurize datapoint 647, None. Appending empty array
Exception message: Python argument types in
    rdkit.Chem.rdmolfiles.CanonicalRankAtoms(NoneType)
did not match C++ signature:
    CanonicalRankAtoms(RDKit::ROMol mol, bool breakTies=True, bool includeChirality=True, bool includeIsotopes=True)
Failed to featurize datapoint 648, None. Appending empty array
Exception message: Python argument types in
    rdkit.Chem.rdmolfiles.CanonicalRankAtoms(NoneType)
did not match C++ signature:
    CanonicalRankAtoms(RDKit::ROMol mol, bool breakTies=True, bool includeChirality=True, bool includeIsotopes=True)
Failed to featurize datapoint 649, None. Appending empty array
Exception message: Python argument types in
    rdkit.Chem.rdmolfiles.CanonicalRankAtoms(NoneType)
did not match C++ signature:
    CanonicalRankAtoms(RDKit::ROMol mol, bool breakTies=True, bool includeChirality=True, bool includeIsotopes=True)
Failed to featurize datapoint 685, None. Appending empty array
Exception message: Python argument types in
    rdkit.Chem.rdmolfiles.CanonicalRankAtoms(NoneType)
did not match C++ signature:
    CanonicalRankAtoms(RDKit::ROMol mol, bool breakTies=True, bool includeChirality=True, bool includeIsotopes=True)
  seed0: roc_auc=0.7039 train=0.9535 (22s elapsed)
  seed1: roc_auc=0.7076 train=0.9604 (44s elapsed)
  seed2: roc_auc=0.6988 train=0.9666 (69s elapsed)
  BBBP: roc_auc = 0.7034 ± 0.0036 (n_train=816)
  BBBP: NEF1% = 1.0000 ± 0.0000
[ok] e2e_BBBP_f050_s0 in 1.2 min

===== e2e_BBBP_f050_s1  budget=816 (n=816) ft_seeds=[0, 1, 2] epochs=20 =====
[ft_e2e] BBBP (classification) split=scaffold-holdout seeds=[0, 1, 2]
Failed to featurize datapoint 59, None. Appending empty array
Exception message: Python argument types in
    rdkit.Chem.rdmolfiles.CanonicalRankAtoms(NoneType)
did not match C++ signature:
    CanonicalRankAtoms(RDKit::ROMol mol, bool breakTies=True, bool includeChirality=True, bool includeIsotopes=True)
Failed to featurize datapoint 61, None. Appending empty array
Exception message: Python argument types in
    rdkit.Chem.rdmolfiles.CanonicalRankAtoms(NoneType)
did not match C++ signature:
    CanonicalRankAtoms(RDKit::ROMol mol, bool breakTies=True, bool includeChirality=True, bool includeIsotopes=True)
Failed to featurize datapoint 391, None. Appending empty array
Exception message: Python argument types in
    rdkit.Chem.rdmolfiles.CanonicalRankAtoms(NoneType)
did not match C++ signature:
    CanonicalRankAtoms(RDKit::ROMol mol, bool breakTies=True, bool includeChirality=True, bool includeIsotopes=True)
Failed to featurize datapoint 614, None. Appending empty array
Exception message: Python argument types in
    rdkit.Chem.rdmolfiles.CanonicalRankAtoms(NoneType)
did not match C++ signature:
    CanonicalRankAtoms(RDKit::ROMol mol, bool breakTies=True, bool includeChirality=True, bool includeIsotopes=True)
Failed to featurize datapoint 642, None. Appending empty array
Exception message: Python argument types in
    rdkit.Chem.rdmolfiles.CanonicalRankAtoms(NoneType)
did not match C++ signature:
    CanonicalRankAtoms(RDKit::ROMol mol, bool breakTies=True, bool includeChirality=True, bool includeIsotopes=True)
Failed to featurize datapoint 645, None. Appending empty array
Exception message: Python argument types in
    rdkit.Chem.rdmolfiles.CanonicalRankAtoms(NoneType)
did not match C++ signature:
    CanonicalRankAtoms(RDKit::ROMol mol, bool breakTies=True, bool includeChirality=True, bool includeIsotopes=True)
Failed to featurize datapoint 646, None. Appending empty array
Exception message: Python argument types in
    rdkit.Chem.rdmolfiles.CanonicalRankAtoms(NoneType)
did not match C++ signature:
    CanonicalRankAtoms(RDKit::ROMol mol, bool breakTies=True, bool includeChirality=True, bool includeIsotopes=True)
Failed to featurize datapoint 647, None. Appending empty array
Exception message: Python argument types in
    rdkit.Chem.rdmolfiles.CanonicalRankAtoms(NoneType)
did not match C++ signature:
    CanonicalRankAtoms(RDKit::ROMol mol, bool breakTies=True, bool includeChirality=True, bool includeIsotopes=True)
Failed to featurize datapoint 648, None. Appending empty array
Exception message: Python argument types in
    rdkit.Chem.rdmolfiles.CanonicalRankAtoms(NoneType)
did not match C++ signature:
    CanonicalRankAtoms(RDKit::ROMol mol, bool breakTies=True, bool includeChirality=True, bool includeIsotopes=True)
Failed to featurize datapoint 649, None. Appending empty array
Exception message: Python argument types in
    rdkit.Chem.rdmolfiles.CanonicalRankAtoms(NoneType)
did not match C++ signature:
    CanonicalRankAtoms(RDKit::ROMol mol, bool breakTies=True, bool includeChirality=True, bool includeIsotopes=True)
Failed to featurize datapoint 685, None. Appending empty array
Exception message: Python argument types in
    rdkit.Chem.rdmolfiles.CanonicalRankAtoms(NoneType)
did not match C++ signature:
    CanonicalRankAtoms(RDKit::ROMol mol, bool breakTies=True, bool includeChirality=True, bool includeIsotopes=True)
  seed0: roc_auc=0.6819 train=0.9698 (24s elapsed)
  seed1: roc_auc=0.6805 train=0.9373 (38s elapsed)
  seed2: roc_auc=0.6980 train=0.9723 (60s elapsed)
  BBBP: roc_auc = 0.6868 ± 0.0079 (n_train=816)
  BBBP: NEF1% = 1.0000 ± 0.0000
[ok] e2e_BBBP_f050_s1 in 1.0 min

===== e2e_BBBP_f050_s2  budget=816 (n=816) ft_seeds=[0, 1, 2] epochs=20 =====
[ft_e2e] BBBP (classification) split=scaffold-holdout seeds=[0, 1, 2]
Failed to featurize datapoint 59, None. Appending empty array
Exception message: Python argument types in
    rdkit.Chem.rdmolfiles.CanonicalRankAtoms(NoneType)
did not match C++ signature:
    CanonicalRankAtoms(RDKit::ROMol mol, bool breakTies=True, bool includeChirality=True, bool includeIsotopes=True)
Failed to featurize datapoint 61, None. Appending empty array
Exception message: Python argument types in
    rdkit.Chem.rdmolfiles.CanonicalRankAtoms(NoneType)
did not match C++ signature:
    CanonicalRankAtoms(RDKit::ROMol mol, bool breakTies=True, bool includeChirality=True, bool includeIsotopes=True)
Failed to featurize datapoint 391, None. Appending empty array
Exception message: Python argument types in
    rdkit.Chem.rdmolfiles.CanonicalRankAtoms(NoneType)
did not match C++ signature:
    CanonicalRankAtoms(RDKit::ROMol mol, bool breakTies=True, bool includeChirality=True, bool includeIsotopes=True)
Failed to featurize datapoint 614, None. Appending empty array
Exception message: Python argument types in
    rdkit.Chem.rdmolfiles.CanonicalRankAtoms(NoneType)
did not match C++ signature:
    CanonicalRankAtoms(RDKit::ROMol mol, bool breakTies=True, bool includeChirality=True, bool includeIsotopes=True)
Failed to featurize datapoint 642, None. Appending empty array
Exception message: Python argument types in
    rdkit.Chem.rdmolfiles.CanonicalRankAtoms(NoneType)
did not match C++ signature:
    CanonicalRankAtoms(RDKit::ROMol mol, bool breakTies=True, bool includeChirality=True, bool includeIsotopes=True)
Failed to featurize datapoint 645, None. Appending empty array
Exception message: Python argument types in
    rdkit.Chem.rdmolfiles.CanonicalRankAtoms(NoneType)
did not match C++ signature:
    CanonicalRankAtoms(RDKit::ROMol mol, bool breakTies=True, bool includeChirality=True, bool includeIsotopes=True)
Failed to featurize datapoint 646, None. Appending empty array
Exception message: Python argument types in
    rdkit.Chem.rdmolfiles.CanonicalRankAtoms(NoneType)
did not match C++ signature:
    CanonicalRankAtoms(RDKit::ROMol mol, bool breakTies=True, bool includeChirality=True, bool includeIsotopes=True)
Failed to featurize datapoint 647, None. Appending empty array
Exception message: Python argument types in
    rdkit.Chem.rdmolfiles.CanonicalRankAtoms(NoneType)
did not match C++ signature:
    CanonicalRankAtoms(RDKit::ROMol mol, bool breakTies=True, bool includeChirality=True, bool includeIsotopes=True)
Failed to featurize datapoint 648, None. Appending empty array
Exception message: Python argument types in
    rdkit.Chem.rdmolfiles.CanonicalRankAtoms(NoneType)
did not match C++ signature:
    CanonicalRankAtoms(RDKit::ROMol mol, bool breakTies=True, bool includeChirality=True, bool includeIsotopes=True)
Failed to featurize datapoint 649, None. Appending empty array
Exception message: Python argument types in
    rdkit.Chem.rdmolfiles.CanonicalRankAtoms(NoneType)
did not match C++ signature:
    CanonicalRankAtoms(RDKit::ROMol mol, bool breakTies=True, bool includeChirality=True, bool includeIsotopes=True)
Failed to featurize datapoint 685, None. Appending empty array
Exception message: Python argument types in
    rdkit.Chem.rdmolfiles.CanonicalRankAtoms(NoneType)
did not match C++ signature:
    CanonicalRankAtoms(RDKit::ROMol mol, bool breakTies=True, bool includeChirality=True, bool includeIsotopes=True)
  seed0: roc_auc=0.6749 train=0.9733 (22s elapsed)
  seed1: roc_auc=0.6796 train=0.9718 (43s elapsed)
  seed2: roc_auc=0.6782 train=0.9792 (67s elapsed)
  BBBP: roc_auc = 0.6776 ± 0.0020 (n_train=816)
  BBBP: NEF1% = 1.0000 ± 0.0000
[ok] e2e_BBBP_f050_s2 in 1.1 min
Failed to featurize datapoint 59, None. Appending empty array
Exception message: Python argument types in
    rdkit.Chem.rdmolfiles.CanonicalRankAtoms(NoneType)
did not match C++ signature:
    CanonicalRankAtoms(RDKit::ROMol mol, bool breakTies=True, bool includeChirality=True, bool includeIsotopes=True)
Failed to featurize datapoint 61, None. Appending empty array
Exception message: Python argument types in
    rdkit.Chem.rdmolfiles.CanonicalRankAtoms(NoneType)
did not match C++ signature:
    CanonicalRankAtoms(RDKit::ROMol mol, bool breakTies=True, bool includeChirality=True, bool includeIsotopes=True)
Failed to featurize datapoint 391, None. Appending empty array
Exception message: Python argument types in
    rdkit.Chem.rdmolfiles.CanonicalRankAtoms(NoneType)
did not match C++ signature:
    CanonicalRankAtoms(RDKit::ROMol mol, bool breakTies=True, bool includeChirality=True, bool includeIsotopes=True)
Failed to featurize datapoint 614, None. Appending empty array
Exception message: Python argument types in
    rdkit.Chem.rdmolfiles.CanonicalRankAtoms(NoneType)
did not match C++ signature:
    CanonicalRankAtoms(RDKit::ROMol mol, bool breakTies=True, bool includeChirality=True, bool includeIsotopes=True)
Failed to featurize datapoint 642, None. Appending empty array
Exception message: Python argument types in
    rdkit.Chem.rdmolfiles.CanonicalRankAtoms(NoneType)
did not match C++ signature:
    CanonicalRankAtoms(RDKit::ROMol mol, bool breakTies=True, bool includeChirality=True, bool includeIsotopes=True)
Failed to featurize datapoint 645, None. Appending empty array
Exception message: Python argument types in
    rdkit.Chem.rdmolfiles.CanonicalRankAtoms(NoneType)
did not match C++ signature:
    CanonicalRankAtoms(RDKit::ROMol mol, bool breakTies=True, bool includeChirality=True, bool includeIsotopes=True)
Failed to featurize datapoint 646, None. Appending empty array
Exception message: Python argument types in
    rdkit.Chem.rdmolfiles.CanonicalRankAtoms(NoneType)
did not match C++ signature:
    CanonicalRankAtoms(RDKit::ROMol mol, bool breakTies=True, bool includeChirality=True, bool includeIsotopes=True)
Failed to featurize datapoint 647, None. Appending empty array
Exception message: Python argument types in
    rdkit.Chem.rdmolfiles.CanonicalRankAtoms(NoneType)
did not match C++ signature:
    CanonicalRankAtoms(RDKit::ROMol mol, bool breakTies=True, bool includeChirality=True, bool includeIsotopes=True)
Failed to featurize datapoint 648, None. Appending empty array
Exception message: Python argument types in
    rdkit.Chem.rdmolfiles.CanonicalRankAtoms(NoneType)
did not match C++ signature:
    CanonicalRankAtoms(RDKit::ROMol mol, bool breakTies=True, bool includeChirality=True, bool includeIsotopes=True)
Failed to featurize datapoint 649, None. Appending empty array
Exception message: Python argument types in
    rdkit.Chem.rdmolfiles.CanonicalRankAtoms(NoneType)
did not match C++ signature:
    CanonicalRankAtoms(RDKit::ROMol mol, bool breakTies=True, bool includeChirality=True, bool includeIsotopes=True)
Failed to featurize datapoint 685, None. Appending empty array
Exception message: Python argument types in
    rdkit.Chem.rdmolfiles.CanonicalRankAtoms(NoneType)
did not match C++ signature:
    CanonicalRankAtoms(RDKit::ROMol mol, bool breakTies=True, bool includeChirality=True, bool includeIsotopes=True)

===== e2e_BBBP_f100_s0  budget=None (n=1631) ft_seeds=[0, 1, 2] epochs=20 =====
[ft_e2e] BBBP (classification) split=scaffold-holdout seeds=[0, 1, 2]
Failed to featurize datapoint 59, None. Appending empty array
Exception message: Python argument types in
    rdkit.Chem.rdmolfiles.CanonicalRankAtoms(NoneType)
did not match C++ signature:
    CanonicalRankAtoms(RDKit::ROMol mol, bool breakTies=True, bool includeChirality=True, bool includeIsotopes=True)
Failed to featurize datapoint 61, None. Appending empty array
Exception message: Python argument types in
    rdkit.Chem.rdmolfiles.CanonicalRankAtoms(NoneType)
did not match C++ signature:
    CanonicalRankAtoms(RDKit::ROMol mol, bool breakTies=True, bool includeChirality=True, bool includeIsotopes=True)
Failed to featurize datapoint 391, None. Appending empty array
Exception message: Python argument types in
    rdkit.Chem.rdmolfiles.CanonicalRankAtoms(NoneType)
did not match C++ signature:
    CanonicalRankAtoms(RDKit::ROMol mol, bool breakTies=True, bool includeChirality=True, bool includeIsotopes=True)
Failed to featurize datapoint 614, None. Appending empty array
Exception message: Python argument types in
    rdkit.Chem.rdmolfiles.CanonicalRankAtoms(NoneType)
did not match C++ signature:
    CanonicalRankAtoms(RDKit::ROMol mol, bool breakTies=True, bool includeChirality=True, bool includeIsotopes=True)
Failed to featurize datapoint 642, None. Appending empty array
Exception message: Python argument types in
    rdkit.Chem.rdmolfiles.CanonicalRankAtoms(NoneType)
did not match C++ signature:
    CanonicalRankAtoms(RDKit::ROMol mol, bool breakTies=True, bool includeChirality=True, bool includeIsotopes=True)
Failed to featurize datapoint 645, None. Appending empty array
Exception message: Python argument types in
    rdkit.Chem.rdmolfiles.CanonicalRankAtoms(NoneType)
did not match C++ signature:
    CanonicalRankAtoms(RDKit::ROMol mol, bool breakTies=True, bool includeChirality=True, bool includeIsotopes=True)
Failed to featurize datapoint 646, None. Appending empty array
Exception message: Python argument types in
    rdkit.Chem.rdmolfiles.CanonicalRankAtoms(NoneType)
did not match C++ signature:
    CanonicalRankAtoms(RDKit::ROMol mol, bool breakTies=True, bool includeChirality=True, bool includeIsotopes=True)
Failed to featurize datapoint 647, None. Appending empty array
Exception message: Python argument types in
    rdkit.Chem.rdmolfiles.CanonicalRankAtoms(NoneType)
did not match C++ signature:
    CanonicalRankAtoms(RDKit::ROMol mol, bool breakTies=True, bool includeChirality=True, bool includeIsotopes=True)
Failed to featurize datapoint 648, None. Appending empty array
Exception message: Python argument types in
    rdkit.Chem.rdmolfiles.CanonicalRankAtoms(NoneType)
did not match C++ signature:
    CanonicalRankAtoms(RDKit::ROMol mol, bool breakTies=True, bool includeChirality=True, bool includeIsotopes=True)
Failed to featurize datapoint 649, None. Appending empty array
Exception message: Python argument types in
    rdkit.Chem.rdmolfiles.CanonicalRankAtoms(NoneType)
did not match C++ signature:
    CanonicalRankAtoms(RDKit::ROMol mol, bool breakTies=True, bool includeChirality=True, bool includeIsotopes=True)
Failed to featurize datapoint 685, None. Appending empty array
Exception message: Python argument types in
    rdkit.Chem.rdmolfiles.CanonicalRankAtoms(NoneType)
did not match C++ signature:
    CanonicalRankAtoms(RDKit::ROMol mol, bool breakTies=True, bool includeChirality=True, bool includeIsotopes=True)
  seed0: roc_auc=0.7005 train=0.9658 (33s elapsed)
  seed1: roc_auc=0.7049 train=0.9627 (61s elapsed)
  seed2: roc_auc=0.7127 train=0.9712 (95s elapsed)
  BBBP: roc_auc = 0.7060 ± 0.0051 (n_train=1631)
  BBBP: NEF1% = 1.0000 ± 0.0000
[ok] e2e_BBBP_f100_s0 in 1.6 min

===== e2e_BACE_f005_s0  budget=60 (n=60) ft_seeds=[0, 1, 2] epochs=20 =====
[ft_e2e] BACE (classification) split=scaffold-holdout seeds=[0, 1, 2]
  seed0: roc_auc=0.4682 train=0.7726 (4s elapsed)
  seed1: roc_auc=0.4938 train=0.7687 (6s elapsed)
  seed2: roc_auc=0.4406 train=0.5684 (7s elapsed)
  BACE: roc_auc = 0.4675 ± 0.0217 (n_train=60)
  BACE: NEF1% = 0.1667 ± 0.2357
[ok] e2e_BACE_f005_s0 in 0.1 min

===== e2e_BACE_f005_s1  budget=60 (n=60) ft_seeds=[0, 1, 2] epochs=20 =====
[ft_e2e] BACE (classification) split=scaffold-holdout seeds=[0, 1, 2]
  seed0: roc_auc=0.5280 train=0.5096 (2s elapsed)
  seed1: roc_auc=0.6575 train=0.7285 (4s elapsed)
  seed2: roc_auc=0.5106 train=0.5026 (6s elapsed)
  BACE: roc_auc = 0.5654 ± 0.0655 (n_train=60)
  BACE: NEF1% = 0.3333 ± 0.2357
[ok] e2e_BACE_f005_s1 in 0.1 min

===== e2e_BACE_f005_s2  budget=60 (n=60) ft_seeds=[0, 1, 2] epochs=20 =====
[ft_e2e] BACE (classification) split=scaffold-holdout seeds=[0, 1, 2]
  seed0: roc_auc=0.6799 train=0.7834 (3s elapsed)
  seed1: roc_auc=0.6794 train=0.7423 (5s elapsed)
  seed2: roc_auc=0.6916 train=0.7583 (7s elapsed)
  BACE: roc_auc = 0.6836 ± 0.0056 (n_train=60)
  BACE: NEF1% = 1.0000 ± 0.0000
[ok] e2e_BACE_f005_s2 in 0.1 min

===== e2e_BACE_f010_s0  budget=121 (n=121) ft_seeds=[0, 1, 2] epochs=20 =====
[ft_e2e] BACE (classification) split=scaffold-holdout seeds=[0, 1, 2]
  seed0: roc_auc=0.5073 train=0.6859 (3s elapsed)
  seed1: roc_auc=0.5772 train=0.7029 (6s elapsed)
  seed2: roc_auc=0.5096 train=0.7641 (8s elapsed)
  BACE: roc_auc = 0.5314 ± 0.0324 (n_train=121)
  BACE: NEF1% = 0.5000 ± 0.4082
[ok] e2e_BACE_f010_s0 in 0.1 min

===== e2e_BACE_f010_s1  budget=121 (n=121) ft_seeds=[0, 1, 2] epochs=20 =====
[ft_e2e] BACE (classification) split=scaffold-holdout seeds=[0, 1, 2]
  seed0: roc_auc=0.6964 train=0.7021 (3s elapsed)
  seed1: roc_auc=0.7142 train=0.7613 (6s elapsed)
  seed2: roc_auc=0.6644 train=0.6465 (8s elapsed)
  BACE: roc_auc = 0.6917 ± 0.0206 (n_train=121)
  BACE: NEF1% = 0.8333 ± 0.2357
[ok] e2e_BACE_f010_s1 in 0.1 min

===== e2e_BACE_f010_s2  budget=121 (n=121) ft_seeds=[0, 1, 2] epochs=20 =====
[ft_e2e] BACE (classification) split=scaffold-holdout seeds=[0, 1, 2]
  seed0: roc_auc=0.6304 train=0.6608 (3s elapsed)
  seed1: roc_auc=0.7388 train=0.6817 (6s elapsed)
  seed2: roc_auc=0.6534 train=0.6854 (9s elapsed)
  BACE: roc_auc = 0.6742 ± 0.0466 (n_train=121)
  BACE: NEF1% = 1.0000 ± 0.0000
[ok] e2e_BACE_f010_s2 in 0.1 min

===== e2e_BACE_f025_s0  budget=302 (n=302) ft_seeds=[0, 1, 2] epochs=20 =====
[ft_e2e] BACE (classification) split=scaffold-holdout seeds=[0, 1, 2]
  seed0: roc_auc=0.7031 train=0.6782 (5s elapsed)
  seed1: roc_auc=0.7497 train=0.6781 (8s elapsed)
  seed2: roc_auc=0.6538 train=0.6695 (12s elapsed)
  BACE: roc_auc = 0.7022 ± 0.0392 (n_train=302)
  BACE: NEF1% = 1.0000 ± 0.0000
[ok] e2e_BACE_f025_s0 in 0.2 min

===== e2e_BACE_f025_s1  budget=302 (n=302) ft_seeds=[0, 1, 2] epochs=20 =====
[ft_e2e] BACE (classification) split=scaffold-holdout seeds=[0, 1, 2]
  seed0: roc_auc=0.7499 train=0.7064 (7s elapsed)
  seed1: roc_auc=0.6706 train=0.6068 (10s elapsed)
  seed2: roc_auc=0.6839 train=0.6330 (14s elapsed)
  BACE: roc_auc = 0.7014 ± 0.0347 (n_train=302)
  BACE: NEF1% = 0.5000 ± 0.4082
[ok] e2e_BACE_f025_s1 in 0.2 min

===== e2e_BACE_f025_s2  budget=302 (n=302) ft_seeds=[0, 1, 2] epochs=20 =====
[ft_e2e] BACE (classification) split=scaffold-holdout seeds=[0, 1, 2]
  seed0: roc_auc=0.7299 train=0.7265 (6s elapsed)
  seed1: roc_auc=0.6697 train=0.6769 (10s elapsed)
  seed2: roc_auc=0.7484 train=0.7319 (14s elapsed)
  BACE: roc_auc = 0.7160 ± 0.0336 (n_train=302)
  BACE: NEF1% = 1.0000 ± 0.0000
[ok] e2e_BACE_f025_s2 in 0.2 min

===== e2e_BACE_f050_s0  budget=605 (n=605) ft_seeds=[0, 1, 2] epochs=20 =====
[ft_e2e] BACE (classification) split=scaffold-holdout seeds=[0, 1, 2]
  seed0: roc_auc=0.7562 train=0.7459 (10s elapsed)
  seed1: roc_auc=0.7735 train=0.7293 (17s elapsed)
  seed2: roc_auc=0.7704 train=0.7362 (24s elapsed)
  BACE: roc_auc = 0.7667 ± 0.0075 (n_train=605)
  BACE: NEF1% = 1.0000 ± 0.0000
[ok] e2e_BACE_f050_s0 in 0.4 min

===== e2e_BACE_f050_s1  budget=605 (n=605) ft_seeds=[0, 1, 2] epochs=20 =====
[ft_e2e] BACE (classification) split=scaffold-holdout seeds=[0, 1, 2]
  seed0: roc_auc=0.7070 train=0.7293 (9s elapsed)
  seed1: roc_auc=0.6657 train=0.8040 (20s elapsed)
  seed2: roc_auc=0.7220 train=0.7307 (28s elapsed)
  BACE: roc_auc = 0.6982 ± 0.0238 (n_train=605)
  BACE: NEF1% = 1.0000 ± 0.0000
[ok] e2e_BACE_f050_s1 in 0.5 min

===== e2e_BACE_f050_s2  budget=605 (n=605) ft_seeds=[0, 1, 2] epochs=20 =====
[ft_e2e] BACE (classification) split=scaffold-holdout seeds=[0, 1, 2]
  seed0: roc_auc=0.7125 train=0.7912 (15s elapsed)
  seed1: roc_auc=0.7129 train=0.7747 (29s elapsed)
  seed2: roc_auc=0.7537 train=0.7155 (37s elapsed)
  BACE: roc_auc = 0.7264 ± 0.0193 (n_train=605)
  BACE: NEF1% = 1.0000 ± 0.0000
[ok] e2e_BACE_f050_s2 in 0.6 min

===== e2e_BACE_f100_s0  budget=None (n=1210) ft_seeds=[0, 1, 2] epochs=20 =====
[ft_e2e] BACE (classification) split=scaffold-holdout seeds=[0, 1, 2]
  seed0: roc_auc=0.7671 train=0.7040 (12s elapsed)
  seed1: roc_auc=0.7062 train=0.7610 (27s elapsed)
  seed2: roc_auc=0.7003 train=0.7985 (44s elapsed)
  BACE: roc_auc = 0.7245 ± 0.0302 (n_train=1210)
  BACE: NEF1% = 1.0000 ± 0.0000
[ok] e2e_BACE_f100_s0 in 0.7 min

===== e2e_Tox21_f005_s0  budget=313 (n=313) ft_seeds=[0, 1, 2] epochs=20 =====
[ft_e2e] Tox21 (classification) split=scaffold-holdout seeds=[0, 1, 2]
  seed0: roc_auc=0.6304 train=0.7850 (22s elapsed)
  seed1: roc_auc=0.5456 train=0.5877 (30s elapsed)
  seed2: roc_auc=0.5356 train=0.5952 (39s elapsed)
  Tox21: roc_auc = 0.5705 ± 0.0426 (n_train=313)
  Tox21: NEF1% = 0.1769 ± 0.0670
[ok] e2e_Tox21_f005_s0 in 0.6 min

===== e2e_Tox21_f005_s1  budget=313 (n=313) ft_seeds=[0, 1, 2] epochs=20 =====
[ft_e2e] Tox21 (classification) split=scaffold-holdout seeds=[0, 1, 2]
  seed0: roc_auc=0.6255 train=0.7512 (20s elapsed)
  seed1: roc_auc=0.6274 train=0.7641 (38s elapsed)
  seed2: roc_auc=0.6198 train=0.7230 (53s elapsed)
  Tox21: roc_auc = 0.6242 ± 0.0033 (n_train=313)
  Tox21: NEF1% = 0.1946 ± 0.0209
[ok] e2e_Tox21_f005_s1 in 0.9 min

===== e2e_Tox21_f005_s2  budget=313 (n=313) ft_seeds=[0, 1, 2] epochs=20 =====
[ft_e2e] Tox21 (classification) split=scaffold-holdout seeds=[0, 1, 2]
  seed0: roc_auc=0.6211 train=0.7767 (23s elapsed)
  seed1: roc_auc=0.5496 train=0.5722 (32s elapsed)
  seed2: roc_auc=0.6130 train=0.7534 (51s elapsed)
  Tox21: roc_auc = 0.5945 ± 0.0320 (n_train=313)
  Tox21: NEF1% = 0.2453 ± 0.0684
[ok] e2e_Tox21_f005_s2 in 0.9 min

===== e2e_Tox21_f010_s0  budget=626 (n=626) ft_seeds=[0, 1, 2] epochs=20 =====
[ft_e2e] Tox21 (classification) split=scaffold-holdout seeds=[0, 1, 2]
  seed0: roc_auc=0.6754 train=0.8366 (31s elapsed)
  seed1: roc_auc=0.6771 train=0.8368 (58s elapsed)
  seed2: roc_auc=0.6646 train=0.7940 (86s elapsed)
  Tox21: roc_auc = 0.6724 ± 0.0055 (n_train=626)
  Tox21: NEF1% = 0.4398 ± 0.0430
[ok] e2e_Tox21_f010_s0 in 1.4 min

===== e2e_Tox21_f010_s1  budget=626 (n=626) ft_seeds=[0, 1, 2] epochs=20 =====
[ft_e2e] Tox21 (classification) split=scaffold-holdout seeds=[0, 1, 2]
  seed0: roc_auc=0.6536 train=0.8152 (31s elapsed)
  seed1: roc_auc=0.6461 train=0.7966 (58s elapsed)
  seed2: roc_auc=0.6678 train=0.8421 (88s elapsed)
  Tox21: roc_auc = 0.6558 ± 0.0090 (n_train=626)
  Tox21: NEF1% = 0.3611 ± 0.0217
[ok] e2e_Tox21_f010_s1 in 1.5 min

===== e2e_Tox21_f010_s2  budget=626 (n=626) ft_seeds=[0, 1, 2] epochs=20 =====
[ft_e2e] Tox21 (classification) split=scaffold-holdout seeds=[0, 1, 2]
  seed0: roc_auc=0.6582 train=0.8033 (34s elapsed)
  seed1: roc_auc=0.6305 train=0.7612 (62s elapsed)
  seed2: roc_auc=0.6158 train=0.7223 (85s elapsed)
  Tox21: roc_auc = 0.6348 ± 0.0176 (n_train=626)
  Tox21: NEF1% = 0.3127 ± 0.0412
[ok] e2e_Tox21_f010_s2 in 1.4 min

===== e2e_Tox21_f025_s0  budget=1566 (n=1566) ft_seeds=[0, 1, 2] epochs=20 =====
[ft_e2e] Tox21 (classification) split=scaffold-holdout seeds=[0, 1, 2]
  seed0: roc_auc=0.6771 train=0.7971 (43s elapsed)
  seed1: roc_auc=0.6811 train=0.8204 (90s elapsed)
  seed2: roc_auc=0.6830 train=0.8412 (142s elapsed)
  Tox21: roc_auc = 0.6804 ± 0.0025 (n_train=1566)
  Tox21: NEF1% = 0.4522 ± 0.0180
[ok] e2e_Tox21_f025_s0 in 2.4 min

===== e2e_Tox21_f025_s1  budget=1566 (n=1566) ft_seeds=[0, 1, 2] epochs=20 =====
[ft_e2e] Tox21 (classification) split=scaffold-holdout seeds=[0, 1, 2]
  seed0: roc_auc=0.6976 train=0.8134 (53s elapsed)
  seed1: roc_auc=0.6941 train=0.8399 (110s elapsed)
  seed2: roc_auc=0.6926 train=0.8533 (167s elapsed)
  Tox21: roc_auc = 0.6948 ± 0.0021 (n_train=1566)
  Tox21: NEF1% = 0.5063 ± 0.0157
[ok] e2e_Tox21_f025_s1 in 2.8 min

===== e2e_Tox21_f025_s2  budget=1566 (n=1566) ft_seeds=[0, 1, 2] epochs=20 =====
[ft_e2e] Tox21 (classification) split=scaffold-holdout seeds=[0, 1, 2]
  seed0: roc_auc=0.6634 train=0.7561 (35s elapsed)
  seed1: roc_auc=0.6924 train=0.7985 (74s elapsed)
  seed2: roc_auc=0.6921 train=0.7958 (113s elapsed)
  Tox21: roc_auc = 0.6826 ± 0.0136 (n_train=1566)
  Tox21: NEF1% = 0.4365 ± 0.0751
[ok] e2e_Tox21_f025_s2 in 1.9 min

===== e2e_Tox21_f050_s0  budget=3132 (n=3132) ft_seeds=[0, 1, 2] epochs=20 =====
[ft_e2e] Tox21 (classification) split=scaffold-holdout seeds=[0, 1, 2]
  seed0: roc_auc=0.7041 train=0.8607 (103s elapsed)
  seed1: roc_auc=0.7096 train=0.8843 (207s elapsed)
  seed2: roc_auc=0.7089 train=0.8766 (310s elapsed)
  Tox21: roc_auc = 0.7075 ± 0.0024 (n_train=3132)
  Tox21: NEF1% = 0.5759 ± 0.0311
[ok] e2e_Tox21_f050_s0 in 5.2 min

===== e2e_Tox21_f050_s1  budget=3132 (n=3132) ft_seeds=[0, 1, 2] epochs=20 =====
[ft_e2e] Tox21 (classification) split=scaffold-holdout seeds=[0, 1, 2]
  seed0: roc_auc=0.7057 train=0.8189 (75s elapsed)
  seed1: roc_auc=0.7198 train=0.8930 (175s elapsed)
  seed2: roc_auc=0.7115 train=0.8451 (260s elapsed)
  Tox21: roc_auc = 0.7123 ± 0.0058 (n_train=3132)
  Tox21: NEF1% = 0.5358 ± 0.0155
[ok] e2e_Tox21_f050_s1 in 4.3 min

===== e2e_Tox21_f050_s2  budget=3132 (n=3132) ft_seeds=[0, 1, 2] epochs=20 =====
[ft_e2e] Tox21 (classification) split=scaffold-holdout seeds=[0, 1, 2]
  seed0: roc_auc=0.7135 train=0.8700 (99s elapsed)
  seed1: roc_auc=0.7096 train=0.8097 (165s elapsed)
  seed2: roc_auc=0.7071 train=0.8515 (251s elapsed)
  Tox21: roc_auc = 0.7101 ± 0.0026 (n_train=3132)
  Tox21: NEF1% = 0.4789 ± 0.0474
[ok] e2e_Tox21_f050_s2 in 4.2 min

===== e2e_Tox21_f100_s0  budget=None (n=6264) ft_seeds=[0, 1, 2] epochs=20 =====
[ft_e2e] Tox21 (classification) split=scaffold-holdout seeds=[0, 1, 2]
  seed0: roc_auc=0.7342 train=0.8999 (176s elapsed)
  seed1: roc_auc=0.7341 train=0.8956 (349s elapsed)
  seed2: roc_auc=0.7219 train=0.8924 (513s elapsed)
  Tox21: roc_auc = 0.7301 ± 0.0058 (n_train=6264)
  Tox21: NEF1% = 0.5340 ± 0.0141
[ok] e2e_Tox21_f100_s0 in 8.5 min

===== e2e_HIV_f005_s0  budget=1645 (n=1645) ft_seeds=[0, 1, 2] epochs=20 =====
[ft_e2e] HIV (classification) split=scaffold-holdout seeds=[0, 1, 2]
  seed0: roc_auc=0.6942 train=0.8717 (105s elapsed)
  seed1: roc_auc=0.6925 train=0.8397 (174s elapsed)
  seed2: roc_auc=0.6921 train=0.8687 (252s elapsed)
  HIV: roc_auc = 0.6929 ± 0.0009 (n_train=1645)
  HIV: NEF1% = 0.3254 ± 0.0297
[ok] e2e_HIV_f005_s0 in 4.2 min

===== e2e_HIV_f005_s1  budget=1645 (n=1645) ft_seeds=[0, 1, 2] epochs=20 =====
[ft_e2e] HIV (classification) split=scaffold-holdout seeds=[0, 1, 2]
  seed0: roc_auc=0.6684 train=0.8939 (103s elapsed)
  seed1: roc_auc=0.6592 train=0.8876 (175s elapsed)
  seed2: roc_auc=0.6792 train=0.8169 (234s elapsed)
  HIV: roc_auc = 0.6689 ± 0.0082 (n_train=1645)
  HIV: NEF1% = 0.4683 ± 0.0449
[ok] e2e_HIV_f005_s1 in 3.9 min

===== e2e_HIV_f005_s2  budget=1645 (n=1645) ft_seeds=[0, 1, 2] epochs=20 =====
[ft_e2e] HIV (classification) split=scaffold-holdout seeds=[0, 1, 2]
  seed0: roc_auc=0.6950 train=0.9366 (114s elapsed)
  seed1: roc_auc=0.6943 train=0.9234 (200s elapsed)
  seed2: roc_auc=0.7067 train=0.8797 (278s elapsed)
  HIV: roc_auc = 0.6987 ± 0.0057 (n_train=1645)
  HIV: NEF1% = 0.2222 ± 0.0297
[ok] e2e_HIV_f005_s2 in 4.6 min

===== e2e_HIV_f010_s0  budget=3290 (n=3290) ft_seeds=[0, 1, 2] epochs=20 =====
[ft_e2e] HIV (classification) split=scaffold-holdout seeds=[0, 1, 2]
  seed0: roc_auc=0.7240 train=0.9064 (157s elapsed)
  seed1: roc_auc=0.7234 train=0.8998 (287s elapsed)
  seed2: roc_auc=0.7229 train=0.8746 (404s elapsed)
  HIV: roc_auc = 0.7234 ± 0.0004 (n_train=3290)
  HIV: NEF1% = 0.4841 ± 0.0405
[ok] e2e_HIV_f010_s0 in 6.7 min

===== e2e_HIV_f010_s1  budget=3290 (n=3290) ft_seeds=[0, 1, 2] epochs=20 =====
[ft_e2e] HIV (classification) split=scaffold-holdout seeds=[0, 1, 2]
  seed0: roc_auc=0.6713 train=0.8727 (144s elapsed)
  seed1: roc_auc=0.6756 train=0.8375 (241s elapsed)
  seed2: roc_auc=0.6844 train=0.8743 (357s elapsed)
  HIV: roc_auc = 0.6771 ± 0.0054 (n_train=3290)
  HIV: NEF1% = 0.5238 ± 0.0389
[ok] e2e_HIV_f010_s1 in 6.0 min

===== e2e_HIV_f010_s2  budget=3290 (n=3290) ft_seeds=[0, 1, 2] epochs=20 =====
[ft_e2e] HIV (classification) split=scaffold-holdout seeds=[0, 1, 2]
  seed0: roc_auc=0.6979 train=0.8812 (135s elapsed)
  seed1: roc_auc=0.6756 train=0.9207 (268s elapsed)
  seed2: roc_auc=0.6911 train=0.8983 (389s elapsed)
  HIV: roc_auc = 0.6882 ± 0.0093 (n_train=3290)
  HIV: NEF1% = 0.5397 ± 0.0625
[ok] e2e_HIV_f010_s2 in 6.5 min

===== e2e_HIV_f025_s0  budget=8225 (n=8225) ft_seeds=[0, 1, 2] epochs=20 =====
[ft_e2e] HIV (classification) split=scaffold-holdout seeds=[0, 1, 2]
  seed0: roc_auc=0.7430 train=0.8763 (226s elapsed)
  seed1: roc_auc=0.7414 train=0.9014 (452s elapsed)
  seed2: roc_auc=0.7293 train=0.9354 (733s elapsed)
  HIV: roc_auc = 0.7379 ± 0.0061 (n_train=8225)
  HIV: NEF1% = 0.6032 ± 0.0224
[ok] e2e_HIV_f025_s0 in 12.2 min

===== e2e_HIV_f025_s1  budget=8225 (n=8225) ft_seeds=[0, 1, 2] epochs=20 =====
[ft_e2e] HIV (classification) split=scaffold-holdout seeds=[0, 1, 2]
  seed0: roc_auc=0.7005 train=0.8724 (255s elapsed)
  seed1: roc_auc=0.7170 train=0.9096 (524s elapsed)
  seed2: roc_auc=0.7061 train=0.8578 (738s elapsed)
  HIV: roc_auc = 0.7079 ± 0.0069 (n_train=8225)
  HIV: NEF1% = 0.5635 ± 0.0449
[ok] e2e_HIV_f025_s1 in 12.3 min

===== e2e_HIV_f025_s2  budget=8225 (n=8225) ft_seeds=[0, 1, 2] epochs=20 =====
[ft_e2e] HIV (classification) split=scaffold-holdout seeds=[0, 1, 2]
  seed0: roc_auc=0.7018 train=0.9093 (292s elapsed)
  seed1: roc_auc=0.7185 train=0.8928 (529s elapsed)
  seed2: roc_auc=0.7123 train=0.8728 (753s elapsed)
  HIV: roc_auc = 0.7109 ± 0.0069 (n_train=8225)
  HIV: NEF1% = 0.5635 ± 0.0112
[ok] e2e_HIV_f025_s2 in 12.6 min

===== e2e_HIV_f050_s0  budget=16450 (n=16450) ft_seeds=[0, 1, 2] epochs=20 =====
[ft_e2e] HIV (classification) split=scaffold-holdout seeds=[0, 1, 2]
  seed0: roc_auc=0.7588 train=0.9183 (448s elapsed)
  seed1: roc_auc=0.7541 train=0.8675 (791s elapsed)
  seed2: roc_auc=0.7533 train=0.8737 (1160s elapsed)
  HIV: roc_auc = 0.7554 ± 0.0024 (n_train=16450)
  HIV: NEF1% = 0.6032 ± 0.0489
[ok] e2e_HIV_f050_s0 in 19.3 min

===== e2e_HIV_f050_s1  budget=16450 (n=16450) ft_seeds=[0, 1, 2] epochs=20 =====
[ft_e2e] HIV (classification) split=scaffold-holdout seeds=[0, 1, 2]
  seed0: roc_auc=0.7720 train=0.9046 (421s elapsed)
  seed1: roc_auc=0.7675 train=0.9248 (841s elapsed)
  seed2: roc_auc=0.7550 train=0.8725 (1209s elapsed)
  HIV: roc_auc = 0.7648 ± 0.0072 (n_train=16450)
  HIV: NEF1% = 0.5556 ± 0.0224
[ok] e2e_HIV_f050_s1 in 20.2 min

===== e2e_HIV_f050_s2  budget=16450 (n=16450) ft_seeds=[0, 1, 2] epochs=20 =====
[ft_e2e] HIV (classification) split=scaffold-holdout seeds=[0, 1, 2]
  seed0: roc_auc=0.7603 train=0.9347 (477s elapsed)
  seed1: roc_auc=0.7527 train=0.9049 (875s elapsed)
  seed2: roc_auc=0.7550 train=0.8536 (1222s elapsed)
  HIV: roc_auc = 0.7560 ± 0.0032 (n_train=16450)
  HIV: NEF1% = 0.5635 ± 0.0112
[ok] e2e_HIV_f050_s2 in 20.4 min

===== e2e_HIV_f100_s0  budget=None (n=32901) ft_seeds=[0, 1, 2] epochs=20 =====
[ft_e2e] HIV (classification) split=scaffold-holdout seeds=[0, 1, 2]
  seed0: roc_auc=0.7425 train=0.9435 (788s elapsed)
  seed1: roc_auc=0.7421 train=0.9233 (1499s elapsed)
  seed2: roc_auc=0.7343 train=0.9429 (2310s elapsed)
  HIV: roc_auc = 0.7396 ± 0.0038 (n_train=32901)
  HIV: NEF1% = 0.6111 ± 0.0449
[ok] e2e_HIV_f100_s0 in 38.5 min

DONE in 265.6 min -> analysis/rigor/label_efficiency_fractions_e2e.csv (702 rows), analysis/rigor/label_efficiency_fractions_e2e_summary.csv (90 points)
[wrap 00:43:39] driver exited rc=0
[wrap] verified cells = 91 / 91
ALL_91_VERIFIED
