[anchor] === chemeleon_frozen_s1 BACE ===
[anchor] chemeleon_frozen_s1 BACE: OK
[anchor] merged 44 rows into figure_data/climb_v2_phase2/chemeleon_frozen_s1/moleculenet_cv/moleculenet_summary.csv (kept 22)
[anchor] === chemeleon_frozen_s1 Tox21 ===
[anchor] chemeleon_frozen_s1 Tox21: OK
[anchor] merged 44 rows into figure_data/climb_v2_phase2/chemeleon_frozen_s1/moleculenet_cv_tox21fixed/moleculenet_summary.csv (kept 0)
[anchor] === chemeleon_frozen_s1 HIV ===
[anchor] chemeleon_frozen_s1 HIV: OK
[anchor] merged 44 rows into figure_data/climb_v2_phase2/chemeleon_frozen_s1/moleculenet_cv/moleculenet_summary.csv (kept 66)
[anchor] === chemeleon_frozen_s1 cbs ===
[anchor] chemeleon_frozen_s1 cbs: OK
[anchor] === chemeleon_frozen_s2 BACE ===
[anchor] chemeleon_frozen_s2 BACE: OK
[anchor] merged 44 rows into figure_data/climb_v2_phase2/chemeleon_frozen_s2/moleculenet_cv/moleculenet_summary.csv (kept 22)
[anchor] === chemeleon_frozen_s2 Tox21 ===
[anchor] chemeleon_frozen_s2 Tox21: OK
[anchor] merged 44 rows into figure_data/climb_v2_phase2/chemeleon_frozen_s2/moleculenet_cv_tox21fixed/moleculenet_summary.csv (kept 0)
[anchor] === chemeleon_frozen_s2 HIV ===
[anchor] chemeleon_frozen_s2 HIV: OK
[anchor] merged 44 rows into figure_data/climb_v2_phase2/chemeleon_frozen_s2/moleculenet_cv/moleculenet_summary.csv (kept 66)
[anchor] === chemeleon_frozen_s2 cbs ===
[anchor] chemeleon_frozen_s2 cbs: OK

[anchor] DONE  0 failure(s): none
