=== VARIANT: Morgan r=3 counts + stereo -> *_r3c dirs ===
[anchor] === ecfp4_anchor_r3c BACE ===
[anchor] ecfp4_anchor_r3c BACE: OK
[anchor] merged 44 rows into figure_data/climb_v2_phase2/ecfp4_anchor_r3c/moleculenet_cv/moleculenet_summary.csv (kept 0)
[anchor] merged 1513 pred rows into figure_data/climb_v2_phase2/ecfp4_anchor_r3c/moleculenet_cv/test_predictions.csv (kept 0)
[anchor] === ecfp4_anchor_r3c BBBP ===
[anchor] ecfp4_anchor_r3c BBBP: OK
[anchor] merged 44 rows into figure_data/climb_v2_phase2/ecfp4_anchor_r3c/moleculenet_cv/moleculenet_summary.csv (kept 44)
[anchor] merged 2039 pred rows into figure_data/climb_v2_phase2/ecfp4_anchor_r3c/moleculenet_cv/test_predictions.csv (kept 1513)
[anchor] === ecfp4_anchor_r3c ESOL ===
[anchor] ecfp4_anchor_r3c ESOL: OK
[anchor] merged 22 rows into figure_data/climb_v2_phase2/ecfp4_anchor_r3c/moleculenet_cv/moleculenet_summary.csv (kept 88)
[anchor] merged 1128 pred rows into figure_data/climb_v2_phase2/ecfp4_anchor_r3c/moleculenet_cv/test_predictions.csv (kept 3552)
[anchor] === ecfp4_anchor_r3c HIV ===
[anchor] ecfp4_anchor_r3c HIV: OK
[anchor] merged 44 rows into figure_data/climb_v2_phase2/ecfp4_anchor_r3c/moleculenet_cv/moleculenet_summary.csv (kept 110)
[anchor] merged 41120 pred rows into figure_data/climb_v2_phase2/ecfp4_anchor_r3c/moleculenet_cv/test_predictions.csv (kept 4680)
[anchor] === ecfp4_anchor_r3c QM7 ===
[anchor] ecfp4_anchor_r3c QM7: OK
[anchor] merged 22 rows into figure_data/climb_v2_phase2/ecfp4_anchor_r3c/moleculenet_cv_qm7native/moleculenet_summary.csv (kept 0)
[anchor] merged 6838 pred rows into figure_data/climb_v2_phase2/ecfp4_anchor_r3c/moleculenet_cv_qm7native/test_predictions.csv (kept 0)
[anchor] === ecfp4_anchor_r3c Tox21 ===
[anchor] ecfp4_anchor_r3c Tox21: OK
[anchor] merged 44 rows into figure_data/climb_v2_phase2/ecfp4_anchor_r3c/moleculenet_cv_tox21fixed/moleculenet_summary.csv (kept 0)
[anchor] merged 77864 pred rows into figure_data/climb_v2_phase2/ecfp4_anchor_r3c/moleculenet_cv_tox21fixed/test_predictions.csv (kept 0)
[anchor] === ecfp4_anchor_r3c cbs ===
[anchor] ecfp4_anchor_r3c cbs: OK
[anchor] === fp_desc_anchor_r3c BACE ===
[anchor] fp_desc_anchor_r3c BACE: OK
[anchor] merged 44 rows into figure_data/climb_v2_phase2/fp_desc_anchor_r3c/moleculenet_cv/moleculenet_summary.csv (kept 0)
[anchor] merged 1513 pred rows into figure_data/climb_v2_phase2/fp_desc_anchor_r3c/moleculenet_cv/test_predictions.csv (kept 0)
[anchor] === fp_desc_anchor_r3c BBBP ===
[anchor] fp_desc_anchor_r3c BBBP: OK
[anchor] merged 44 rows into figure_data/climb_v2_phase2/fp_desc_anchor_r3c/moleculenet_cv/moleculenet_summary.csv (kept 44)
[anchor] merged 2039 pred rows into figure_data/climb_v2_phase2/fp_desc_anchor_r3c/moleculenet_cv/test_predictions.csv (kept 1513)
[anchor] === fp_desc_anchor_r3c ESOL ===
[anchor] fp_desc_anchor_r3c ESOL: OK
[anchor] merged 22 rows into figure_data/climb_v2_phase2/fp_desc_anchor_r3c/moleculenet_cv/moleculenet_summary.csv (kept 88)
[anchor] merged 1128 pred rows into figure_data/climb_v2_phase2/fp_desc_anchor_r3c/moleculenet_cv/test_predictions.csv (kept 3552)
[anchor] === fp_desc_anchor_r3c HIV ===
[anchor] fp_desc_anchor_r3c HIV: OK
[anchor] merged 44 rows into figure_data/climb_v2_phase2/fp_desc_anchor_r3c/moleculenet_cv/moleculenet_summary.csv (kept 110)
[anchor] merged 41120 pred rows into figure_data/climb_v2_phase2/fp_desc_anchor_r3c/moleculenet_cv/test_predictions.csv (kept 4680)
[anchor] === fp_desc_anchor_r3c QM7 ===
[anchor] fp_desc_anchor_r3c QM7: OK
[anchor] merged 22 rows into figure_data/climb_v2_phase2/fp_desc_anchor_r3c/moleculenet_cv_qm7native/moleculenet_summary.csv (kept 0)
[anchor] merged 6838 pred rows into figure_data/climb_v2_phase2/fp_desc_anchor_r3c/moleculenet_cv_qm7native/test_predictions.csv (kept 0)
[anchor] === fp_desc_anchor_r3c Tox21 ===
[anchor] fp_desc_anchor_r3c Tox21: OK
[anchor] merged 44 rows into figure_data/climb_v2_phase2/fp_desc_anchor_r3c/moleculenet_cv_tox21fixed/moleculenet_summary.csv (kept 0)
[anchor] merged 77864 pred rows into figure_data/climb_v2_phase2/fp_desc_anchor_r3c/moleculenet_cv_tox21fixed/test_predictions.csv (kept 0)
[anchor] === fp_desc_anchor_r3c cbs ===
[anchor] fp_desc_anchor_r3c cbs: OK

[anchor] DONE  0 failure(s): none
[anchor] === ecfp4_anchor_s1_r3c BACE ===
[anchor] ecfp4_anchor_s1_r3c BACE: OK
[anchor] merged 44 rows into figure_data/climb_v2_phase2/ecfp4_anchor_s1_r3c/moleculenet_cv/moleculenet_summary.csv (kept 0)
[anchor] merged 1513 pred rows into figure_data/climb_v2_phase2/ecfp4_anchor_s1_r3c/moleculenet_cv/test_predictions.csv (kept 0)
[anchor] === ecfp4_anchor_s1_r3c HIV ===
[anchor] ecfp4_anchor_s1_r3c HIV: OK
[anchor] merged 44 rows into figure_data/climb_v2_phase2/ecfp4_anchor_s1_r3c/moleculenet_cv/moleculenet_summary.csv (kept 44)
[anchor] merged 41120 pred rows into figure_data/climb_v2_phase2/ecfp4_anchor_s1_r3c/moleculenet_cv/test_predictions.csv (kept 1513)
[anchor] === ecfp4_anchor_s1_r3c QM7 ===
[anchor] ecfp4_anchor_s1_r3c QM7: OK
[anchor] merged 22 rows into figure_data/climb_v2_phase2/ecfp4_anchor_s1_r3c/moleculenet_cv_qm7native/moleculenet_summary.csv (kept 0)
[anchor] merged 6838 pred rows into figure_data/climb_v2_phase2/ecfp4_anchor_s1_r3c/moleculenet_cv_qm7native/test_predictions.csv (kept 0)
[anchor] === ecfp4_anchor_s1_r3c Tox21 ===
[anchor] ecfp4_anchor_s1_r3c Tox21: OK
[anchor] merged 44 rows into figure_data/climb_v2_phase2/ecfp4_anchor_s1_r3c/moleculenet_cv_tox21fixed/moleculenet_summary.csv (kept 0)
[anchor] merged 77864 pred rows into figure_data/climb_v2_phase2/ecfp4_anchor_s1_r3c/moleculenet_cv_tox21fixed/test_predictions.csv (kept 0)
[anchor] === ecfp4_anchor_s1_r3c cbs ===
[anchor] ecfp4_anchor_s1_r3c cbs: OK
[anchor] === ecfp4_anchor_s2_r3c BACE ===
[anchor] ecfp4_anchor_s2_r3c BACE: OK
[anchor] merged 44 rows into figure_data/climb_v2_phase2/ecfp4_anchor_s2_r3c/moleculenet_cv/moleculenet_summary.csv (kept 0)
[anchor] merged 1513 pred rows into figure_data/climb_v2_phase2/ecfp4_anchor_s2_r3c/moleculenet_cv/test_predictions.csv (kept 0)
[anchor] === ecfp4_anchor_s2_r3c HIV ===
[anchor] ecfp4_anchor_s2_r3c HIV: OK
[anchor] merged 44 rows into figure_data/climb_v2_phase2/ecfp4_anchor_s2_r3c/moleculenet_cv/moleculenet_summary.csv (kept 44)
[anchor] merged 41120 pred rows into figure_data/climb_v2_phase2/ecfp4_anchor_s2_r3c/moleculenet_cv/test_predictions.csv (kept 1513)
[anchor] === ecfp4_anchor_s2_r3c QM7 ===
[anchor] ecfp4_anchor_s2_r3c QM7: OK
[anchor] merged 22 rows into figure_data/climb_v2_phase2/ecfp4_anchor_s2_r3c/moleculenet_cv_qm7native/moleculenet_summary.csv (kept 0)
[anchor] merged 6838 pred rows into figure_data/climb_v2_phase2/ecfp4_anchor_s2_r3c/moleculenet_cv_qm7native/test_predictions.csv (kept 0)
[anchor] === ecfp4_anchor_s2_r3c Tox21 ===
[anchor] ecfp4_anchor_s2_r3c Tox21: OK
[anchor] merged 44 rows into figure_data/climb_v2_phase2/ecfp4_anchor_s2_r3c/moleculenet_cv_tox21fixed/moleculenet_summary.csv (kept 0)
[anchor] merged 77864 pred rows into figure_data/climb_v2_phase2/ecfp4_anchor_s2_r3c/moleculenet_cv_tox21fixed/test_predictions.csv (kept 0)
[anchor] === ecfp4_anchor_s2_r3c cbs ===
[anchor] ecfp4_anchor_s2_r3c cbs: OK
[anchor] === fp_desc_anchor_s1_r3c BACE ===
[anchor] fp_desc_anchor_s1_r3c BACE: OK
[anchor] merged 44 rows into figure_data/climb_v2_phase2/fp_desc_anchor_s1_r3c/moleculenet_cv/moleculenet_summary.csv (kept 0)
[anchor] merged 1513 pred rows into figure_data/climb_v2_phase2/fp_desc_anchor_s1_r3c/moleculenet_cv/test_predictions.csv (kept 0)
[anchor] === fp_desc_anchor_s1_r3c HIV ===
[anchor] fp_desc_anchor_s1_r3c HIV: OK
[anchor] merged 44 rows into figure_data/climb_v2_phase2/fp_desc_anchor_s1_r3c/moleculenet_cv/moleculenet_summary.csv (kept 44)
[anchor] merged 41120 pred rows into figure_data/climb_v2_phase2/fp_desc_anchor_s1_r3c/moleculenet_cv/test_predictions.csv (kept 1513)
[anchor] === fp_desc_anchor_s1_r3c QM7 ===
[anchor] fp_desc_anchor_s1_r3c QM7: OK
[anchor] merged 22 rows into figure_data/climb_v2_phase2/fp_desc_anchor_s1_r3c/moleculenet_cv_qm7native/moleculenet_summary.csv (kept 0)
[anchor] merged 6838 pred rows into figure_data/climb_v2_phase2/fp_desc_anchor_s1_r3c/moleculenet_cv_qm7native/test_predictions.csv (kept 0)
[anchor] === fp_desc_anchor_s1_r3c Tox21 ===
[anchor] fp_desc_anchor_s1_r3c Tox21: OK
[anchor] merged 44 rows into figure_data/climb_v2_phase2/fp_desc_anchor_s1_r3c/moleculenet_cv_tox21fixed/moleculenet_summary.csv (kept 0)
[anchor] merged 77864 pred rows into figure_data/climb_v2_phase2/fp_desc_anchor_s1_r3c/moleculenet_cv_tox21fixed/test_predictions.csv (kept 0)
[anchor] === fp_desc_anchor_s1_r3c cbs ===
[anchor] fp_desc_anchor_s1_r3c cbs: OK
[anchor] === fp_desc_anchor_s2_r3c BACE ===
[anchor] fp_desc_anchor_s2_r3c BACE: OK
[anchor] merged 44 rows into figure_data/climb_v2_phase2/fp_desc_anchor_s2_r3c/moleculenet_cv/moleculenet_summary.csv (kept 0)
[anchor] merged 1513 pred rows into figure_data/climb_v2_phase2/fp_desc_anchor_s2_r3c/moleculenet_cv/test_predictions.csv (kept 0)
[anchor] === fp_desc_anchor_s2_r3c HIV ===
[anchor] fp_desc_anchor_s2_r3c HIV: OK
[anchor] merged 44 rows into figure_data/climb_v2_phase2/fp_desc_anchor_s2_r3c/moleculenet_cv/moleculenet_summary.csv (kept 44)
[anchor] merged 41120 pred rows into figure_data/climb_v2_phase2/fp_desc_anchor_s2_r3c/moleculenet_cv/test_predictions.csv (kept 1513)
[anchor] === fp_desc_anchor_s2_r3c QM7 ===
[anchor] fp_desc_anchor_s2_r3c QM7: OK
[anchor] merged 22 rows into figure_data/climb_v2_phase2/fp_desc_anchor_s2_r3c/moleculenet_cv_qm7native/moleculenet_summary.csv (kept 0)
[anchor] merged 6838 pred rows into figure_data/climb_v2_phase2/fp_desc_anchor_s2_r3c/moleculenet_cv_qm7native/test_predictions.csv (kept 0)
[anchor] === fp_desc_anchor_s2_r3c Tox21 ===
[anchor] fp_desc_anchor_s2_r3c Tox21: OK
[anchor] merged 44 rows into figure_data/climb_v2_phase2/fp_desc_anchor_s2_r3c/moleculenet_cv_tox21fixed/moleculenet_summary.csv (kept 0)
[anchor] merged 77864 pred rows into figure_data/climb_v2_phase2/fp_desc_anchor_s2_r3c/moleculenet_cv_tox21fixed/test_predictions.csv (kept 0)
[anchor] === fp_desc_anchor_s2_r3c cbs ===
[anchor] fp_desc_anchor_s2_r3c cbs: OK

[anchor] DONE  0 failure(s): none
VARIANT_DONE
