device: mps

===== arm=random (random_baseline_00) =====
No normalization for SPS. Feature removed!
No normalization for AvgIpc. Feature removed!
No normalization for NumAmideBonds. Feature removed!
No normalization for NumAtomStereoCenters. Feature removed!
No normalization for NumBridgeheadAtoms. Feature removed!
No normalization for NumHeterocycles. Feature removed!
No normalization for NumSpiroAtoms. Feature removed!
No normalization for NumUnspecifiedAtomStereoCenters. Feature removed!
No normalization for Phi. Feature removed!
Skipped loading some Tensorflow models, missing a dependency. No module named 'tensorflow'
Skipped loading modules with pytorch-geometric dependency, missing a dependency. No module named 'torch_geometric'
Skipped loading modules with pytorch-geometric dependency, missing a dependency. cannot import name 'DMPNN' from 'deepchem.models.torch_models' (/Users/lsieben/VSCode/CLIMB/.venv_sanity/lib/python3.9/site-packages/deepchem/models/torch_models/__init__.py)
Skipped loading modules with pytorch-lightning dependency, missing a dependency. No module named 'lightning'
Skipped loading some Jax models, missing a dependency. No module named 'jax'
Skipped loading some PyTorch models, missing a dependency. No module named 'tensorflow'
  [ESOL] n_train=902 featurized in 2s
    ESOL   5%  n=   45  rmse=1.5935±0.1655
    ESOL  10%  n=   90  rmse=1.3419±0.1153
    ESOL  25%  n=  226  rmse=1.3341±0.0586
    ESOL  50%  n=  451  rmse=1.3236±0.0664
    ESOL 100%  n=  902  rmse=1.3193±0.0259
  [Lipophilicity] n_train=3360 featurized in 12s
    Lipophilicity   5%  n=  168  rmse=1.1072±0.0321
    Lipophilicity  10%  n=  336  rmse=1.0979±0.0207
    Lipophilicity  25%  n=  840  rmse=1.0283±0.0164
    Lipophilicity  50%  n= 1680  rmse=0.9943±0.0221
    Lipophilicity 100%  n= 3360  rmse=0.9755±0.0137
  [QM7] n_train=5470 featurized in 9s
    QM7   5%  n=  274  rmse=223.9334±8.7360
    QM7  10%  n=  547  rmse=226.3135±8.3392
    QM7  25%  n= 1368  rmse=212.5158±2.7570
    QM7  50%  n= 2735  rmse=211.6786±2.8055
    QM7 100%  n= 5470  rmse=209.2839±4.0645
Failed to featurize datapoint 59, None. Appending empty array
Exception message: Python argument types in
    rdkit.Chem.rdmolfiles.CanonicalRankAtoms(NoneType)
did not match C++ signature:
    CanonicalRankAtoms(RDKit::ROMol mol, bool breakTies=True, bool includeChirality=True, bool includeIsotopes=True, bool includeAtomMaps=True, bool includeChiralPresence=False)
Failed to featurize datapoint 61, None. Appending empty array
Exception message: Python argument types in
    rdkit.Chem.rdmolfiles.CanonicalRankAtoms(NoneType)
did not match C++ signature:
    CanonicalRankAtoms(RDKit::ROMol mol, bool breakTies=True, bool includeChirality=True, bool includeIsotopes=True, bool includeAtomMaps=True, bool includeChiralPresence=False)
Failed to featurize datapoint 391, None. Appending empty array
Exception message: Python argument types in
    rdkit.Chem.rdmolfiles.CanonicalRankAtoms(NoneType)
did not match C++ signature:
    CanonicalRankAtoms(RDKit::ROMol mol, bool breakTies=True, bool includeChirality=True, bool includeIsotopes=True, bool includeAtomMaps=True, bool includeChiralPresence=False)
Failed to featurize datapoint 614, None. Appending empty array
Exception message: Python argument types in
    rdkit.Chem.rdmolfiles.CanonicalRankAtoms(NoneType)
did not match C++ signature:
    CanonicalRankAtoms(RDKit::ROMol mol, bool breakTies=True, bool includeChirality=True, bool includeIsotopes=True, bool includeAtomMaps=True, bool includeChiralPresence=False)
Failed to featurize datapoint 642, None. Appending empty array
Exception message: Python argument types in
    rdkit.Chem.rdmolfiles.CanonicalRankAtoms(NoneType)
did not match C++ signature:
    CanonicalRankAtoms(RDKit::ROMol mol, bool breakTies=True, bool includeChirality=True, bool includeIsotopes=True, bool includeAtomMaps=True, bool includeChiralPresence=False)
Failed to featurize datapoint 645, None. Appending empty array
Exception message: Python argument types in
    rdkit.Chem.rdmolfiles.CanonicalRankAtoms(NoneType)
did not match C++ signature:
    CanonicalRankAtoms(RDKit::ROMol mol, bool breakTies=True, bool includeChirality=True, bool includeIsotopes=True, bool includeAtomMaps=True, bool includeChiralPresence=False)
Failed to featurize datapoint 646, None. Appending empty array
Exception message: Python argument types in
    rdkit.Chem.rdmolfiles.CanonicalRankAtoms(NoneType)
did not match C++ signature:
    CanonicalRankAtoms(RDKit::ROMol mol, bool breakTies=True, bool includeChirality=True, bool includeIsotopes=True, bool includeAtomMaps=True, bool includeChiralPresence=False)
Failed to featurize datapoint 647, None. Appending empty array
Exception message: Python argument types in
    rdkit.Chem.rdmolfiles.CanonicalRankAtoms(NoneType)
did not match C++ signature:
    CanonicalRankAtoms(RDKit::ROMol mol, bool breakTies=True, bool includeChirality=True, bool includeIsotopes=True, bool includeAtomMaps=True, bool includeChiralPresence=False)
Failed to featurize datapoint 648, None. Appending empty array
Exception message: Python argument types in
    rdkit.Chem.rdmolfiles.CanonicalRankAtoms(NoneType)
did not match C++ signature:
    CanonicalRankAtoms(RDKit::ROMol mol, bool breakTies=True, bool includeChirality=True, bool includeIsotopes=True, bool includeAtomMaps=True, bool includeChiralPresence=False)
Failed to featurize datapoint 649, None. Appending empty array
Exception message: Python argument types in
    rdkit.Chem.rdmolfiles.CanonicalRankAtoms(NoneType)
did not match C++ signature:
    CanonicalRankAtoms(RDKit::ROMol mol, bool breakTies=True, bool includeChirality=True, bool includeIsotopes=True, bool includeAtomMaps=True, bool includeChiralPresence=False)
Failed to featurize datapoint 685, None. Appending empty array
Exception message: Python argument types in
    rdkit.Chem.rdmolfiles.CanonicalRankAtoms(NoneType)
did not match C++ signature:
    CanonicalRankAtoms(RDKit::ROMol mol, bool breakTies=True, bool includeChirality=True, bool includeIsotopes=True, bool includeAtomMaps=True, bool includeChiralPresence=False)
Exception message: setting an array element with a sequence. The requested array has an inhomogeneous shape after 1 dimensions. The detected shape was (2050,) + inhomogeneous part.
  [BBBP] n_train=1631 featurized in 10s
    BBBP   5%  n=   82  roc_auc=0.6263±0.0417
    BBBP  10%  n=  163  roc_auc=0.6335±0.0215
    BBBP  25%  n=  408  roc_auc=0.6602±0.0243
    BBBP  50%  n=  816  roc_auc=0.6900±0.0197
    BBBP 100%  n= 1631  roc_auc=0.7235±0.0031
  [BACE] n_train=1210 featurized in 5s
    BACE   5%  n=   60  roc_auc=0.6468±0.0622
    BACE  10%  n=  121  roc_auc=0.6886±0.0338
    BACE  25%  n=  302  roc_auc=0.6570±0.0271
    BACE  50%  n=  605  roc_auc=0.6837±0.0160
    BACE 100%  n= 1210  roc_auc=0.6759±0.0369
Failed to featurize datapoint 1322, None. Appending empty array
Exception message: Python argument types in
    rdkit.Chem.rdmolfiles.CanonicalRankAtoms(NoneType)
did not match C++ signature:
    CanonicalRankAtoms(RDKit::ROMol mol, bool breakTies=True, bool includeChirality=True, bool includeIsotopes=True, bool includeAtomMaps=True, bool includeChiralPresence=False)
Failed to featurize datapoint 2290, None. Appending empty array
Exception message: Python argument types in
    rdkit.Chem.rdmolfiles.CanonicalRankAtoms(NoneType)
did not match C++ signature:
    CanonicalRankAtoms(RDKit::ROMol mol, bool breakTies=True, bool includeChirality=True, bool includeIsotopes=True, bool includeAtomMaps=True, bool includeChiralPresence=False)
Failed to featurize datapoint 2297, None. Appending empty array
Exception message: Python argument types in
    rdkit.Chem.rdmolfiles.CanonicalRankAtoms(NoneType)
did not match C++ signature:
    CanonicalRankAtoms(RDKit::ROMol mol, bool breakTies=True, bool includeChirality=True, bool includeIsotopes=True, bool includeAtomMaps=True, bool includeChiralPresence=False)
Failed to featurize datapoint 3558, None. Appending empty array
Exception message: Python argument types in
    rdkit.Chem.rdmolfiles.CanonicalRankAtoms(NoneType)
did not match C++ signature:
    CanonicalRankAtoms(RDKit::ROMol mol, bool breakTies=True, bool includeChirality=True, bool includeIsotopes=True, bool includeAtomMaps=True, bool includeChiralPresence=False)
Failed to featurize datapoint 4565, None. Appending empty array
Exception message: Python argument types in
    rdkit.Chem.rdmolfiles.CanonicalRankAtoms(NoneType)
did not match C++ signature:
    CanonicalRankAtoms(RDKit::ROMol mol, bool breakTies=True, bool includeChirality=True, bool includeIsotopes=True, bool includeAtomMaps=True, bool includeChiralPresence=False)
Failed to featurize datapoint 4649, None. Appending empty array
Exception message: Python argument types in
    rdkit.Chem.rdmolfiles.CanonicalRankAtoms(NoneType)
did not match C++ signature:
    CanonicalRankAtoms(RDKit::ROMol mol, bool breakTies=True, bool includeChirality=True, bool includeIsotopes=True, bool includeAtomMaps=True, bool includeChiralPresence=False)
Failed to featurize datapoint 5538, None. Appending empty array
Exception message: Python argument types in
    rdkit.Chem.rdmolfiles.CanonicalRankAtoms(NoneType)
did not match C++ signature:
    CanonicalRankAtoms(RDKit::ROMol mol, bool breakTies=True, bool includeChirality=True, bool includeIsotopes=True, bool includeAtomMaps=True, bool includeChiralPresence=False)
Failed to featurize datapoint 6723, None. Appending empty array
Exception message: Python argument types in
    rdkit.Chem.rdmolfiles.CanonicalRankAtoms(NoneType)
did not match C++ signature:
    CanonicalRankAtoms(RDKit::ROMol mol, bool breakTies=True, bool includeChirality=True, bool includeIsotopes=True, bool includeAtomMaps=True, bool includeChiralPresence=False)
Exception message: setting an array element with a sequence. The requested array has an inhomogeneous shape after 1 dimensions. The detected shape was (7831,) + inhomogeneous part.
  [Tox21] n_train=6258 featurized in 29s
    Tox21   5%  n=  313  roc_auc=0.5983±0.0087
    Tox21  10%  n=  626  roc_auc=0.6137±0.0124
    Tox21  25%  n= 1564  roc_auc=0.6587±0.0114
    Tox21  50%  n= 3129  roc_auc=0.6743±0.0063
    Tox21 100%  n= 6258  roc_auc=0.6946±0.0043
Failed to featurize datapoint 137, None. Appending empty array
Exception message: Python argument types in
    rdkit.Chem.rdmolfiles.CanonicalRankAtoms(NoneType)
did not match C++ signature:
    CanonicalRankAtoms(RDKit::ROMol mol, bool breakTies=True, bool includeChirality=True, bool includeIsotopes=True, bool includeAtomMaps=True, bool includeChiralPresence=False)
Failed to featurize datapoint 987, None. Appending empty array
Exception message: Python argument types in
    rdkit.Chem.rdmolfiles.CanonicalRankAtoms(NoneType)
did not match C++ signature:
    CanonicalRankAtoms(RDKit::ROMol mol, bool breakTies=True, bool includeChirality=True, bool includeIsotopes=True, bool includeAtomMaps=True, bool includeChiralPresence=False)
Exception message: setting an array element with a sequence. The requested array has an inhomogeneous shape after 1 dimensions. The detected shape was (8192,) + inhomogeneous part.
Failed to featurize datapoint 4690, None. Appending empty array
Exception message: Python argument types in
    rdkit.Chem.rdmolfiles.CanonicalRankAtoms(NoneType)
did not match C++ signature:
    CanonicalRankAtoms(RDKit::ROMol mol, bool breakTies=True, bool includeChirality=True, bool includeIsotopes=True, bool includeAtomMaps=True, bool includeChiralPresence=False)
Exception message: setting an array element with a sequence. The requested array has an inhomogeneous shape after 1 dimensions. The detected shape was (8192,) + inhomogeneous part.
Failed to featurize datapoint 1909, None. Appending empty array
Exception message: Python argument types in
    rdkit.Chem.rdmolfiles.CanonicalRankAtoms(NoneType)
did not match C++ signature:
    CanonicalRankAtoms(RDKit::ROMol mol, bool breakTies=True, bool includeChirality=True, bool includeIsotopes=True, bool includeAtomMaps=True, bool includeChiralPresence=False)
Exception message: setting an array element with a sequence. The requested array has an inhomogeneous shape after 1 dimensions. The detected shape was (8192,) + inhomogeneous part.
Failed to featurize datapoint 6208, None. Appending empty array
Exception message: Python argument types in
    rdkit.Chem.rdmolfiles.CanonicalRankAtoms(NoneType)
did not match C++ signature:
    CanonicalRankAtoms(RDKit::ROMol mol, bool breakTies=True, bool includeChirality=True, bool includeIsotopes=True, bool includeAtomMaps=True, bool includeChiralPresence=False)
Failed to featurize datapoint 6209, None. Appending empty array
Exception message: Python argument types in
    rdkit.Chem.rdmolfiles.CanonicalRankAtoms(NoneType)
did not match C++ signature:
    CanonicalRankAtoms(RDKit::ROMol mol, bool breakTies=True, bool includeChirality=True, bool includeIsotopes=True, bool includeAtomMaps=True, bool includeChiralPresence=False)
Exception message: setting an array element with a sequence. The requested array has an inhomogeneous shape after 1 dimensions. The detected shape was (8192,) + inhomogeneous part.
Failed to featurize datapoint 2960, None. Appending empty array
Exception message: Python argument types in
    rdkit.Chem.rdmolfiles.CanonicalRankAtoms(NoneType)
did not match C++ signature:
    CanonicalRankAtoms(RDKit::ROMol mol, bool breakTies=True, bool includeChirality=True, bool includeIsotopes=True, bool includeAtomMaps=True, bool includeChiralPresence=False)
Exception message: setting an array element with a sequence. The requested array has an inhomogeneous shape after 1 dimensions. The detected shape was (8192,) + inhomogeneous part.
  [HIV] n_train=32896 featurized in 157s
    HIV   5%  n= 1645  roc_auc=0.6936±0.0144
    HIV  10%  n= 3290  roc_auc=0.7088±0.0129
    HIV  25%  n= 8224  roc_auc=0.7242±0.0094
    HIV  50%  n=16448  roc_auc=0.7439±0.0135
    HIV 100%  n=32896  roc_auc=0.7581±0.0025

===== arm=unsup (unsup_8M) =====
  [ESOL] n_train=902 featurized in 2s
    ESOL   5%  n=   45  rmse=1.6225±0.0747
    ESOL  10%  n=   90  rmse=1.3343±0.0676
    ESOL  25%  n=  226  rmse=1.1681±0.0337
    ESOL  50%  n=  451  rmse=1.1177±0.0580
    ESOL 100%  n=  902  rmse=1.0007±0.0017
  [Lipophilicity] n_train=3360 featurized in 12s
    Lipophilicity   5%  n=  168  rmse=1.0829±0.0326
    Lipophilicity  10%  n=  336  rmse=1.0423±0.0231
    Lipophilicity  25%  n=  840  rmse=0.9969±0.0333
    Lipophilicity  50%  n= 1680  rmse=0.9216±0.0129
    Lipophilicity 100%  n= 3360  rmse=0.8831±0.0127
  [QM7] n_train=5470 featurized in 9s
    QM7   5%  n=  274  rmse=223.9014±11.3037
    QM7  10%  n=  547  rmse=221.2829±5.9784
    QM7  25%  n= 1368  rmse=210.4379±4.3181
    QM7  50%  n= 2735  rmse=215.1649±4.7192
    QM7 100%  n= 5470  rmse=208.7587±3.1991
Failed to featurize datapoint 59, None. Appending empty array
Exception message: Python argument types in
    rdkit.Chem.rdmolfiles.CanonicalRankAtoms(NoneType)
did not match C++ signature:
    CanonicalRankAtoms(RDKit::ROMol mol, bool breakTies=True, bool includeChirality=True, bool includeIsotopes=True, bool includeAtomMaps=True, bool includeChiralPresence=False)
Failed to featurize datapoint 61, None. Appending empty array
Exception message: Python argument types in
    rdkit.Chem.rdmolfiles.CanonicalRankAtoms(NoneType)
did not match C++ signature:
    CanonicalRankAtoms(RDKit::ROMol mol, bool breakTies=True, bool includeChirality=True, bool includeIsotopes=True, bool includeAtomMaps=True, bool includeChiralPresence=False)
Failed to featurize datapoint 391, None. Appending empty array
Exception message: Python argument types in
    rdkit.Chem.rdmolfiles.CanonicalRankAtoms(NoneType)
did not match C++ signature:
    CanonicalRankAtoms(RDKit::ROMol mol, bool breakTies=True, bool includeChirality=True, bool includeIsotopes=True, bool includeAtomMaps=True, bool includeChiralPresence=False)
Failed to featurize datapoint 614, None. Appending empty array
Exception message: Python argument types in
    rdkit.Chem.rdmolfiles.CanonicalRankAtoms(NoneType)
did not match C++ signature:
    CanonicalRankAtoms(RDKit::ROMol mol, bool breakTies=True, bool includeChirality=True, bool includeIsotopes=True, bool includeAtomMaps=True, bool includeChiralPresence=False)
Failed to featurize datapoint 642, None. Appending empty array
Exception message: Python argument types in
    rdkit.Chem.rdmolfiles.CanonicalRankAtoms(NoneType)
did not match C++ signature:
    CanonicalRankAtoms(RDKit::ROMol mol, bool breakTies=True, bool includeChirality=True, bool includeIsotopes=True, bool includeAtomMaps=True, bool includeChiralPresence=False)
Failed to featurize datapoint 645, None. Appending empty array
Exception message: Python argument types in
    rdkit.Chem.rdmolfiles.CanonicalRankAtoms(NoneType)
did not match C++ signature:
    CanonicalRankAtoms(RDKit::ROMol mol, bool breakTies=True, bool includeChirality=True, bool includeIsotopes=True, bool includeAtomMaps=True, bool includeChiralPresence=False)
Failed to featurize datapoint 646, None. Appending empty array
Exception message: Python argument types in
    rdkit.Chem.rdmolfiles.CanonicalRankAtoms(NoneType)
did not match C++ signature:
    CanonicalRankAtoms(RDKit::ROMol mol, bool breakTies=True, bool includeChirality=True, bool includeIsotopes=True, bool includeAtomMaps=True, bool includeChiralPresence=False)
Failed to featurize datapoint 647, None. Appending empty array
Exception message: Python argument types in
    rdkit.Chem.rdmolfiles.CanonicalRankAtoms(NoneType)
did not match C++ signature:
    CanonicalRankAtoms(RDKit::ROMol mol, bool breakTies=True, bool includeChirality=True, bool includeIsotopes=True, bool includeAtomMaps=True, bool includeChiralPresence=False)
Failed to featurize datapoint 648, None. Appending empty array
Exception message: Python argument types in
    rdkit.Chem.rdmolfiles.CanonicalRankAtoms(NoneType)
did not match C++ signature:
    CanonicalRankAtoms(RDKit::ROMol mol, bool breakTies=True, bool includeChirality=True, bool includeIsotopes=True, bool includeAtomMaps=True, bool includeChiralPresence=False)
Failed to featurize datapoint 649, None. Appending empty array
Exception message: Python argument types in
    rdkit.Chem.rdmolfiles.CanonicalRankAtoms(NoneType)
did not match C++ signature:
    CanonicalRankAtoms(RDKit::ROMol mol, bool breakTies=True, bool includeChirality=True, bool includeIsotopes=True, bool includeAtomMaps=True, bool includeChiralPresence=False)
Failed to featurize datapoint 685, None. Appending empty array
Exception message: Python argument types in
    rdkit.Chem.rdmolfiles.CanonicalRankAtoms(NoneType)
did not match C++ signature:
    CanonicalRankAtoms(RDKit::ROMol mol, bool breakTies=True, bool includeChirality=True, bool includeIsotopes=True, bool includeAtomMaps=True, bool includeChiralPresence=False)
Exception message: setting an array element with a sequence. The requested array has an inhomogeneous shape after 1 dimensions. The detected shape was (2050,) + inhomogeneous part.
  [BBBP] n_train=1631 featurized in 10s
    BBBP   5%  n=   82  roc_auc=0.6498±0.0462
    BBBP  10%  n=  163  roc_auc=0.6743±0.0261
    BBBP  25%  n=  408  roc_auc=0.7192±0.0212
    BBBP  50%  n=  816  roc_auc=0.7374±0.0078
    BBBP 100%  n= 1631  roc_auc=0.7425±0.0022
  [BACE] n_train=1210 featurized in 5s
    BACE   5%  n=   60  roc_auc=0.6575±0.0546
    BACE  10%  n=  121  roc_auc=0.7323±0.0243
    BACE  25%  n=  302  roc_auc=0.7681±0.0156
    BACE  50%  n=  605  roc_auc=0.8102±0.0186
    BACE 100%  n= 1210  roc_auc=0.8173±0.0078
Failed to featurize datapoint 1322, None. Appending empty array
Exception message: Python argument types in
    rdkit.Chem.rdmolfiles.CanonicalRankAtoms(NoneType)
did not match C++ signature:
    CanonicalRankAtoms(RDKit::ROMol mol, bool breakTies=True, bool includeChirality=True, bool includeIsotopes=True, bool includeAtomMaps=True, bool includeChiralPresence=False)
Failed to featurize datapoint 2290, None. Appending empty array
Exception message: Python argument types in
    rdkit.Chem.rdmolfiles.CanonicalRankAtoms(NoneType)
did not match C++ signature:
    CanonicalRankAtoms(RDKit::ROMol mol, bool breakTies=True, bool includeChirality=True, bool includeIsotopes=True, bool includeAtomMaps=True, bool includeChiralPresence=False)
Failed to featurize datapoint 2297, None. Appending empty array
Exception message: Python argument types in
    rdkit.Chem.rdmolfiles.CanonicalRankAtoms(NoneType)
did not match C++ signature:
    CanonicalRankAtoms(RDKit::ROMol mol, bool breakTies=True, bool includeChirality=True, bool includeIsotopes=True, bool includeAtomMaps=True, bool includeChiralPresence=False)
Failed to featurize datapoint 3558, None. Appending empty array
Exception message: Python argument types in
    rdkit.Chem.rdmolfiles.CanonicalRankAtoms(NoneType)
did not match C++ signature:
    CanonicalRankAtoms(RDKit::ROMol mol, bool breakTies=True, bool includeChirality=True, bool includeIsotopes=True, bool includeAtomMaps=True, bool includeChiralPresence=False)
Failed to featurize datapoint 4565, None. Appending empty array
Exception message: Python argument types in
    rdkit.Chem.rdmolfiles.CanonicalRankAtoms(NoneType)
did not match C++ signature:
    CanonicalRankAtoms(RDKit::ROMol mol, bool breakTies=True, bool includeChirality=True, bool includeIsotopes=True, bool includeAtomMaps=True, bool includeChiralPresence=False)
Failed to featurize datapoint 4649, None. Appending empty array
Exception message: Python argument types in
    rdkit.Chem.rdmolfiles.CanonicalRankAtoms(NoneType)
did not match C++ signature:
    CanonicalRankAtoms(RDKit::ROMol mol, bool breakTies=True, bool includeChirality=True, bool includeIsotopes=True, bool includeAtomMaps=True, bool includeChiralPresence=False)
Failed to featurize datapoint 5538, None. Appending empty array
Exception message: Python argument types in
    rdkit.Chem.rdmolfiles.CanonicalRankAtoms(NoneType)
did not match C++ signature:
    CanonicalRankAtoms(RDKit::ROMol mol, bool breakTies=True, bool includeChirality=True, bool includeIsotopes=True, bool includeAtomMaps=True, bool includeChiralPresence=False)
Failed to featurize datapoint 6723, None. Appending empty array
Exception message: Python argument types in
    rdkit.Chem.rdmolfiles.CanonicalRankAtoms(NoneType)
did not match C++ signature:
    CanonicalRankAtoms(RDKit::ROMol mol, bool breakTies=True, bool includeChirality=True, bool includeIsotopes=True, bool includeAtomMaps=True, bool includeChiralPresence=False)
Exception message: setting an array element with a sequence. The requested array has an inhomogeneous shape after 1 dimensions. The detected shape was (7831,) + inhomogeneous part.
  [Tox21] n_train=6258 featurized in 28s
    Tox21   5%  n=  313  roc_auc=0.6300±0.0110
    Tox21  10%  n=  626  roc_auc=0.6641±0.0151
    Tox21  25%  n= 1564  roc_auc=0.7101±0.0072
    Tox21  50%  n= 3129  roc_auc=0.7208±0.0048
    Tox21 100%  n= 6258  roc_auc=0.7327±0.0017
Failed to featurize datapoint 137, None. Appending empty array
Exception message: Python argument types in
    rdkit.Chem.rdmolfiles.CanonicalRankAtoms(NoneType)
did not match C++ signature:
    CanonicalRankAtoms(RDKit::ROMol mol, bool breakTies=True, bool includeChirality=True, bool includeIsotopes=True, bool includeAtomMaps=True, bool includeChiralPresence=False)
Failed to featurize datapoint 987, None. Appending empty array
Exception message: Python argument types in
    rdkit.Chem.rdmolfiles.CanonicalRankAtoms(NoneType)
did not match C++ signature:
    CanonicalRankAtoms(RDKit::ROMol mol, bool breakTies=True, bool includeChirality=True, bool includeIsotopes=True, bool includeAtomMaps=True, bool includeChiralPresence=False)
Exception message: setting an array element with a sequence. The requested array has an inhomogeneous shape after 1 dimensions. The detected shape was (8192,) + inhomogeneous part.
Failed to featurize datapoint 4690, None. Appending empty array
Exception message: Python argument types in
    rdkit.Chem.rdmolfiles.CanonicalRankAtoms(NoneType)
did not match C++ signature:
    CanonicalRankAtoms(RDKit::ROMol mol, bool breakTies=True, bool includeChirality=True, bool includeIsotopes=True, bool includeAtomMaps=True, bool includeChiralPresence=False)
Exception message: setting an array element with a sequence. The requested array has an inhomogeneous shape after 1 dimensions. The detected shape was (8192,) + inhomogeneous part.
Failed to featurize datapoint 1909, None. Appending empty array
Exception message: Python argument types in
    rdkit.Chem.rdmolfiles.CanonicalRankAtoms(NoneType)
did not match C++ signature:
    CanonicalRankAtoms(RDKit::ROMol mol, bool breakTies=True, bool includeChirality=True, bool includeIsotopes=True, bool includeAtomMaps=True, bool includeChiralPresence=False)
Exception message: setting an array element with a sequence. The requested array has an inhomogeneous shape after 1 dimensions. The detected shape was (8192,) + inhomogeneous part.
Failed to featurize datapoint 6208, None. Appending empty array
Exception message: Python argument types in
    rdkit.Chem.rdmolfiles.CanonicalRankAtoms(NoneType)
did not match C++ signature:
    CanonicalRankAtoms(RDKit::ROMol mol, bool breakTies=True, bool includeChirality=True, bool includeIsotopes=True, bool includeAtomMaps=True, bool includeChiralPresence=False)
Failed to featurize datapoint 6209, None. Appending empty array
Exception message: Python argument types in
    rdkit.Chem.rdmolfiles.CanonicalRankAtoms(NoneType)
did not match C++ signature:
    CanonicalRankAtoms(RDKit::ROMol mol, bool breakTies=True, bool includeChirality=True, bool includeIsotopes=True, bool includeAtomMaps=True, bool includeChiralPresence=False)
Exception message: setting an array element with a sequence. The requested array has an inhomogeneous shape after 1 dimensions. The detected shape was (8192,) + inhomogeneous part.
Failed to featurize datapoint 2960, None. Appending empty array
Exception message: Python argument types in
    rdkit.Chem.rdmolfiles.CanonicalRankAtoms(NoneType)
did not match C++ signature:
    CanonicalRankAtoms(RDKit::ROMol mol, bool breakTies=True, bool includeChirality=True, bool includeIsotopes=True, bool includeAtomMaps=True, bool includeChiralPresence=False)
Exception message: setting an array element with a sequence. The requested array has an inhomogeneous shape after 1 dimensions. The detected shape was (8192,) + inhomogeneous part.
  [HIV] n_train=32896 featurized in 150s
    HIV   5%  n= 1645  roc_auc=0.6532±0.0286
    HIV  10%  n= 3290  roc_auc=0.6490±0.0216
    HIV  25%  n= 8224  roc_auc=0.7093±0.0355
    HIV  50%  n=16448  roc_auc=0.7217±0.0321
    HIV 100%  n=32896  roc_auc=0.7639±0.0044

===== arm=sup (skip_dense_8M) =====
  [ESOL] n_train=902 featurized in 3s
    ESOL   5%  n=   45  rmse=1.5270±0.0833
    ESOL  10%  n=   90  rmse=1.2816±0.0557
    ESOL  25%  n=  226  rmse=1.2008±0.0427
    ESOL  50%  n=  451  rmse=1.0772±0.0533
    ESOL 100%  n=  902  rmse=0.9523±0.0202
  [Lipophilicity] n_train=3360 featurized in 13s
    Lipophilicity   5%  n=  168  rmse=1.0329±0.0178
    Lipophilicity  10%  n=  336  rmse=1.0012±0.0332
    Lipophilicity  25%  n=  840  rmse=0.9323±0.0245
    Lipophilicity  50%  n= 1680  rmse=0.8654±0.0176
    Lipophilicity 100%  n= 3360  rmse=0.8033±0.0088
  [QM7] n_train=5470 featurized in 9s
    QM7   5%  n=  274  rmse=217.8933±14.6858
    QM7  10%  n=  547  rmse=208.4288±4.7915
    QM7  25%  n= 1368  rmse=204.8321±3.0324
    QM7  50%  n= 2735  rmse=202.8460±1.9804
    QM7 100%  n= 5470  rmse=200.3055±1.2378
Failed to featurize datapoint 59, None. Appending empty array
Exception message: Python argument types in
    rdkit.Chem.rdmolfiles.CanonicalRankAtoms(NoneType)
did not match C++ signature:
    CanonicalRankAtoms(RDKit::ROMol mol, bool breakTies=True, bool includeChirality=True, bool includeIsotopes=True, bool includeAtomMaps=True, bool includeChiralPresence=False)
Failed to featurize datapoint 61, None. Appending empty array
Exception message: Python argument types in
    rdkit.Chem.rdmolfiles.CanonicalRankAtoms(NoneType)
did not match C++ signature:
    CanonicalRankAtoms(RDKit::ROMol mol, bool breakTies=True, bool includeChirality=True, bool includeIsotopes=True, bool includeAtomMaps=True, bool includeChiralPresence=False)
Failed to featurize datapoint 391, None. Appending empty array
Exception message: Python argument types in
    rdkit.Chem.rdmolfiles.CanonicalRankAtoms(NoneType)
did not match C++ signature:
    CanonicalRankAtoms(RDKit::ROMol mol, bool breakTies=True, bool includeChirality=True, bool includeIsotopes=True, bool includeAtomMaps=True, bool includeChiralPresence=False)
Failed to featurize datapoint 614, None. Appending empty array
Exception message: Python argument types in
    rdkit.Chem.rdmolfiles.CanonicalRankAtoms(NoneType)
did not match C++ signature:
    CanonicalRankAtoms(RDKit::ROMol mol, bool breakTies=True, bool includeChirality=True, bool includeIsotopes=True, bool includeAtomMaps=True, bool includeChiralPresence=False)
Failed to featurize datapoint 642, None. Appending empty array
Exception message: Python argument types in
    rdkit.Chem.rdmolfiles.CanonicalRankAtoms(NoneType)
did not match C++ signature:
    CanonicalRankAtoms(RDKit::ROMol mol, bool breakTies=True, bool includeChirality=True, bool includeIsotopes=True, bool includeAtomMaps=True, bool includeChiralPresence=False)
Failed to featurize datapoint 645, None. Appending empty array
Exception message: Python argument types in
    rdkit.Chem.rdmolfiles.CanonicalRankAtoms(NoneType)
did not match C++ signature:
    CanonicalRankAtoms(RDKit::ROMol mol, bool breakTies=True, bool includeChirality=True, bool includeIsotopes=True, bool includeAtomMaps=True, bool includeChiralPresence=False)
Failed to featurize datapoint 646, None. Appending empty array
Exception message: Python argument types in
    rdkit.Chem.rdmolfiles.CanonicalRankAtoms(NoneType)
did not match C++ signature:
    CanonicalRankAtoms(RDKit::ROMol mol, bool breakTies=True, bool includeChirality=True, bool includeIsotopes=True, bool includeAtomMaps=True, bool includeChiralPresence=False)
Failed to featurize datapoint 647, None. Appending empty array
Exception message: Python argument types in
    rdkit.Chem.rdmolfiles.CanonicalRankAtoms(NoneType)
did not match C++ signature:
    CanonicalRankAtoms(RDKit::ROMol mol, bool breakTies=True, bool includeChirality=True, bool includeIsotopes=True, bool includeAtomMaps=True, bool includeChiralPresence=False)
Failed to featurize datapoint 648, None. Appending empty array
Exception message: Python argument types in
    rdkit.Chem.rdmolfiles.CanonicalRankAtoms(NoneType)
did not match C++ signature:
    CanonicalRankAtoms(RDKit::ROMol mol, bool breakTies=True, bool includeChirality=True, bool includeIsotopes=True, bool includeAtomMaps=True, bool includeChiralPresence=False)
Failed to featurize datapoint 649, None. Appending empty array
Exception message: Python argument types in
    rdkit.Chem.rdmolfiles.CanonicalRankAtoms(NoneType)
did not match C++ signature:
    CanonicalRankAtoms(RDKit::ROMol mol, bool breakTies=True, bool includeChirality=True, bool includeIsotopes=True, bool includeAtomMaps=True, bool includeChiralPresence=False)
Failed to featurize datapoint 685, None. Appending empty array
Exception message: Python argument types in
    rdkit.Chem.rdmolfiles.CanonicalRankAtoms(NoneType)
did not match C++ signature:
    CanonicalRankAtoms(RDKit::ROMol mol, bool breakTies=True, bool includeChirality=True, bool includeIsotopes=True, bool includeAtomMaps=True, bool includeChiralPresence=False)
Exception message: setting an array element with a sequence. The requested array has an inhomogeneous shape after 1 dimensions. The detected shape was (2050,) + inhomogeneous part.
  [BBBP] n_train=1631 featurized in 10s
    BBBP   5%  n=   82  roc_auc=0.6030±0.0485
    BBBP  10%  n=  163  roc_auc=0.5951±0.0204
    BBBP  25%  n=  408  roc_auc=0.6565±0.0222
    BBBP  50%  n=  816  roc_auc=0.6681±0.0157
    BBBP 100%  n= 1631  roc_auc=0.6682±0.0208
  [BACE] n_train=1210 featurized in 5s
    BACE   5%  n=   60  roc_auc=0.6729±0.0874
    BACE  10%  n=  121  roc_auc=0.7393±0.0202
    BACE  25%  n=  302  roc_auc=0.7774±0.0222
    BACE  50%  n=  605  roc_auc=0.7915±0.0128
    BACE 100%  n= 1210  roc_auc=0.8144±0.0194
Failed to featurize datapoint 1322, None. Appending empty array
Exception message: Python argument types in
    rdkit.Chem.rdmolfiles.CanonicalRankAtoms(NoneType)
did not match C++ signature:
    CanonicalRankAtoms(RDKit::ROMol mol, bool breakTies=True, bool includeChirality=True, bool includeIsotopes=True, bool includeAtomMaps=True, bool includeChiralPresence=False)
Failed to featurize datapoint 2290, None. Appending empty array
Exception message: Python argument types in
    rdkit.Chem.rdmolfiles.CanonicalRankAtoms(NoneType)
did not match C++ signature:
    CanonicalRankAtoms(RDKit::ROMol mol, bool breakTies=True, bool includeChirality=True, bool includeIsotopes=True, bool includeAtomMaps=True, bool includeChiralPresence=False)
Failed to featurize datapoint 2297, None. Appending empty array
Exception message: Python argument types in
    rdkit.Chem.rdmolfiles.CanonicalRankAtoms(NoneType)
did not match C++ signature:
    CanonicalRankAtoms(RDKit::ROMol mol, bool breakTies=True, bool includeChirality=True, bool includeIsotopes=True, bool includeAtomMaps=True, bool includeChiralPresence=False)
Failed to featurize datapoint 3558, None. Appending empty array
Exception message: Python argument types in
    rdkit.Chem.rdmolfiles.CanonicalRankAtoms(NoneType)
did not match C++ signature:
    CanonicalRankAtoms(RDKit::ROMol mol, bool breakTies=True, bool includeChirality=True, bool includeIsotopes=True, bool includeAtomMaps=True, bool includeChiralPresence=False)
Failed to featurize datapoint 4565, None. Appending empty array
Exception message: Python argument types in
    rdkit.Chem.rdmolfiles.CanonicalRankAtoms(NoneType)
did not match C++ signature:
    CanonicalRankAtoms(RDKit::ROMol mol, bool breakTies=True, bool includeChirality=True, bool includeIsotopes=True, bool includeAtomMaps=True, bool includeChiralPresence=False)
Failed to featurize datapoint 4649, None. Appending empty array
Exception message: Python argument types in
    rdkit.Chem.rdmolfiles.CanonicalRankAtoms(NoneType)
did not match C++ signature:
    CanonicalRankAtoms(RDKit::ROMol mol, bool breakTies=True, bool includeChirality=True, bool includeIsotopes=True, bool includeAtomMaps=True, bool includeChiralPresence=False)
Failed to featurize datapoint 5538, None. Appending empty array
Exception message: Python argument types in
    rdkit.Chem.rdmolfiles.CanonicalRankAtoms(NoneType)
did not match C++ signature:
    CanonicalRankAtoms(RDKit::ROMol mol, bool breakTies=True, bool includeChirality=True, bool includeIsotopes=True, bool includeAtomMaps=True, bool includeChiralPresence=False)
Failed to featurize datapoint 6723, None. Appending empty array
Exception message: Python argument types in
    rdkit.Chem.rdmolfiles.CanonicalRankAtoms(NoneType)
did not match C++ signature:
    CanonicalRankAtoms(RDKit::ROMol mol, bool breakTies=True, bool includeChirality=True, bool includeIsotopes=True, bool includeAtomMaps=True, bool includeChiralPresence=False)
Exception message: setting an array element with a sequence. The requested array has an inhomogeneous shape after 1 dimensions. The detected shape was (7831,) + inhomogeneous part.
  [Tox21] n_train=6258 featurized in 30s
    Tox21   5%  n=  313  roc_auc=0.6563±0.0100
    Tox21  10%  n=  626  roc_auc=0.6723±0.0081
    Tox21  25%  n= 1564  roc_auc=0.7058±0.0049
    Tox21  50%  n= 3129  roc_auc=0.7222±0.0059
    Tox21 100%  n= 6258  roc_auc=0.7234±0.0029
Failed to featurize datapoint 137, None. Appending empty array
Exception message: Python argument types in
    rdkit.Chem.rdmolfiles.CanonicalRankAtoms(NoneType)
did not match C++ signature:
    CanonicalRankAtoms(RDKit::ROMol mol, bool breakTies=True, bool includeChirality=True, bool includeIsotopes=True, bool includeAtomMaps=True, bool includeChiralPresence=False)
Failed to featurize datapoint 987, None. Appending empty array
Exception message: Python argument types in
    rdkit.Chem.rdmolfiles.CanonicalRankAtoms(NoneType)
did not match C++ signature:
    CanonicalRankAtoms(RDKit::ROMol mol, bool breakTies=True, bool includeChirality=True, bool includeIsotopes=True, bool includeAtomMaps=True, bool includeChiralPresence=False)
Exception message: setting an array element with a sequence. The requested array has an inhomogeneous shape after 1 dimensions. The detected shape was (8192,) + inhomogeneous part.
Failed to featurize datapoint 4690, None. Appending empty array
Exception message: Python argument types in
    rdkit.Chem.rdmolfiles.CanonicalRankAtoms(NoneType)
did not match C++ signature:
    CanonicalRankAtoms(RDKit::ROMol mol, bool breakTies=True, bool includeChirality=True, bool includeIsotopes=True, bool includeAtomMaps=True, bool includeChiralPresence=False)
Exception message: setting an array element with a sequence. The requested array has an inhomogeneous shape after 1 dimensions. The detected shape was (8192,) + inhomogeneous part.
Failed to featurize datapoint 1909, None. Appending empty array
Exception message: Python argument types in
    rdkit.Chem.rdmolfiles.CanonicalRankAtoms(NoneType)
did not match C++ signature:
    CanonicalRankAtoms(RDKit::ROMol mol, bool breakTies=True, bool includeChirality=True, bool includeIsotopes=True, bool includeAtomMaps=True, bool includeChiralPresence=False)
Exception message: setting an array element with a sequence. The requested array has an inhomogeneous shape after 1 dimensions. The detected shape was (8192,) + inhomogeneous part.
Failed to featurize datapoint 6208, None. Appending empty array
Exception message: Python argument types in
    rdkit.Chem.rdmolfiles.CanonicalRankAtoms(NoneType)
did not match C++ signature:
    CanonicalRankAtoms(RDKit::ROMol mol, bool breakTies=True, bool includeChirality=True, bool includeIsotopes=True, bool includeAtomMaps=True, bool includeChiralPresence=False)
Failed to featurize datapoint 6209, None. Appending empty array
Exception message: Python argument types in
    rdkit.Chem.rdmolfiles.CanonicalRankAtoms(NoneType)
did not match C++ signature:
    CanonicalRankAtoms(RDKit::ROMol mol, bool breakTies=True, bool includeChirality=True, bool includeIsotopes=True, bool includeAtomMaps=True, bool includeChiralPresence=False)
Exception message: setting an array element with a sequence. The requested array has an inhomogeneous shape after 1 dimensions. The detected shape was (8192,) + inhomogeneous part.
Failed to featurize datapoint 2960, None. Appending empty array
Exception message: Python argument types in
    rdkit.Chem.rdmolfiles.CanonicalRankAtoms(NoneType)
did not match C++ signature:
    CanonicalRankAtoms(RDKit::ROMol mol, bool breakTies=True, bool includeChirality=True, bool includeIsotopes=True, bool includeAtomMaps=True, bool includeChiralPresence=False)
Exception message: setting an array element with a sequence. The requested array has an inhomogeneous shape after 1 dimensions. The detected shape was (8192,) + inhomogeneous part.
  [HIV] n_train=32896 featurized in 148s
    HIV   5%  n= 1645  roc_auc=0.6687±0.0232
    HIV  10%  n= 3290  roc_auc=0.6928±0.0110
    HIV  25%  n= 8224  roc_auc=0.7293±0.0228
    HIV  50%  n=16448  roc_auc=0.7340±0.0087
    HIV 100%  n=32896  roc_auc=0.7625±0.0129

===== arm=unsup2sup (u2s_dense_from8M) =====
  [ESOL] n_train=902 featurized in 2s
    ESOL   5%  n=   45  rmse=1.7014±0.1323
    ESOL  10%  n=   90  rmse=1.5331±0.0703
    ESOL  25%  n=  226  rmse=1.3452±0.1090
    ESOL  50%  n=  451  rmse=1.2214±0.0551
    ESOL 100%  n=  902  rmse=1.0609±0.0237
  [Lipophilicity] n_train=3360 featurized in 12s
    Lipophilicity   5%  n=  168  rmse=1.0810±0.0390
    Lipophilicity  10%  n=  336  rmse=1.0297±0.0317
    Lipophilicity  25%  n=  840  rmse=0.9662±0.0125
    Lipophilicity  50%  n= 1680  rmse=0.9132±0.0189
    Lipophilicity 100%  n= 3360  rmse=0.8390±0.0053
  [QM7] n_train=5470 featurized in 10s
    QM7   5%  n=  274  rmse=216.3073±9.8566
    QM7  10%  n=  547  rmse=213.5273±5.8023
    QM7  25%  n= 1368  rmse=208.2279±2.6915
    QM7  50%  n= 2735  rmse=208.6997±2.0533
    QM7 100%  n= 5470  rmse=205.2657±2.2472
Failed to featurize datapoint 59, None. Appending empty array
Exception message: Python argument types in
    rdkit.Chem.rdmolfiles.CanonicalRankAtoms(NoneType)
did not match C++ signature:
    CanonicalRankAtoms(RDKit::ROMol mol, bool breakTies=True, bool includeChirality=True, bool includeIsotopes=True, bool includeAtomMaps=True, bool includeChiralPresence=False)
Failed to featurize datapoint 61, None. Appending empty array
Exception message: Python argument types in
    rdkit.Chem.rdmolfiles.CanonicalRankAtoms(NoneType)
did not match C++ signature:
    CanonicalRankAtoms(RDKit::ROMol mol, bool breakTies=True, bool includeChirality=True, bool includeIsotopes=True, bool includeAtomMaps=True, bool includeChiralPresence=False)
Failed to featurize datapoint 391, None. Appending empty array
Exception message: Python argument types in
    rdkit.Chem.rdmolfiles.CanonicalRankAtoms(NoneType)
did not match C++ signature:
    CanonicalRankAtoms(RDKit::ROMol mol, bool breakTies=True, bool includeChirality=True, bool includeIsotopes=True, bool includeAtomMaps=True, bool includeChiralPresence=False)
Failed to featurize datapoint 614, None. Appending empty array
Exception message: Python argument types in
    rdkit.Chem.rdmolfiles.CanonicalRankAtoms(NoneType)
did not match C++ signature:
    CanonicalRankAtoms(RDKit::ROMol mol, bool breakTies=True, bool includeChirality=True, bool includeIsotopes=True, bool includeAtomMaps=True, bool includeChiralPresence=False)
Failed to featurize datapoint 642, None. Appending empty array
Exception message: Python argument types in
    rdkit.Chem.rdmolfiles.CanonicalRankAtoms(NoneType)
did not match C++ signature:
    CanonicalRankAtoms(RDKit::ROMol mol, bool breakTies=True, bool includeChirality=True, bool includeIsotopes=True, bool includeAtomMaps=True, bool includeChiralPresence=False)
Failed to featurize datapoint 645, None. Appending empty array
Exception message: Python argument types in
    rdkit.Chem.rdmolfiles.CanonicalRankAtoms(NoneType)
did not match C++ signature:
    CanonicalRankAtoms(RDKit::ROMol mol, bool breakTies=True, bool includeChirality=True, bool includeIsotopes=True, bool includeAtomMaps=True, bool includeChiralPresence=False)
Failed to featurize datapoint 646, None. Appending empty array
Exception message: Python argument types in
    rdkit.Chem.rdmolfiles.CanonicalRankAtoms(NoneType)
did not match C++ signature:
    CanonicalRankAtoms(RDKit::ROMol mol, bool breakTies=True, bool includeChirality=True, bool includeIsotopes=True, bool includeAtomMaps=True, bool includeChiralPresence=False)
Failed to featurize datapoint 647, None. Appending empty array
Exception message: Python argument types in
    rdkit.Chem.rdmolfiles.CanonicalRankAtoms(NoneType)
did not match C++ signature:
    CanonicalRankAtoms(RDKit::ROMol mol, bool breakTies=True, bool includeChirality=True, bool includeIsotopes=True, bool includeAtomMaps=True, bool includeChiralPresence=False)
Failed to featurize datapoint 648, None. Appending empty array
Exception message: Python argument types in
    rdkit.Chem.rdmolfiles.CanonicalRankAtoms(NoneType)
did not match C++ signature:
    CanonicalRankAtoms(RDKit::ROMol mol, bool breakTies=True, bool includeChirality=True, bool includeIsotopes=True, bool includeAtomMaps=True, bool includeChiralPresence=False)
Failed to featurize datapoint 649, None. Appending empty array
Exception message: Python argument types in
    rdkit.Chem.rdmolfiles.CanonicalRankAtoms(NoneType)
did not match C++ signature:
    CanonicalRankAtoms(RDKit::ROMol mol, bool breakTies=True, bool includeChirality=True, bool includeIsotopes=True, bool includeAtomMaps=True, bool includeChiralPresence=False)
Failed to featurize datapoint 685, None. Appending empty array
Exception message: Python argument types in
    rdkit.Chem.rdmolfiles.CanonicalRankAtoms(NoneType)
did not match C++ signature:
    CanonicalRankAtoms(RDKit::ROMol mol, bool breakTies=True, bool includeChirality=True, bool includeIsotopes=True, bool includeAtomMaps=True, bool includeChiralPresence=False)
Exception message: setting an array element with a sequence. The requested array has an inhomogeneous shape after 1 dimensions. The detected shape was (2050,) + inhomogeneous part.
  [BBBP] n_train=1631 featurized in 10s
    BBBP   5%  n=   82  roc_auc=0.6082±0.0347
    BBBP  10%  n=  163  roc_auc=0.6146±0.0177
    BBBP  25%  n=  408  roc_auc=0.6415±0.0183
    BBBP  50%  n=  816  roc_auc=0.6756±0.0262
    BBBP 100%  n= 1631  roc_auc=0.6797±0.0198
  [BACE] n_train=1210 featurized in 5s
    BACE   5%  n=   60  roc_auc=0.7264±0.0383
    BACE  10%  n=  121  roc_auc=0.7563±0.0155
    BACE  25%  n=  302  roc_auc=0.7828±0.0160
    BACE  50%  n=  605  roc_auc=0.8019±0.0103
    BACE 100%  n= 1210  roc_auc=0.7976±0.0032
Failed to featurize datapoint 1322, None. Appending empty array
Exception message: Python argument types in
    rdkit.Chem.rdmolfiles.CanonicalRankAtoms(NoneType)
did not match C++ signature:
    CanonicalRankAtoms(RDKit::ROMol mol, bool breakTies=True, bool includeChirality=True, bool includeIsotopes=True, bool includeAtomMaps=True, bool includeChiralPresence=False)
Failed to featurize datapoint 2290, None. Appending empty array
Exception message: Python argument types in
    rdkit.Chem.rdmolfiles.CanonicalRankAtoms(NoneType)
did not match C++ signature:
    CanonicalRankAtoms(RDKit::ROMol mol, bool breakTies=True, bool includeChirality=True, bool includeIsotopes=True, bool includeAtomMaps=True, bool includeChiralPresence=False)
Failed to featurize datapoint 2297, None. Appending empty array
Exception message: Python argument types in
    rdkit.Chem.rdmolfiles.CanonicalRankAtoms(NoneType)
did not match C++ signature:
    CanonicalRankAtoms(RDKit::ROMol mol, bool breakTies=True, bool includeChirality=True, bool includeIsotopes=True, bool includeAtomMaps=True, bool includeChiralPresence=False)
Failed to featurize datapoint 3558, None. Appending empty array
Exception message: Python argument types in
    rdkit.Chem.rdmolfiles.CanonicalRankAtoms(NoneType)
did not match C++ signature:
    CanonicalRankAtoms(RDKit::ROMol mol, bool breakTies=True, bool includeChirality=True, bool includeIsotopes=True, bool includeAtomMaps=True, bool includeChiralPresence=False)
Failed to featurize datapoint 4565, None. Appending empty array
Exception message: Python argument types in
    rdkit.Chem.rdmolfiles.CanonicalRankAtoms(NoneType)
did not match C++ signature:
    CanonicalRankAtoms(RDKit::ROMol mol, bool breakTies=True, bool includeChirality=True, bool includeIsotopes=True, bool includeAtomMaps=True, bool includeChiralPresence=False)
Failed to featurize datapoint 4649, None. Appending empty array
Exception message: Python argument types in
    rdkit.Chem.rdmolfiles.CanonicalRankAtoms(NoneType)
did not match C++ signature:
    CanonicalRankAtoms(RDKit::ROMol mol, bool breakTies=True, bool includeChirality=True, bool includeIsotopes=True, bool includeAtomMaps=True, bool includeChiralPresence=False)
Failed to featurize datapoint 5538, None. Appending empty array
Exception message: Python argument types in
    rdkit.Chem.rdmolfiles.CanonicalRankAtoms(NoneType)
did not match C++ signature:
    CanonicalRankAtoms(RDKit::ROMol mol, bool breakTies=True, bool includeChirality=True, bool includeIsotopes=True, bool includeAtomMaps=True, bool includeChiralPresence=False)
Failed to featurize datapoint 6723, None. Appending empty array
Exception message: Python argument types in
    rdkit.Chem.rdmolfiles.CanonicalRankAtoms(NoneType)
did not match C++ signature:
    CanonicalRankAtoms(RDKit::ROMol mol, bool breakTies=True, bool includeChirality=True, bool includeIsotopes=True, bool includeAtomMaps=True, bool includeChiralPresence=False)
Exception message: setting an array element with a sequence. The requested array has an inhomogeneous shape after 1 dimensions. The detected shape was (7831,) + inhomogeneous part.
  [Tox21] n_train=6258 featurized in 30s
    Tox21   5%  n=  313  roc_auc=0.6472±0.0108
    Tox21  10%  n=  626  roc_auc=0.6552±0.0171
    Tox21  25%  n= 1564  roc_auc=0.6965±0.0057
    Tox21  50%  n= 3129  roc_auc=0.7141±0.0039
    Tox21 100%  n= 6258  roc_auc=0.7203±0.0050
Failed to featurize datapoint 137, None. Appending empty array
Exception message: Python argument types in
    rdkit.Chem.rdmolfiles.CanonicalRankAtoms(NoneType)
did not match C++ signature:
    CanonicalRankAtoms(RDKit::ROMol mol, bool breakTies=True, bool includeChirality=True, bool includeIsotopes=True, bool includeAtomMaps=True, bool includeChiralPresence=False)
Failed to featurize datapoint 987, None. Appending empty array
Exception message: Python argument types in
    rdkit.Chem.rdmolfiles.CanonicalRankAtoms(NoneType)
did not match C++ signature:
    CanonicalRankAtoms(RDKit::ROMol mol, bool breakTies=True, bool includeChirality=True, bool includeIsotopes=True, bool includeAtomMaps=True, bool includeChiralPresence=False)
Exception message: setting an array element with a sequence. The requested array has an inhomogeneous shape after 1 dimensions. The detected shape was (8192,) + inhomogeneous part.
Failed to featurize datapoint 4690, None. Appending empty array
Exception message: Python argument types in
    rdkit.Chem.rdmolfiles.CanonicalRankAtoms(NoneType)
did not match C++ signature:
    CanonicalRankAtoms(RDKit::ROMol mol, bool breakTies=True, bool includeChirality=True, bool includeIsotopes=True, bool includeAtomMaps=True, bool includeChiralPresence=False)
Exception message: setting an array element with a sequence. The requested array has an inhomogeneous shape after 1 dimensions. The detected shape was (8192,) + inhomogeneous part.
Failed to featurize datapoint 1909, None. Appending empty array
Exception message: Python argument types in
    rdkit.Chem.rdmolfiles.CanonicalRankAtoms(NoneType)
did not match C++ signature:
    CanonicalRankAtoms(RDKit::ROMol mol, bool breakTies=True, bool includeChirality=True, bool includeIsotopes=True, bool includeAtomMaps=True, bool includeChiralPresence=False)
Exception message: setting an array element with a sequence. The requested array has an inhomogeneous shape after 1 dimensions. The detected shape was (8192,) + inhomogeneous part.
Failed to featurize datapoint 6208, None. Appending empty array
Exception message: Python argument types in
    rdkit.Chem.rdmolfiles.CanonicalRankAtoms(NoneType)
did not match C++ signature:
    CanonicalRankAtoms(RDKit::ROMol mol, bool breakTies=True, bool includeChirality=True, bool includeIsotopes=True, bool includeAtomMaps=True, bool includeChiralPresence=False)
Failed to featurize datapoint 6209, None. Appending empty array
Exception message: Python argument types in
    rdkit.Chem.rdmolfiles.CanonicalRankAtoms(NoneType)
did not match C++ signature:
    CanonicalRankAtoms(RDKit::ROMol mol, bool breakTies=True, bool includeChirality=True, bool includeIsotopes=True, bool includeAtomMaps=True, bool includeChiralPresence=False)
Exception message: setting an array element with a sequence. The requested array has an inhomogeneous shape after 1 dimensions. The detected shape was (8192,) + inhomogeneous part.
Failed to featurize datapoint 2960, None. Appending empty array
Exception message: Python argument types in
    rdkit.Chem.rdmolfiles.CanonicalRankAtoms(NoneType)
did not match C++ signature:
    CanonicalRankAtoms(RDKit::ROMol mol, bool breakTies=True, bool includeChirality=True, bool includeIsotopes=True, bool includeAtomMaps=True, bool includeChiralPresence=False)
Exception message: setting an array element with a sequence. The requested array has an inhomogeneous shape after 1 dimensions. The detected shape was (8192,) + inhomogeneous part.
  [HIV] n_train=32896 featurized in 157s
    HIV   5%  n= 1645  roc_auc=0.6435±0.0451
    HIV  10%  n= 3290  roc_auc=0.6914±0.0201
    HIV  25%  n= 8224  roc_auc=0.7328±0.0179
    HIV  50%  n=16448  roc_auc=0.7345±0.0142
    HIV 100%  n=32896  roc_auc=0.7362±0.0090

DONE -> analysis/rigor/label_efficiency_fractions.csv  (2808 rows)
     -> analysis/rigor/label_efficiency_fractions_summary.csv  (360 points)
