device: mps

===== arm=fp_desc (classical fp_desc + xgb) =====
No normalization for SPS. Feature removed!
No normalization for AvgIpc. Feature removed!
No normalization for NumAmideBonds. Feature removed!
No normalization for NumAtomStereoCenters. Feature removed!
No normalization for NumBridgeheadAtoms. Feature removed!
No normalization for NumHeterocycles. Feature removed!
No normalization for NumSpiroAtoms. Feature removed!
No normalization for NumUnspecifiedAtomStereoCenters. Feature removed!
No normalization for Phi. Feature removed!
Skipped loading some Tensorflow models, missing a dependency. No module named 'tensorflow'
Skipped loading modules with pytorch-geometric dependency, missing a dependency. No module named 'torch_geometric'
Skipped loading modules with pytorch-geometric dependency, missing a dependency. cannot import name 'DMPNN' from 'deepchem.models.torch_models' (/Users/lsieben/VSCode/CLIMB/.venv_sanity/lib/python3.9/site-packages/deepchem/models/torch_models/__init__.py)
Skipped loading modules with pytorch-lightning dependency, missing a dependency. No module named 'lightning'
Skipped loading some Jax models, missing a dependency. No module named 'jax'
Skipped loading some PyTorch models, missing a dependency. No module named 'tensorflow'
[ecfp4_features] variant=ecfp4_stereo radius=2 counts=False chirality=True n_bits=2048
[ecfp4_features] variant=ecfp4_stereo radius=2 counts=False chirality=True n_bits=2048
[ecfp4_features] variant=ecfp4_stereo radius=2 counts=False chirality=True n_bits=2048
  [BACE] n_train=1210 featurized in 9s
    BACE 100%  n= 1210  roc_auc=0.7836±0.0057
Failed to featurize datapoint 1322, None. Appending empty array
Exception message: Python argument types in
    rdkit.Chem.rdmolfiles.CanonicalRankAtoms(NoneType)
did not match C++ signature:
    CanonicalRankAtoms(RDKit::ROMol mol, bool breakTies=True, bool includeChirality=True, bool includeIsotopes=True, bool includeAtomMaps=True, bool includeChiralPresence=False)
Failed to featurize datapoint 2290, None. Appending empty array
Exception message: Python argument types in
    rdkit.Chem.rdmolfiles.CanonicalRankAtoms(NoneType)
did not match C++ signature:
    CanonicalRankAtoms(RDKit::ROMol mol, bool breakTies=True, bool includeChirality=True, bool includeIsotopes=True, bool includeAtomMaps=True, bool includeChiralPresence=False)
Failed to featurize datapoint 2297, None. Appending empty array
Exception message: Python argument types in
    rdkit.Chem.rdmolfiles.CanonicalRankAtoms(NoneType)
did not match C++ signature:
    CanonicalRankAtoms(RDKit::ROMol mol, bool breakTies=True, bool includeChirality=True, bool includeIsotopes=True, bool includeAtomMaps=True, bool includeChiralPresence=False)
Failed to featurize datapoint 3558, None. Appending empty array
Exception message: Python argument types in
    rdkit.Chem.rdmolfiles.CanonicalRankAtoms(NoneType)
did not match C++ signature:
    CanonicalRankAtoms(RDKit::ROMol mol, bool breakTies=True, bool includeChirality=True, bool includeIsotopes=True, bool includeAtomMaps=True, bool includeChiralPresence=False)
Failed to featurize datapoint 4565, None. Appending empty array
Exception message: Python argument types in
    rdkit.Chem.rdmolfiles.CanonicalRankAtoms(NoneType)
did not match C++ signature:
    CanonicalRankAtoms(RDKit::ROMol mol, bool breakTies=True, bool includeChirality=True, bool includeIsotopes=True, bool includeAtomMaps=True, bool includeChiralPresence=False)
Failed to featurize datapoint 4649, None. Appending empty array
Exception message: Python argument types in
    rdkit.Chem.rdmolfiles.CanonicalRankAtoms(NoneType)
did not match C++ signature:
    CanonicalRankAtoms(RDKit::ROMol mol, bool breakTies=True, bool includeChirality=True, bool includeIsotopes=True, bool includeAtomMaps=True, bool includeChiralPresence=False)
Failed to featurize datapoint 5538, None. Appending empty array
Exception message: Python argument types in
    rdkit.Chem.rdmolfiles.CanonicalRankAtoms(NoneType)
did not match C++ signature:
    CanonicalRankAtoms(RDKit::ROMol mol, bool breakTies=True, bool includeChirality=True, bool includeIsotopes=True, bool includeAtomMaps=True, bool includeChiralPresence=False)
Failed to featurize datapoint 6723, None. Appending empty array
Exception message: Python argument types in
    rdkit.Chem.rdmolfiles.CanonicalRankAtoms(NoneType)
did not match C++ signature:
    CanonicalRankAtoms(RDKit::ROMol mol, bool breakTies=True, bool includeChirality=True, bool includeIsotopes=True, bool includeAtomMaps=True, bool includeChiralPresence=False)
Exception message: setting an array element with a sequence. The requested array has an inhomogeneous shape after 1 dimensions. The detected shape was (7831,) + inhomogeneous part.
[ecfp4_features] variant=ecfp4_stereo radius=2 counts=False chirality=True n_bits=2048
[ecfp4_features] variant=ecfp4_stereo radius=2 counts=False chirality=True n_bits=2048
[ecfp4_features] variant=ecfp4_stereo radius=2 counts=False chirality=True n_bits=2048
  [Tox21] n_train=6258 featurized in 32s
    Tox21 100%  n= 6258  roc_auc=0.7638±0.0011
[ecfp4_features] variant=ecfp4_stereo radius=2 counts=False chirality=True n_bits=2048
[ecfp4_features] variant=ecfp4_stereo radius=2 counts=False chirality=True n_bits=2048
[ecfp4_features] variant=ecfp4_stereo radius=2 counts=False chirality=True n_bits=2048
  [QM7] n_train=5470 featurized in 15s
    QM7 100%  n= 5470  rmse=194.1529±0.6706
Failed to featurize datapoint 137, None. Appending empty array
Exception message: Python argument types in
    rdkit.Chem.rdmolfiles.CanonicalRankAtoms(NoneType)
did not match C++ signature:
    CanonicalRankAtoms(RDKit::ROMol mol, bool breakTies=True, bool includeChirality=True, bool includeIsotopes=True, bool includeAtomMaps=True, bool includeChiralPresence=False)
Failed to featurize datapoint 987, None. Appending empty array
Exception message: Python argument types in
    rdkit.Chem.rdmolfiles.CanonicalRankAtoms(NoneType)
did not match C++ signature:
    CanonicalRankAtoms(RDKit::ROMol mol, bool breakTies=True, bool includeChirality=True, bool includeIsotopes=True, bool includeAtomMaps=True, bool includeChiralPresence=False)
Exception message: setting an array element with a sequence. The requested array has an inhomogeneous shape after 1 dimensions. The detected shape was (8192,) + inhomogeneous part.
Failed to featurize datapoint 4690, None. Appending empty array
Exception message: Python argument types in
    rdkit.Chem.rdmolfiles.CanonicalRankAtoms(NoneType)
did not match C++ signature:
    CanonicalRankAtoms(RDKit::ROMol mol, bool breakTies=True, bool includeChirality=True, bool includeIsotopes=True, bool includeAtomMaps=True, bool includeChiralPresence=False)
Exception message: setting an array element with a sequence. The requested array has an inhomogeneous shape after 1 dimensions. The detected shape was (8192,) + inhomogeneous part.
Failed to featurize datapoint 1909, None. Appending empty array
Exception message: Python argument types in
    rdkit.Chem.rdmolfiles.CanonicalRankAtoms(NoneType)
did not match C++ signature:
    CanonicalRankAtoms(RDKit::ROMol mol, bool breakTies=True, bool includeChirality=True, bool includeIsotopes=True, bool includeAtomMaps=True, bool includeChiralPresence=False)
Exception message: setting an array element with a sequence. The requested array has an inhomogeneous shape after 1 dimensions. The detected shape was (8192,) + inhomogeneous part.
Failed to featurize datapoint 6208, None. Appending empty array
Exception message: Python argument types in
    rdkit.Chem.rdmolfiles.CanonicalRankAtoms(NoneType)
did not match C++ signature:
    CanonicalRankAtoms(RDKit::ROMol mol, bool breakTies=True, bool includeChirality=True, bool includeIsotopes=True, bool includeAtomMaps=True, bool includeChiralPresence=False)
Failed to featurize datapoint 6209, None. Appending empty array
Exception message: Python argument types in
    rdkit.Chem.rdmolfiles.CanonicalRankAtoms(NoneType)
did not match C++ signature:
    CanonicalRankAtoms(RDKit::ROMol mol, bool breakTies=True, bool includeChirality=True, bool includeIsotopes=True, bool includeAtomMaps=True, bool includeChiralPresence=False)
Exception message: setting an array element with a sequence. The requested array has an inhomogeneous shape after 1 dimensions. The detected shape was (8192,) + inhomogeneous part.
Failed to featurize datapoint 2960, None. Appending empty array
Exception message: Python argument types in
    rdkit.Chem.rdmolfiles.CanonicalRankAtoms(NoneType)
did not match C++ signature:
    CanonicalRankAtoms(RDKit::ROMol mol, bool breakTies=True, bool includeChirality=True, bool includeIsotopes=True, bool includeAtomMaps=True, bool includeChiralPresence=False)
Exception message: setting an array element with a sequence. The requested array has an inhomogeneous shape after 1 dimensions. The detected shape was (8192,) + inhomogeneous part.
[ecfp4_features] variant=ecfp4_stereo radius=2 counts=False chirality=True n_bits=2048
[ecfp4_features] variant=ecfp4_stereo radius=2 counts=False chirality=True n_bits=2048
[ecfp4_features] variant=ecfp4_stereo radius=2 counts=False chirality=True n_bits=2048
  [HIV] n_train=32896 featurized in 1355s
    HIV 100%  n=32896  roc_auc=0.7609±0.0037

DONE -> analysis/rigor/label_efficiency_fp_desc_anchor.csv  (33 rows)
     -> analysis/rigor/label_efficiency_fp_desc_anchor_summary.csv  (11 points)
rc=0 LE_ANCHOR_DONE
