[preflight] Mordred table 59665 molecules, 0 of 59665 MolNet missing
[mordred-emb] preflight OK -- Mordred table covers every MolNet molecule 2026-08-23T17:56:30Z
[mordred-emb] RUN CLMunsup (emb=climb) 2026-08-23T17:56:30Z
device: mps
No normalization for SPS. Feature removed!
No normalization for AvgIpc. Feature removed!
No normalization for NumAmideBonds. Feature removed!
No normalization for NumAtomStereoCenters. Feature removed!
No normalization for NumBridgeheadAtoms. Feature removed!
No normalization for NumHeterocycles. Feature removed!
No normalization for NumSpiroAtoms. Feature removed!
No normalization for NumUnspecifiedAtomStereoCenters. Feature removed!
No normalization for Phi. Feature removed!
Skipped loading some Tensorflow models, missing a dependency. No module named 'tensorflow'
Skipped loading modules with pytorch-geometric dependency, missing a dependency. No module named 'torch_geometric'
Skipped loading modules with pytorch-geometric dependency, missing a dependency. cannot import name 'DMPNN' from 'deepchem.models.torch_models' (/Users/lsieben/Library/Python/3.9/lib/python/site-packages/deepchem/models/torch_models/__init__.py)
Skipped loading modules with pytorch-lightning dependency, missing a dependency. No module named 'lightning'
Skipped loading some Jax models, missing a dependency. No module named 'jax'
Skipped loading some PyTorch models, missing a dependency. No module named 'tensorflow'

[ESOL] 1128 molecules, 1 output(s) — featurizing…
[ecfp4_features] variant=ecfp4_stereo radius=2 counts=False chirality=True n_bits=2048
[concat] 59665 precomputed Mordred vectors (1613d) from figure_data/_mordred_features.npz
  fp           rmse=1.5092±0.3102
  desc         rmse=0.7220±0.0506
  fp+desc      rmse=0.7343±0.0404
  CLMunsup     rmse=1.3235±0.1223
  fp+CLMunsup  rmse=1.2729±0.1329
  desc+CLMunsup rmse=0.7545±0.0567
  fp+desc+CLMunsup rmse=0.7389±0.0761

[QM7] 6838 molecules, 1 output(s) — featurizing…
[ecfp4_features] variant=ecfp4_stereo radius=2 counts=False chirality=True n_bits=2048
  fp           rmse=216.1573±2.1470
  desc         rmse=188.6941±4.5908
  fp+desc      rmse=186.6553±4.0600
  CLMunsup     rmse=204.6469±2.9962
  fp+CLMunsup  rmse=203.1393±4.4208
  desc+CLMunsup rmse=188.6289±5.0464
  fp+desc+CLMunsup rmse=188.2809±4.9251
Failed to featurize datapoint 59, None. Appending empty array
Exception message: Python argument types in
    rdkit.Chem.rdmolfiles.CanonicalRankAtoms(NoneType)
did not match C++ signature:
    CanonicalRankAtoms(RDKit::ROMol mol, bool breakTies=True, bool includeChirality=True, bool includeIsotopes=True, bool includeAtomMaps=True, bool includeChiralPresence=False)
Failed to featurize datapoint 61, None. Appending empty array
Exception message: Python argument types in
    rdkit.Chem.rdmolfiles.CanonicalRankAtoms(NoneType)
did not match C++ signature:
    CanonicalRankAtoms(RDKit::ROMol mol, bool breakTies=True, bool includeChirality=True, bool includeIsotopes=True, bool includeAtomMaps=True, bool includeChiralPresence=False)
Failed to featurize datapoint 391, None. Appending empty array
Exception message: Python argument types in
    rdkit.Chem.rdmolfiles.CanonicalRankAtoms(NoneType)
did not match C++ signature:
    CanonicalRankAtoms(RDKit::ROMol mol, bool breakTies=True, bool includeChirality=True, bool includeIsotopes=True, bool includeAtomMaps=True, bool includeChiralPresence=False)
Failed to featurize datapoint 614, None. Appending empty array
Exception message: Python argument types in
    rdkit.Chem.rdmolfiles.CanonicalRankAtoms(NoneType)
did not match C++ signature:
    CanonicalRankAtoms(RDKit::ROMol mol, bool breakTies=True, bool includeChirality=True, bool includeIsotopes=True, bool includeAtomMaps=True, bool includeChiralPresence=False)
Failed to featurize datapoint 642, None. Appending empty array
Exception message: Python argument types in
    rdkit.Chem.rdmolfiles.CanonicalRankAtoms(NoneType)
did not match C++ signature:
    CanonicalRankAtoms(RDKit::ROMol mol, bool breakTies=True, bool includeChirality=True, bool includeIsotopes=True, bool includeAtomMaps=True, bool includeChiralPresence=False)
Failed to featurize datapoint 645, None. Appending empty array
Exception message: Python argument types in
    rdkit.Chem.rdmolfiles.CanonicalRankAtoms(NoneType)
did not match C++ signature:
    CanonicalRankAtoms(RDKit::ROMol mol, bool breakTies=True, bool includeChirality=True, bool includeIsotopes=True, bool includeAtomMaps=True, bool includeChiralPresence=False)
Failed to featurize datapoint 646, None. Appending empty array
Exception message: Python argument types in
    rdkit.Chem.rdmolfiles.CanonicalRankAtoms(NoneType)
did not match C++ signature:
    CanonicalRankAtoms(RDKit::ROMol mol, bool breakTies=True, bool includeChirality=True, bool includeIsotopes=True, bool includeAtomMaps=True, bool includeChiralPresence=False)
Failed to featurize datapoint 647, None. Appending empty array
Exception message: Python argument types in
    rdkit.Chem.rdmolfiles.CanonicalRankAtoms(NoneType)
did not match C++ signature:
    CanonicalRankAtoms(RDKit::ROMol mol, bool breakTies=True, bool includeChirality=True, bool includeIsotopes=True, bool includeAtomMaps=True, bool includeChiralPresence=False)
Failed to featurize datapoint 648, None. Appending empty array
Exception message: Python argument types in
    rdkit.Chem.rdmolfiles.CanonicalRankAtoms(NoneType)
did not match C++ signature:
    CanonicalRankAtoms(RDKit::ROMol mol, bool breakTies=True, bool includeChirality=True, bool includeIsotopes=True, bool includeAtomMaps=True, bool includeChiralPresence=False)
Failed to featurize datapoint 649, None. Appending empty array
Exception message: Python argument types in
    rdkit.Chem.rdmolfiles.CanonicalRankAtoms(NoneType)
did not match C++ signature:
    CanonicalRankAtoms(RDKit::ROMol mol, bool breakTies=True, bool includeChirality=True, bool includeIsotopes=True, bool includeAtomMaps=True, bool includeChiralPresence=False)
Failed to featurize datapoint 685, None. Appending empty array
Exception message: Python argument types in
    rdkit.Chem.rdmolfiles.CanonicalRankAtoms(NoneType)
did not match C++ signature:
    CanonicalRankAtoms(RDKit::ROMol mol, bool breakTies=True, bool includeChirality=True, bool includeIsotopes=True, bool includeAtomMaps=True, bool includeChiralPresence=False)
Exception message: setting an array element with a sequence. The requested array has an inhomogeneous shape after 1 dimensions. The detected shape was (2050,) + inhomogeneous part.

[BBBP] 2039 molecules, 1 output(s) — featurizing…
[ecfp4_features] variant=ecfp4_stereo radius=2 counts=False chirality=True n_bits=2048
  fp           roc_auc=0.8752±0.0224
  desc         roc_auc=0.8970±0.0316
  fp+desc      roc_auc=0.8987±0.0303
  CLMunsup     roc_auc=0.9463±0.0059
  fp+CLMunsup  roc_auc=0.9494±0.0059
  desc+CLMunsup roc_auc=0.9531±0.0057
  fp+desc+CLMunsup roc_auc=0.9523±0.0050

[BACE] 1513 molecules, 1 output(s) — featurizing…
[ecfp4_features] variant=ecfp4_stereo radius=2 counts=False chirality=True n_bits=2048
  fp           roc_auc=0.8791±0.0211
  desc         roc_auc=0.8747±0.0129
  fp+desc      roc_auc=0.8700±0.0111
  CLMunsup     roc_auc=0.8471±0.0267
  fp+CLMunsup  roc_auc=0.8607±0.0311
  desc+CLMunsup roc_auc=0.8696±0.0093
  fp+desc+CLMunsup roc_auc=0.8727±0.0129
Failed to featurize datapoint 1322, None. Appending empty array
Exception message: Python argument types in
    rdkit.Chem.rdmolfiles.CanonicalRankAtoms(NoneType)
did not match C++ signature:
    CanonicalRankAtoms(RDKit::ROMol mol, bool breakTies=True, bool includeChirality=True, bool includeIsotopes=True, bool includeAtomMaps=True, bool includeChiralPresence=False)
Failed to featurize datapoint 2290, None. Appending empty array
Exception message: Python argument types in
    rdkit.Chem.rdmolfiles.CanonicalRankAtoms(NoneType)
did not match C++ signature:
    CanonicalRankAtoms(RDKit::ROMol mol, bool breakTies=True, bool includeChirality=True, bool includeIsotopes=True, bool includeAtomMaps=True, bool includeChiralPresence=False)
Failed to featurize datapoint 2297, None. Appending empty array
Exception message: Python argument types in
    rdkit.Chem.rdmolfiles.CanonicalRankAtoms(NoneType)
did not match C++ signature:
    CanonicalRankAtoms(RDKit::ROMol mol, bool breakTies=True, bool includeChirality=True, bool includeIsotopes=True, bool includeAtomMaps=True, bool includeChiralPresence=False)
Failed to featurize datapoint 3558, None. Appending empty array
Exception message: Python argument types in
    rdkit.Chem.rdmolfiles.CanonicalRankAtoms(NoneType)
did not match C++ signature:
    CanonicalRankAtoms(RDKit::ROMol mol, bool breakTies=True, bool includeChirality=True, bool includeIsotopes=True, bool includeAtomMaps=True, bool includeChiralPresence=False)
Failed to featurize datapoint 4565, None. Appending empty array
Exception message: Python argument types in
    rdkit.Chem.rdmolfiles.CanonicalRankAtoms(NoneType)
did not match C++ signature:
    CanonicalRankAtoms(RDKit::ROMol mol, bool breakTies=True, bool includeChirality=True, bool includeIsotopes=True, bool includeAtomMaps=True, bool includeChiralPresence=False)
Failed to featurize datapoint 4649, None. Appending empty array
Exception message: Python argument types in
    rdkit.Chem.rdmolfiles.CanonicalRankAtoms(NoneType)
did not match C++ signature:
    CanonicalRankAtoms(RDKit::ROMol mol, bool breakTies=True, bool includeChirality=True, bool includeIsotopes=True, bool includeAtomMaps=True, bool includeChiralPresence=False)
Failed to featurize datapoint 5538, None. Appending empty array
Exception message: Python argument types in
    rdkit.Chem.rdmolfiles.CanonicalRankAtoms(NoneType)
did not match C++ signature:
    CanonicalRankAtoms(RDKit::ROMol mol, bool breakTies=True, bool includeChirality=True, bool includeIsotopes=True, bool includeAtomMaps=True, bool includeChiralPresence=False)
Failed to featurize datapoint 6723, None. Appending empty array
Exception message: Python argument types in
    rdkit.Chem.rdmolfiles.CanonicalRankAtoms(NoneType)
did not match C++ signature:
    CanonicalRankAtoms(RDKit::ROMol mol, bool breakTies=True, bool includeChirality=True, bool includeIsotopes=True, bool includeAtomMaps=True, bool includeChiralPresence=False)
Exception message: setting an array element with a sequence. The requested array has an inhomogeneous shape after 1 dimensions. The detected shape was (7831,) + inhomogeneous part.

[Tox21] 7823 molecules, 12 output(s) — featurizing…
[ecfp4_features] variant=ecfp4_stereo radius=2 counts=False chirality=True n_bits=2048
  fp           roc_auc=0.7760±0.0409
  desc         roc_auc=0.8054±0.0537
  fp+desc      roc_auc=0.8073±0.0513
  CLMunsup     roc_auc=0.7751±0.0492
  fp+CLMunsup  roc_auc=0.7836±0.0447
  desc+CLMunsup roc_auc=0.8002±0.0578
  fp+desc+CLMunsup roc_auc=0.8043±0.0526
Failed to featurize datapoint 137, None. Appending empty array
Exception message: Python argument types in
    rdkit.Chem.rdmolfiles.CanonicalRankAtoms(NoneType)
did not match C++ signature:
    CanonicalRankAtoms(RDKit::ROMol mol, bool breakTies=True, bool includeChirality=True, bool includeIsotopes=True, bool includeAtomMaps=True, bool includeChiralPresence=False)
Failed to featurize datapoint 987, None. Appending empty array
Exception message: Python argument types in
    rdkit.Chem.rdmolfiles.CanonicalRankAtoms(NoneType)
did not match C++ signature:
    CanonicalRankAtoms(RDKit::ROMol mol, bool breakTies=True, bool includeChirality=True, bool includeIsotopes=True, bool includeAtomMaps=True, bool includeChiralPresence=False)
Exception message: setting an array element with a sequence. The requested array has an inhomogeneous shape after 1 dimensions. The detected shape was (8192,) + inhomogeneous part.
Failed to featurize datapoint 4690, None. Appending empty array
Exception message: Python argument types in
    rdkit.Chem.rdmolfiles.CanonicalRankAtoms(NoneType)
did not match C++ signature:
    CanonicalRankAtoms(RDKit::ROMol mol, bool breakTies=True, bool includeChirality=True, bool includeIsotopes=True, bool includeAtomMaps=True, bool includeChiralPresence=False)
Exception message: setting an array element with a sequence. The requested array has an inhomogeneous shape after 1 dimensions. The detected shape was (8192,) + inhomogeneous part.
Failed to featurize datapoint 1909, None. Appending empty array
Exception message: Python argument types in
    rdkit.Chem.rdmolfiles.CanonicalRankAtoms(NoneType)
did not match C++ signature:
    CanonicalRankAtoms(RDKit::ROMol mol, bool breakTies=True, bool includeChirality=True, bool includeIsotopes=True, bool includeAtomMaps=True, bool includeChiralPresence=False)
Exception message: setting an array element with a sequence. The requested array has an inhomogeneous shape after 1 dimensions. The detected shape was (8192,) + inhomogeneous part.
Failed to featurize datapoint 6208, None. Appending empty array
Exception message: Python argument types in
    rdkit.Chem.rdmolfiles.CanonicalRankAtoms(NoneType)
did not match C++ signature:
    CanonicalRankAtoms(RDKit::ROMol mol, bool breakTies=True, bool includeChirality=True, bool includeIsotopes=True, bool includeAtomMaps=True, bool includeChiralPresence=False)
Failed to featurize datapoint 6209, None. Appending empty array
Exception message: Python argument types in
    rdkit.Chem.rdmolfiles.CanonicalRankAtoms(NoneType)
did not match C++ signature:
    CanonicalRankAtoms(RDKit::ROMol mol, bool breakTies=True, bool includeChirality=True, bool includeIsotopes=True, bool includeAtomMaps=True, bool includeChiralPresence=False)
Exception message: setting an array element with a sequence. The requested array has an inhomogeneous shape after 1 dimensions. The detected shape was (8192,) + inhomogeneous part.
Failed to featurize datapoint 2960, None. Appending empty array
Exception message: Python argument types in
    rdkit.Chem.rdmolfiles.CanonicalRankAtoms(NoneType)
did not match C++ signature:
    CanonicalRankAtoms(RDKit::ROMol mol, bool breakTies=True, bool includeChirality=True, bool includeIsotopes=True, bool includeAtomMaps=True, bool includeChiralPresence=False)
Exception message: setting an array element with a sequence. The requested array has an inhomogeneous shape after 1 dimensions. The detected shape was (8192,) + inhomogeneous part.

[HIV] 41120 molecules, 1 output(s) — featurizing…
[ecfp4_features] variant=ecfp4_stereo radius=2 counts=False chirality=True n_bits=2048
  fp           roc_auc=0.8017±0.0309
  desc         roc_auc=0.8024±0.0338
  fp+desc      roc_auc=0.8096±0.0314
  CLMunsup     roc_auc=0.7538±0.0337
  fp+CLMunsup  roc_auc=0.7868±0.0285
  desc+CLMunsup roc_auc=0.8055±0.0258
  fp+desc+CLMunsup roc_auc=0.8057±0.0296

DONE -> analysis/rigor/concat_mordred_CLMunsup.csv
[mordred-emb] INCOMPLETE CLMunsup (0/6 datasets, rc=0) -- left for inspection 2026-08-23T18:23:13Z
[mordred-emb] RUN CLMsup (emb=climb) 2026-08-23T18:23:13Z
device: mps
No normalization for SPS. Feature removed!
No normalization for AvgIpc. Feature removed!
No normalization for NumAmideBonds. Feature removed!
No normalization for NumAtomStereoCenters. Feature removed!
No normalization for NumBridgeheadAtoms. Feature removed!
No normalization for NumHeterocycles. Feature removed!
No normalization for NumSpiroAtoms. Feature removed!
No normalization for NumUnspecifiedAtomStereoCenters. Feature removed!
No normalization for Phi. Feature removed!
Skipped loading some Tensorflow models, missing a dependency. No module named 'tensorflow'
Skipped loading modules with pytorch-geometric dependency, missing a dependency. No module named 'torch_geometric'
Skipped loading modules with pytorch-geometric dependency, missing a dependency. cannot import name 'DMPNN' from 'deepchem.models.torch_models' (/Users/lsieben/Library/Python/3.9/lib/python/site-packages/deepchem/models/torch_models/__init__.py)
Skipped loading modules with pytorch-lightning dependency, missing a dependency. No module named 'lightning'
Skipped loading some Jax models, missing a dependency. No module named 'jax'
Skipped loading some PyTorch models, missing a dependency. No module named 'tensorflow'

[ESOL] 1128 molecules, 1 output(s) — featurizing…
[ecfp4_features] variant=ecfp4_stereo radius=2 counts=False chirality=True n_bits=2048
[concat] 59665 precomputed Mordred vectors (1613d) from figure_data/_mordred_features.npz
  fp           rmse=1.5092±0.3102
  desc         rmse=0.7220±0.0506
  fp+desc      rmse=0.7343±0.0404
  CLMsup       rmse=1.0847±0.1614
  fp+CLMsup    rmse=1.0724±0.1326
  desc+CLMsup  rmse=0.7240±0.0483
  fp+desc+CLMsup rmse=0.7483±0.0939

[QM7] 6838 molecules, 1 output(s) — featurizing…
[ecfp4_features] variant=ecfp4_stereo radius=2 counts=False chirality=True n_bits=2048
  fp           rmse=216.1573±2.1470
  desc         rmse=188.6941±4.5908
  fp+desc      rmse=186.6553±4.0600
  CLMsup       rmse=199.6148±4.1575
  fp+CLMsup    rmse=198.2767±4.2239
  desc+CLMsup  rmse=188.1752±4.4688
  fp+desc+CLMsup rmse=187.3978±3.8666
Failed to featurize datapoint 59, None. Appending empty array
Exception message: Python argument types in
    rdkit.Chem.rdmolfiles.CanonicalRankAtoms(NoneType)
did not match C++ signature:
    CanonicalRankAtoms(RDKit::ROMol mol, bool breakTies=True, bool includeChirality=True, bool includeIsotopes=True, bool includeAtomMaps=True, bool includeChiralPresence=False)
Failed to featurize datapoint 61, None. Appending empty array
Exception message: Python argument types in
    rdkit.Chem.rdmolfiles.CanonicalRankAtoms(NoneType)
did not match C++ signature:
    CanonicalRankAtoms(RDKit::ROMol mol, bool breakTies=True, bool includeChirality=True, bool includeIsotopes=True, bool includeAtomMaps=True, bool includeChiralPresence=False)
Failed to featurize datapoint 391, None. Appending empty array
Exception message: Python argument types in
    rdkit.Chem.rdmolfiles.CanonicalRankAtoms(NoneType)
did not match C++ signature:
    CanonicalRankAtoms(RDKit::ROMol mol, bool breakTies=True, bool includeChirality=True, bool includeIsotopes=True, bool includeAtomMaps=True, bool includeChiralPresence=False)
Failed to featurize datapoint 614, None. Appending empty array
Exception message: Python argument types in
    rdkit.Chem.rdmolfiles.CanonicalRankAtoms(NoneType)
did not match C++ signature:
    CanonicalRankAtoms(RDKit::ROMol mol, bool breakTies=True, bool includeChirality=True, bool includeIsotopes=True, bool includeAtomMaps=True, bool includeChiralPresence=False)
Failed to featurize datapoint 642, None. Appending empty array
Exception message: Python argument types in
    rdkit.Chem.rdmolfiles.CanonicalRankAtoms(NoneType)
did not match C++ signature:
    CanonicalRankAtoms(RDKit::ROMol mol, bool breakTies=True, bool includeChirality=True, bool includeIsotopes=True, bool includeAtomMaps=True, bool includeChiralPresence=False)
Failed to featurize datapoint 645, None. Appending empty array
Exception message: Python argument types in
    rdkit.Chem.rdmolfiles.CanonicalRankAtoms(NoneType)
did not match C++ signature:
    CanonicalRankAtoms(RDKit::ROMol mol, bool breakTies=True, bool includeChirality=True, bool includeIsotopes=True, bool includeAtomMaps=True, bool includeChiralPresence=False)
Failed to featurize datapoint 646, None. Appending empty array
Exception message: Python argument types in
    rdkit.Chem.rdmolfiles.CanonicalRankAtoms(NoneType)
did not match C++ signature:
    CanonicalRankAtoms(RDKit::ROMol mol, bool breakTies=True, bool includeChirality=True, bool includeIsotopes=True, bool includeAtomMaps=True, bool includeChiralPresence=False)
Failed to featurize datapoint 647, None. Appending empty array
Exception message: Python argument types in
    rdkit.Chem.rdmolfiles.CanonicalRankAtoms(NoneType)
did not match C++ signature:
    CanonicalRankAtoms(RDKit::ROMol mol, bool breakTies=True, bool includeChirality=True, bool includeIsotopes=True, bool includeAtomMaps=True, bool includeChiralPresence=False)
Failed to featurize datapoint 648, None. Appending empty array
Exception message: Python argument types in
    rdkit.Chem.rdmolfiles.CanonicalRankAtoms(NoneType)
did not match C++ signature:
    CanonicalRankAtoms(RDKit::ROMol mol, bool breakTies=True, bool includeChirality=True, bool includeIsotopes=True, bool includeAtomMaps=True, bool includeChiralPresence=False)
Failed to featurize datapoint 649, None. Appending empty array
Exception message: Python argument types in
    rdkit.Chem.rdmolfiles.CanonicalRankAtoms(NoneType)
did not match C++ signature:
    CanonicalRankAtoms(RDKit::ROMol mol, bool breakTies=True, bool includeChirality=True, bool includeIsotopes=True, bool includeAtomMaps=True, bool includeChiralPresence=False)
Failed to featurize datapoint 685, None. Appending empty array
Exception message: Python argument types in
    rdkit.Chem.rdmolfiles.CanonicalRankAtoms(NoneType)
did not match C++ signature:
    CanonicalRankAtoms(RDKit::ROMol mol, bool breakTies=True, bool includeChirality=True, bool includeIsotopes=True, bool includeAtomMaps=True, bool includeChiralPresence=False)
Exception message: setting an array element with a sequence. The requested array has an inhomogeneous shape after 1 dimensions. The detected shape was (2050,) + inhomogeneous part.

[BBBP] 2039 molecules, 1 output(s) — featurizing…
[ecfp4_features] variant=ecfp4_stereo radius=2 counts=False chirality=True n_bits=2048
  fp           roc_auc=0.8752±0.0224
  desc         roc_auc=0.8970±0.0316
  fp+desc      roc_auc=0.8987±0.0303
  CLMsup       roc_auc=0.9447±0.0093
  fp+CLMsup    roc_auc=0.9441±0.0089
  desc+CLMsup  roc_auc=0.9474±0.0134
  fp+desc+CLMsup roc_auc=0.9480±0.0120

[BACE] 1513 molecules, 1 output(s) — featurizing…
[ecfp4_features] variant=ecfp4_stereo radius=2 counts=False chirality=True n_bits=2048
  fp           roc_auc=0.8791±0.0211
  desc         roc_auc=0.8747±0.0129
  fp+desc      roc_auc=0.8700±0.0111
  CLMsup       roc_auc=0.8529±0.0149
  fp+CLMsup    roc_auc=0.8637±0.0175
  desc+CLMsup  roc_auc=0.8682±0.0072
  fp+desc+CLMsup roc_auc=0.8733±0.0149
Failed to featurize datapoint 1322, None. Appending empty array
Exception message: Python argument types in
    rdkit.Chem.rdmolfiles.CanonicalRankAtoms(NoneType)
did not match C++ signature:
    CanonicalRankAtoms(RDKit::ROMol mol, bool breakTies=True, bool includeChirality=True, bool includeIsotopes=True, bool includeAtomMaps=True, bool includeChiralPresence=False)
Failed to featurize datapoint 2290, None. Appending empty array
Exception message: Python argument types in
    rdkit.Chem.rdmolfiles.CanonicalRankAtoms(NoneType)
did not match C++ signature:
    CanonicalRankAtoms(RDKit::ROMol mol, bool breakTies=True, bool includeChirality=True, bool includeIsotopes=True, bool includeAtomMaps=True, bool includeChiralPresence=False)
Failed to featurize datapoint 2297, None. Appending empty array
Exception message: Python argument types in
    rdkit.Chem.rdmolfiles.CanonicalRankAtoms(NoneType)
did not match C++ signature:
    CanonicalRankAtoms(RDKit::ROMol mol, bool breakTies=True, bool includeChirality=True, bool includeIsotopes=True, bool includeAtomMaps=True, bool includeChiralPresence=False)
Failed to featurize datapoint 3558, None. Appending empty array
Exception message: Python argument types in
    rdkit.Chem.rdmolfiles.CanonicalRankAtoms(NoneType)
did not match C++ signature:
    CanonicalRankAtoms(RDKit::ROMol mol, bool breakTies=True, bool includeChirality=True, bool includeIsotopes=True, bool includeAtomMaps=True, bool includeChiralPresence=False)
Failed to featurize datapoint 4565, None. Appending empty array
Exception message: Python argument types in
    rdkit.Chem.rdmolfiles.CanonicalRankAtoms(NoneType)
did not match C++ signature:
    CanonicalRankAtoms(RDKit::ROMol mol, bool breakTies=True, bool includeChirality=True, bool includeIsotopes=True, bool includeAtomMaps=True, bool includeChiralPresence=False)
Failed to featurize datapoint 4649, None. Appending empty array
Exception message: Python argument types in
    rdkit.Chem.rdmolfiles.CanonicalRankAtoms(NoneType)
did not match C++ signature:
    CanonicalRankAtoms(RDKit::ROMol mol, bool breakTies=True, bool includeChirality=True, bool includeIsotopes=True, bool includeAtomMaps=True, bool includeChiralPresence=False)
Failed to featurize datapoint 5538, None. Appending empty array
Exception message: Python argument types in
    rdkit.Chem.rdmolfiles.CanonicalRankAtoms(NoneType)
did not match C++ signature:
    CanonicalRankAtoms(RDKit::ROMol mol, bool breakTies=True, bool includeChirality=True, bool includeIsotopes=True, bool includeAtomMaps=True, bool includeChiralPresence=False)
Failed to featurize datapoint 6723, None. Appending empty array
Exception message: Python argument types in
    rdkit.Chem.rdmolfiles.CanonicalRankAtoms(NoneType)
did not match C++ signature:
    CanonicalRankAtoms(RDKit::ROMol mol, bool breakTies=True, bool includeChirality=True, bool includeIsotopes=True, bool includeAtomMaps=True, bool includeChiralPresence=False)
Exception message: setting an array element with a sequence. The requested array has an inhomogeneous shape after 1 dimensions. The detected shape was (7831,) + inhomogeneous part.

[Tox21] 7823 molecules, 12 output(s) — featurizing…
[ecfp4_features] variant=ecfp4_stereo radius=2 counts=False chirality=True n_bits=2048
  fp           roc_auc=0.7760±0.0409
  desc         roc_auc=0.8054±0.0537
  fp+desc      roc_auc=0.8073±0.0513
  CLMsup       roc_auc=0.7681±0.0566
  fp+CLMsup    roc_auc=0.7812±0.0479
  desc+CLMsup  roc_auc=0.8026±0.0538
  fp+desc+CLMsup roc_auc=0.8043±0.0539
Failed to featurize datapoint 137, None. Appending empty array
Exception message: Python argument types in
    rdkit.Chem.rdmolfiles.CanonicalRankAtoms(NoneType)
did not match C++ signature:
    CanonicalRankAtoms(RDKit::ROMol mol, bool breakTies=True, bool includeChirality=True, bool includeIsotopes=True, bool includeAtomMaps=True, bool includeChiralPresence=False)
Failed to featurize datapoint 987, None. Appending empty array
Exception message: Python argument types in
    rdkit.Chem.rdmolfiles.CanonicalRankAtoms(NoneType)
did not match C++ signature:
    CanonicalRankAtoms(RDKit::ROMol mol, bool breakTies=True, bool includeChirality=True, bool includeIsotopes=True, bool includeAtomMaps=True, bool includeChiralPresence=False)
Exception message: setting an array element with a sequence. The requested array has an inhomogeneous shape after 1 dimensions. The detected shape was (8192,) + inhomogeneous part.
Failed to featurize datapoint 4690, None. Appending empty array
Exception message: Python argument types in
    rdkit.Chem.rdmolfiles.CanonicalRankAtoms(NoneType)
did not match C++ signature:
    CanonicalRankAtoms(RDKit::ROMol mol, bool breakTies=True, bool includeChirality=True, bool includeIsotopes=True, bool includeAtomMaps=True, bool includeChiralPresence=False)
Exception message: setting an array element with a sequence. The requested array has an inhomogeneous shape after 1 dimensions. The detected shape was (8192,) + inhomogeneous part.
Failed to featurize datapoint 1909, None. Appending empty array
Exception message: Python argument types in
    rdkit.Chem.rdmolfiles.CanonicalRankAtoms(NoneType)
did not match C++ signature:
    CanonicalRankAtoms(RDKit::ROMol mol, bool breakTies=True, bool includeChirality=True, bool includeIsotopes=True, bool includeAtomMaps=True, bool includeChiralPresence=False)
Exception message: setting an array element with a sequence. The requested array has an inhomogeneous shape after 1 dimensions. The detected shape was (8192,) + inhomogeneous part.
Failed to featurize datapoint 6208, None. Appending empty array
Exception message: Python argument types in
    rdkit.Chem.rdmolfiles.CanonicalRankAtoms(NoneType)
did not match C++ signature:
    CanonicalRankAtoms(RDKit::ROMol mol, bool breakTies=True, bool includeChirality=True, bool includeIsotopes=True, bool includeAtomMaps=True, bool includeChiralPresence=False)
Failed to featurize datapoint 6209, None. Appending empty array
Exception message: Python argument types in
    rdkit.Chem.rdmolfiles.CanonicalRankAtoms(NoneType)
did not match C++ signature:
    CanonicalRankAtoms(RDKit::ROMol mol, bool breakTies=True, bool includeChirality=True, bool includeIsotopes=True, bool includeAtomMaps=True, bool includeChiralPresence=False)
Exception message: setting an array element with a sequence. The requested array has an inhomogeneous shape after 1 dimensions. The detected shape was (8192,) + inhomogeneous part.
Failed to featurize datapoint 2960, None. Appending empty array
Exception message: Python argument types in
    rdkit.Chem.rdmolfiles.CanonicalRankAtoms(NoneType)
did not match C++ signature:
    CanonicalRankAtoms(RDKit::ROMol mol, bool breakTies=True, bool includeChirality=True, bool includeIsotopes=True, bool includeAtomMaps=True, bool includeChiralPresence=False)
Exception message: setting an array element with a sequence. The requested array has an inhomogeneous shape after 1 dimensions. The detected shape was (8192,) + inhomogeneous part.

[HIV] 41120 molecules, 1 output(s) — featurizing…
[ecfp4_features] variant=ecfp4_stereo radius=2 counts=False chirality=True n_bits=2048
  fp           roc_auc=0.8017±0.0309
  desc         roc_auc=0.8024±0.0338
  fp+desc      roc_auc=0.8096±0.0314
  CLMsup       roc_auc=0.7695±0.0347
  fp+CLMsup    roc_auc=0.7915±0.0336
  desc+CLMsup  roc_auc=0.8096±0.0321
  fp+desc+CLMsup roc_auc=0.8103±0.0295

DONE -> analysis/rigor/concat_mordred_CLMsup.csv
[mordred-emb] INCOMPLETE CLMsup (0/6 datasets, rc=0) -- left for inspection 2026-08-23T18:49:50Z
[mordred-emb] RUN CheMel (emb=chemeleon) 2026-08-23T18:49:50Z
device: mps
No normalization for SPS. Feature removed!
No normalization for AvgIpc. Feature removed!
No normalization for NumAmideBonds. Feature removed!
No normalization for NumAtomStereoCenters. Feature removed!
No normalization for NumBridgeheadAtoms. Feature removed!
No normalization for NumHeterocycles. Feature removed!
No normalization for NumSpiroAtoms. Feature removed!
No normalization for NumUnspecifiedAtomStereoCenters. Feature removed!
No normalization for Phi. Feature removed!
Skipped loading some Tensorflow models, missing a dependency. No module named 'tensorflow'
Skipped loading modules with pytorch-geometric dependency, missing a dependency. No module named 'torch_geometric'
Skipped loading modules with pytorch-geometric dependency, missing a dependency. cannot import name 'DMPNN' from 'deepchem.models.torch_models' (/Users/lsieben/Library/Python/3.9/lib/python/site-packages/deepchem/models/torch_models/__init__.py)
Skipped loading modules with pytorch-lightning dependency, missing a dependency. No module named 'lightning'
Skipped loading some Jax models, missing a dependency. No module named 'jax'
Skipped loading some PyTorch models, missing a dependency. No module named 'tensorflow'

[ESOL] 1128 molecules, 1 output(s) — featurizing…
[ecfp4_features] variant=ecfp4_stereo radius=2 counts=False chirality=True n_bits=2048
[concat] 59665 precomputed Mordred vectors (1613d) from figure_data/_mordred_features.npz
[concat] 70058 precomputed CheMeleon vectors from figure_data/_chemeleon_features.npz
  fp           rmse=1.5092±0.3102
  desc         rmse=0.7220±0.0506
  fp+desc      rmse=0.7343±0.0404
  CheMel       rmse=0.8491±0.0648
  fp+CheMel    rmse=0.8450±0.0652
  desc+CheMel  rmse=0.7364±0.0428
  fp+desc+CheMel rmse=0.7331±0.0529

[QM7] 6838 molecules, 1 output(s) — featurizing…
[ecfp4_features] variant=ecfp4_stereo radius=2 counts=False chirality=True n_bits=2048
  fp           rmse=216.1573±2.1470
  desc         rmse=188.6941±4.5908
  fp+desc      rmse=186.6553±4.0600
  CheMel       rmse=197.0733±3.7434
  fp+CheMel    rmse=196.6658±3.8246
  desc+CheMel  rmse=188.9735±4.8689
  fp+desc+CheMel rmse=187.4147±4.5512
Failed to featurize datapoint 59, None. Appending empty array
Exception message: Python argument types in
    rdkit.Chem.rdmolfiles.CanonicalRankAtoms(NoneType)
did not match C++ signature:
    CanonicalRankAtoms(RDKit::ROMol mol, bool breakTies=True, bool includeChirality=True, bool includeIsotopes=True, bool includeAtomMaps=True, bool includeChiralPresence=False)
Failed to featurize datapoint 61, None. Appending empty array
Exception message: Python argument types in
    rdkit.Chem.rdmolfiles.CanonicalRankAtoms(NoneType)
did not match C++ signature:
    CanonicalRankAtoms(RDKit::ROMol mol, bool breakTies=True, bool includeChirality=True, bool includeIsotopes=True, bool includeAtomMaps=True, bool includeChiralPresence=False)
Failed to featurize datapoint 391, None. Appending empty array
Exception message: Python argument types in
    rdkit.Chem.rdmolfiles.CanonicalRankAtoms(NoneType)
did not match C++ signature:
    CanonicalRankAtoms(RDKit::ROMol mol, bool breakTies=True, bool includeChirality=True, bool includeIsotopes=True, bool includeAtomMaps=True, bool includeChiralPresence=False)
Failed to featurize datapoint 614, None. Appending empty array
Exception message: Python argument types in
    rdkit.Chem.rdmolfiles.CanonicalRankAtoms(NoneType)
did not match C++ signature:
    CanonicalRankAtoms(RDKit::ROMol mol, bool breakTies=True, bool includeChirality=True, bool includeIsotopes=True, bool includeAtomMaps=True, bool includeChiralPresence=False)
Failed to featurize datapoint 642, None. Appending empty array
Exception message: Python argument types in
    rdkit.Chem.rdmolfiles.CanonicalRankAtoms(NoneType)
did not match C++ signature:
    CanonicalRankAtoms(RDKit::ROMol mol, bool breakTies=True, bool includeChirality=True, bool includeIsotopes=True, bool includeAtomMaps=True, bool includeChiralPresence=False)
Failed to featurize datapoint 645, None. Appending empty array
Exception message: Python argument types in
    rdkit.Chem.rdmolfiles.CanonicalRankAtoms(NoneType)
did not match C++ signature:
    CanonicalRankAtoms(RDKit::ROMol mol, bool breakTies=True, bool includeChirality=True, bool includeIsotopes=True, bool includeAtomMaps=True, bool includeChiralPresence=False)
Failed to featurize datapoint 646, None. Appending empty array
Exception message: Python argument types in
    rdkit.Chem.rdmolfiles.CanonicalRankAtoms(NoneType)
did not match C++ signature:
    CanonicalRankAtoms(RDKit::ROMol mol, bool breakTies=True, bool includeChirality=True, bool includeIsotopes=True, bool includeAtomMaps=True, bool includeChiralPresence=False)
Failed to featurize datapoint 647, None. Appending empty array
Exception message: Python argument types in
    rdkit.Chem.rdmolfiles.CanonicalRankAtoms(NoneType)
did not match C++ signature:
    CanonicalRankAtoms(RDKit::ROMol mol, bool breakTies=True, bool includeChirality=True, bool includeIsotopes=True, bool includeAtomMaps=True, bool includeChiralPresence=False)
Failed to featurize datapoint 648, None. Appending empty array
Exception message: Python argument types in
    rdkit.Chem.rdmolfiles.CanonicalRankAtoms(NoneType)
did not match C++ signature:
    CanonicalRankAtoms(RDKit::ROMol mol, bool breakTies=True, bool includeChirality=True, bool includeIsotopes=True, bool includeAtomMaps=True, bool includeChiralPresence=False)
Failed to featurize datapoint 649, None. Appending empty array
Exception message: Python argument types in
    rdkit.Chem.rdmolfiles.CanonicalRankAtoms(NoneType)
did not match C++ signature:
    CanonicalRankAtoms(RDKit::ROMol mol, bool breakTies=True, bool includeChirality=True, bool includeIsotopes=True, bool includeAtomMaps=True, bool includeChiralPresence=False)
Failed to featurize datapoint 685, None. Appending empty array
Exception message: Python argument types in
    rdkit.Chem.rdmolfiles.CanonicalRankAtoms(NoneType)
did not match C++ signature:
    CanonicalRankAtoms(RDKit::ROMol mol, bool breakTies=True, bool includeChirality=True, bool includeIsotopes=True, bool includeAtomMaps=True, bool includeChiralPresence=False)
Exception message: setting an array element with a sequence. The requested array has an inhomogeneous shape after 1 dimensions. The detected shape was (2050,) + inhomogeneous part.

[BBBP] 2039 molecules, 1 output(s) — featurizing…
[ecfp4_features] variant=ecfp4_stereo radius=2 counts=False chirality=True n_bits=2048
  fp           roc_auc=0.8752±0.0224
  desc         roc_auc=0.8970±0.0316
  fp+desc      roc_auc=0.8987±0.0303
  CheMel       roc_auc=0.8855±0.0318
  fp+CheMel    roc_auc=0.8930±0.0372
  desc+CheMel  roc_auc=0.8998±0.0329
  fp+desc+CheMel roc_auc=0.8991±0.0304

[BACE] 1513 molecules, 1 output(s) — featurizing…
[ecfp4_features] variant=ecfp4_stereo radius=2 counts=False chirality=True n_bits=2048
  fp           roc_auc=0.8791±0.0211
  desc         roc_auc=0.8747±0.0129
  fp+desc      roc_auc=0.8700±0.0111
  CheMel       roc_auc=0.8750±0.0134
  fp+CheMel    roc_auc=0.8783±0.0139
  desc+CheMel  roc_auc=0.8723±0.0081
  fp+desc+CheMel roc_auc=0.8775±0.0090
Failed to featurize datapoint 1322, None. Appending empty array
Exception message: Python argument types in
    rdkit.Chem.rdmolfiles.CanonicalRankAtoms(NoneType)
did not match C++ signature:
    CanonicalRankAtoms(RDKit::ROMol mol, bool breakTies=True, bool includeChirality=True, bool includeIsotopes=True, bool includeAtomMaps=True, bool includeChiralPresence=False)
Failed to featurize datapoint 2290, None. Appending empty array
Exception message: Python argument types in
    rdkit.Chem.rdmolfiles.CanonicalRankAtoms(NoneType)
did not match C++ signature:
    CanonicalRankAtoms(RDKit::ROMol mol, bool breakTies=True, bool includeChirality=True, bool includeIsotopes=True, bool includeAtomMaps=True, bool includeChiralPresence=False)
Failed to featurize datapoint 2297, None. Appending empty array
Exception message: Python argument types in
    rdkit.Chem.rdmolfiles.CanonicalRankAtoms(NoneType)
did not match C++ signature:
    CanonicalRankAtoms(RDKit::ROMol mol, bool breakTies=True, bool includeChirality=True, bool includeIsotopes=True, bool includeAtomMaps=True, bool includeChiralPresence=False)
Failed to featurize datapoint 3558, None. Appending empty array
Exception message: Python argument types in
    rdkit.Chem.rdmolfiles.CanonicalRankAtoms(NoneType)
did not match C++ signature:
    CanonicalRankAtoms(RDKit::ROMol mol, bool breakTies=True, bool includeChirality=True, bool includeIsotopes=True, bool includeAtomMaps=True, bool includeChiralPresence=False)
Failed to featurize datapoint 4565, None. Appending empty array
Exception message: Python argument types in
    rdkit.Chem.rdmolfiles.CanonicalRankAtoms(NoneType)
did not match C++ signature:
    CanonicalRankAtoms(RDKit::ROMol mol, bool breakTies=True, bool includeChirality=True, bool includeIsotopes=True, bool includeAtomMaps=True, bool includeChiralPresence=False)
Failed to featurize datapoint 4649, None. Appending empty array
Exception message: Python argument types in
    rdkit.Chem.rdmolfiles.CanonicalRankAtoms(NoneType)
did not match C++ signature:
    CanonicalRankAtoms(RDKit::ROMol mol, bool breakTies=True, bool includeChirality=True, bool includeIsotopes=True, bool includeAtomMaps=True, bool includeChiralPresence=False)
Failed to featurize datapoint 5538, None. Appending empty array
Exception message: Python argument types in
    rdkit.Chem.rdmolfiles.CanonicalRankAtoms(NoneType)
did not match C++ signature:
    CanonicalRankAtoms(RDKit::ROMol mol, bool breakTies=True, bool includeChirality=True, bool includeIsotopes=True, bool includeAtomMaps=True, bool includeChiralPresence=False)
Failed to featurize datapoint 6723, None. Appending empty array
Exception message: Python argument types in
    rdkit.Chem.rdmolfiles.CanonicalRankAtoms(NoneType)
did not match C++ signature:
    CanonicalRankAtoms(RDKit::ROMol mol, bool breakTies=True, bool includeChirality=True, bool includeIsotopes=True, bool includeAtomMaps=True, bool includeChiralPresence=False)
Exception message: setting an array element with a sequence. The requested array has an inhomogeneous shape after 1 dimensions. The detected shape was (7831,) + inhomogeneous part.

[Tox21] 7823 molecules, 12 output(s) — featurizing…
[ecfp4_features] variant=ecfp4_stereo radius=2 counts=False chirality=True n_bits=2048
  fp           roc_auc=0.7760±0.0409
  desc         roc_auc=0.8054±0.0537
  fp+desc      roc_auc=0.8073±0.0513
  CheMel       roc_auc=0.8114±0.0415
  fp+CheMel    roc_auc=0.8127±0.0415
  desc+CheMel  roc_auc=0.8098±0.0506
  fp+desc+CheMel roc_auc=0.8108±0.0504
Failed to featurize datapoint 137, None. Appending empty array
Exception message: Python argument types in
    rdkit.Chem.rdmolfiles.CanonicalRankAtoms(NoneType)
did not match C++ signature:
    CanonicalRankAtoms(RDKit::ROMol mol, bool breakTies=True, bool includeChirality=True, bool includeIsotopes=True, bool includeAtomMaps=True, bool includeChiralPresence=False)
Failed to featurize datapoint 987, None. Appending empty array
Exception message: Python argument types in
    rdkit.Chem.rdmolfiles.CanonicalRankAtoms(NoneType)
did not match C++ signature:
    CanonicalRankAtoms(RDKit::ROMol mol, bool breakTies=True, bool includeChirality=True, bool includeIsotopes=True, bool includeAtomMaps=True, bool includeChiralPresence=False)
Exception message: setting an array element with a sequence. The requested array has an inhomogeneous shape after 1 dimensions. The detected shape was (8192,) + inhomogeneous part.
Failed to featurize datapoint 4690, None. Appending empty array
Exception message: Python argument types in
    rdkit.Chem.rdmolfiles.CanonicalRankAtoms(NoneType)
did not match C++ signature:
    CanonicalRankAtoms(RDKit::ROMol mol, bool breakTies=True, bool includeChirality=True, bool includeIsotopes=True, bool includeAtomMaps=True, bool includeChiralPresence=False)
Exception message: setting an array element with a sequence. The requested array has an inhomogeneous shape after 1 dimensions. The detected shape was (8192,) + inhomogeneous part.
Failed to featurize datapoint 1909, None. Appending empty array
Exception message: Python argument types in
    rdkit.Chem.rdmolfiles.CanonicalRankAtoms(NoneType)
did not match C++ signature:
    CanonicalRankAtoms(RDKit::ROMol mol, bool breakTies=True, bool includeChirality=True, bool includeIsotopes=True, bool includeAtomMaps=True, bool includeChiralPresence=False)
Exception message: setting an array element with a sequence. The requested array has an inhomogeneous shape after 1 dimensions. The detected shape was (8192,) + inhomogeneous part.
Failed to featurize datapoint 6208, None. Appending empty array
Exception message: Python argument types in
    rdkit.Chem.rdmolfiles.CanonicalRankAtoms(NoneType)
did not match C++ signature:
    CanonicalRankAtoms(RDKit::ROMol mol, bool breakTies=True, bool includeChirality=True, bool includeIsotopes=True, bool includeAtomMaps=True, bool includeChiralPresence=False)
Failed to featurize datapoint 6209, None. Appending empty array
Exception message: Python argument types in
    rdkit.Chem.rdmolfiles.CanonicalRankAtoms(NoneType)
did not match C++ signature:
    CanonicalRankAtoms(RDKit::ROMol mol, bool breakTies=True, bool includeChirality=True, bool includeIsotopes=True, bool includeAtomMaps=True, bool includeChiralPresence=False)
Exception message: setting an array element with a sequence. The requested array has an inhomogeneous shape after 1 dimensions. The detected shape was (8192,) + inhomogeneous part.
Failed to featurize datapoint 2960, None. Appending empty array
Exception message: Python argument types in
    rdkit.Chem.rdmolfiles.CanonicalRankAtoms(NoneType)
did not match C++ signature:
    CanonicalRankAtoms(RDKit::ROMol mol, bool breakTies=True, bool includeChirality=True, bool includeIsotopes=True, bool includeAtomMaps=True, bool includeChiralPresence=False)
Exception message: setting an array element with a sequence. The requested array has an inhomogeneous shape after 1 dimensions. The detected shape was (8192,) + inhomogeneous part.

[HIV] 41120 molecules, 1 output(s) — featurizing…
[ecfp4_features] variant=ecfp4_stereo radius=2 counts=False chirality=True n_bits=2048
  fp           roc_auc=0.8017±0.0309
  desc         roc_auc=0.8024±0.0338
  fp+desc      roc_auc=0.8096±0.0314
  CheMel       roc_auc=0.8127±0.0219
  fp+CheMel    roc_auc=0.8108±0.0219
  desc+CheMel  roc_auc=0.8080±0.0296
  fp+desc+CheMel roc_auc=0.8165±0.0280

DONE -> analysis/rigor/concat_mordred_CheMel.csv
[mordred-emb] INCOMPLETE CheMel (0/6 datasets, rc=0) -- left for inspection 2026-08-23T19:25:22Z
[mordred-emb] all three models attempted 2026-08-23T19:25:22Z
[mordred-emb]   CLMunsup: 0/6 datasets 2026-08-23T19:25:22Z
[mordred-emb]   CLMsup: 0/6 datasets 2026-08-23T19:25:22Z
[mordred-emb]   CheMel: 0/6 datasets 2026-08-23T19:25:22Z
