[rdkit-sameenv] RUN CLMunsup (emb=climb, desc=rdkit) 2026-08-23T19:34:02Z
device: mps
No normalization for SPS. Feature removed!
No normalization for AvgIpc. Feature removed!
No normalization for NumAmideBonds. Feature removed!
No normalization for NumAtomStereoCenters. Feature removed!
No normalization for NumBridgeheadAtoms. Feature removed!
No normalization for NumHeterocycles. Feature removed!
No normalization for NumSpiroAtoms. Feature removed!
No normalization for NumUnspecifiedAtomStereoCenters. Feature removed!
No normalization for Phi. Feature removed!
Skipped loading some Tensorflow models, missing a dependency. No module named 'tensorflow'
Skipped loading modules with pytorch-geometric dependency, missing a dependency. No module named 'torch_geometric'
Skipped loading modules with pytorch-geometric dependency, missing a dependency. cannot import name 'DMPNN' from 'deepchem.models.torch_models' (/Users/lsieben/Library/Python/3.9/lib/python/site-packages/deepchem/models/torch_models/__init__.py)
Skipped loading modules with pytorch-lightning dependency, missing a dependency. No module named 'lightning'
Skipped loading some Jax models, missing a dependency. No module named 'jax'
Skipped loading some PyTorch models, missing a dependency. No module named 'tensorflow'

[ESOL] 1128 molecules, 1 output(s) — featurizing…
[ecfp4_features] variant=ecfp4_stereo radius=2 counts=False chirality=True n_bits=2048
  fp           rmse=1.5092±0.3102
  desc         rmse=0.7339±0.0325
  fp+desc      rmse=0.7281±0.0408
  CLMunsup     rmse=1.3235±0.1223
  fp+CLMunsup  rmse=1.2729±0.1329
  desc+CLMunsup rmse=0.7512±0.0505
  fp+desc+CLMunsup rmse=0.7564±0.0506

[QM7] 6838 molecules, 1 output(s) — featurizing…
[ecfp4_features] variant=ecfp4_stereo radius=2 counts=False chirality=True n_bits=2048
  fp           rmse=216.1573±2.1470
  desc         rmse=188.4811±3.8621
  fp+desc      rmse=187.7074±3.7334
  CLMunsup     rmse=204.6469±2.9962
  fp+CLMunsup  rmse=203.1393±4.4208
  desc+CLMunsup rmse=190.8063±4.1850
  fp+desc+CLMunsup rmse=189.9086±3.2498
Failed to featurize datapoint 59, None. Appending empty array
Exception message: Python argument types in
    rdkit.Chem.rdmolfiles.CanonicalRankAtoms(NoneType)
did not match C++ signature:
    CanonicalRankAtoms(RDKit::ROMol mol, bool breakTies=True, bool includeChirality=True, bool includeIsotopes=True, bool includeAtomMaps=True, bool includeChiralPresence=False)
Failed to featurize datapoint 61, None. Appending empty array
Exception message: Python argument types in
    rdkit.Chem.rdmolfiles.CanonicalRankAtoms(NoneType)
did not match C++ signature:
    CanonicalRankAtoms(RDKit::ROMol mol, bool breakTies=True, bool includeChirality=True, bool includeIsotopes=True, bool includeAtomMaps=True, bool includeChiralPresence=False)
Failed to featurize datapoint 391, None. Appending empty array
Exception message: Python argument types in
    rdkit.Chem.rdmolfiles.CanonicalRankAtoms(NoneType)
did not match C++ signature:
    CanonicalRankAtoms(RDKit::ROMol mol, bool breakTies=True, bool includeChirality=True, bool includeIsotopes=True, bool includeAtomMaps=True, bool includeChiralPresence=False)
Failed to featurize datapoint 614, None. Appending empty array
Exception message: Python argument types in
    rdkit.Chem.rdmolfiles.CanonicalRankAtoms(NoneType)
did not match C++ signature:
    CanonicalRankAtoms(RDKit::ROMol mol, bool breakTies=True, bool includeChirality=True, bool includeIsotopes=True, bool includeAtomMaps=True, bool includeChiralPresence=False)
Failed to featurize datapoint 642, None. Appending empty array
Exception message: Python argument types in
    rdkit.Chem.rdmolfiles.CanonicalRankAtoms(NoneType)
did not match C++ signature:
    CanonicalRankAtoms(RDKit::ROMol mol, bool breakTies=True, bool includeChirality=True, bool includeIsotopes=True, bool includeAtomMaps=True, bool includeChiralPresence=False)
Failed to featurize datapoint 645, None. Appending empty array
Exception message: Python argument types in
    rdkit.Chem.rdmolfiles.CanonicalRankAtoms(NoneType)
did not match C++ signature:
    CanonicalRankAtoms(RDKit::ROMol mol, bool breakTies=True, bool includeChirality=True, bool includeIsotopes=True, bool includeAtomMaps=True, bool includeChiralPresence=False)
Failed to featurize datapoint 646, None. Appending empty array
Exception message: Python argument types in
    rdkit.Chem.rdmolfiles.CanonicalRankAtoms(NoneType)
did not match C++ signature:
    CanonicalRankAtoms(RDKit::ROMol mol, bool breakTies=True, bool includeChirality=True, bool includeIsotopes=True, bool includeAtomMaps=True, bool includeChiralPresence=False)
Failed to featurize datapoint 647, None. Appending empty array
Exception message: Python argument types in
    rdkit.Chem.rdmolfiles.CanonicalRankAtoms(NoneType)
did not match C++ signature:
    CanonicalRankAtoms(RDKit::ROMol mol, bool breakTies=True, bool includeChirality=True, bool includeIsotopes=True, bool includeAtomMaps=True, bool includeChiralPresence=False)
Failed to featurize datapoint 648, None. Appending empty array
Exception message: Python argument types in
    rdkit.Chem.rdmolfiles.CanonicalRankAtoms(NoneType)
did not match C++ signature:
    CanonicalRankAtoms(RDKit::ROMol mol, bool breakTies=True, bool includeChirality=True, bool includeIsotopes=True, bool includeAtomMaps=True, bool includeChiralPresence=False)
Failed to featurize datapoint 649, None. Appending empty array
Exception message: Python argument types in
    rdkit.Chem.rdmolfiles.CanonicalRankAtoms(NoneType)
did not match C++ signature:
    CanonicalRankAtoms(RDKit::ROMol mol, bool breakTies=True, bool includeChirality=True, bool includeIsotopes=True, bool includeAtomMaps=True, bool includeChiralPresence=False)
Failed to featurize datapoint 685, None. Appending empty array
Exception message: Python argument types in
    rdkit.Chem.rdmolfiles.CanonicalRankAtoms(NoneType)
did not match C++ signature:
    CanonicalRankAtoms(RDKit::ROMol mol, bool breakTies=True, bool includeChirality=True, bool includeIsotopes=True, bool includeAtomMaps=True, bool includeChiralPresence=False)
Exception message: setting an array element with a sequence. The requested array has an inhomogeneous shape after 1 dimensions. The detected shape was (2050,) + inhomogeneous part.

[BBBP] 2039 molecules, 1 output(s) — featurizing…
[ecfp4_features] variant=ecfp4_stereo radius=2 counts=False chirality=True n_bits=2048
  fp           roc_auc=0.8752±0.0224
  desc         roc_auc=0.8932±0.0336
  fp+desc      roc_auc=0.9000±0.0295
  CLMunsup     roc_auc=0.9463±0.0059
  fp+CLMunsup  roc_auc=0.9494±0.0059
  desc+CLMunsup roc_auc=0.9494±0.0074
  fp+desc+CLMunsup roc_auc=0.9484±0.0072

[BACE] 1513 molecules, 1 output(s) — featurizing…
[ecfp4_features] variant=ecfp4_stereo radius=2 counts=False chirality=True n_bits=2048
  fp           roc_auc=0.8791±0.0211
  desc         roc_auc=0.8642±0.0093
  fp+desc      roc_auc=0.8670±0.0140
  CLMunsup     roc_auc=0.8471±0.0267
  fp+CLMunsup  roc_auc=0.8607±0.0311
  desc+CLMunsup roc_auc=0.8576±0.0183
  fp+desc+CLMunsup roc_auc=0.8607±0.0228
Failed to featurize datapoint 1322, None. Appending empty array
Exception message: Python argument types in
    rdkit.Chem.rdmolfiles.CanonicalRankAtoms(NoneType)
did not match C++ signature:
    CanonicalRankAtoms(RDKit::ROMol mol, bool breakTies=True, bool includeChirality=True, bool includeIsotopes=True, bool includeAtomMaps=True, bool includeChiralPresence=False)
Failed to featurize datapoint 2290, None. Appending empty array
Exception message: Python argument types in
    rdkit.Chem.rdmolfiles.CanonicalRankAtoms(NoneType)
did not match C++ signature:
    CanonicalRankAtoms(RDKit::ROMol mol, bool breakTies=True, bool includeChirality=True, bool includeIsotopes=True, bool includeAtomMaps=True, bool includeChiralPresence=False)
Failed to featurize datapoint 2297, None. Appending empty array
Exception message: Python argument types in
    rdkit.Chem.rdmolfiles.CanonicalRankAtoms(NoneType)
did not match C++ signature:
    CanonicalRankAtoms(RDKit::ROMol mol, bool breakTies=True, bool includeChirality=True, bool includeIsotopes=True, bool includeAtomMaps=True, bool includeChiralPresence=False)
Failed to featurize datapoint 3558, None. Appending empty array
Exception message: Python argument types in
    rdkit.Chem.rdmolfiles.CanonicalRankAtoms(NoneType)
did not match C++ signature:
    CanonicalRankAtoms(RDKit::ROMol mol, bool breakTies=True, bool includeChirality=True, bool includeIsotopes=True, bool includeAtomMaps=True, bool includeChiralPresence=False)
Failed to featurize datapoint 4565, None. Appending empty array
Exception message: Python argument types in
    rdkit.Chem.rdmolfiles.CanonicalRankAtoms(NoneType)
did not match C++ signature:
    CanonicalRankAtoms(RDKit::ROMol mol, bool breakTies=True, bool includeChirality=True, bool includeIsotopes=True, bool includeAtomMaps=True, bool includeChiralPresence=False)
Failed to featurize datapoint 4649, None. Appending empty array
Exception message: Python argument types in
    rdkit.Chem.rdmolfiles.CanonicalRankAtoms(NoneType)
did not match C++ signature:
    CanonicalRankAtoms(RDKit::ROMol mol, bool breakTies=True, bool includeChirality=True, bool includeIsotopes=True, bool includeAtomMaps=True, bool includeChiralPresence=False)
Failed to featurize datapoint 5538, None. Appending empty array
Exception message: Python argument types in
    rdkit.Chem.rdmolfiles.CanonicalRankAtoms(NoneType)
did not match C++ signature:
    CanonicalRankAtoms(RDKit::ROMol mol, bool breakTies=True, bool includeChirality=True, bool includeIsotopes=True, bool includeAtomMaps=True, bool includeChiralPresence=False)
Failed to featurize datapoint 6723, None. Appending empty array
Exception message: Python argument types in
    rdkit.Chem.rdmolfiles.CanonicalRankAtoms(NoneType)
did not match C++ signature:
    CanonicalRankAtoms(RDKit::ROMol mol, bool breakTies=True, bool includeChirality=True, bool includeIsotopes=True, bool includeAtomMaps=True, bool includeChiralPresence=False)
Exception message: setting an array element with a sequence. The requested array has an inhomogeneous shape after 1 dimensions. The detected shape was (7831,) + inhomogeneous part.

[Tox21] 7823 molecules, 12 output(s) — featurizing…
[ecfp4_features] variant=ecfp4_stereo radius=2 counts=False chirality=True n_bits=2048
  fp           roc_auc=0.7760±0.0409
  desc         roc_auc=0.8133±0.0420
  fp+desc      roc_auc=0.8196±0.0432
  CLMunsup     roc_auc=0.7751±0.0492
  fp+CLMunsup  roc_auc=0.7836±0.0447
  desc+CLMunsup roc_auc=0.8054±0.0412
  fp+desc+CLMunsup roc_auc=0.8076±0.0433
Failed to featurize datapoint 137, None. Appending empty array
Exception message: Python argument types in
    rdkit.Chem.rdmolfiles.CanonicalRankAtoms(NoneType)
did not match C++ signature:
    CanonicalRankAtoms(RDKit::ROMol mol, bool breakTies=True, bool includeChirality=True, bool includeIsotopes=True, bool includeAtomMaps=True, bool includeChiralPresence=False)
Failed to featurize datapoint 987, None. Appending empty array
Exception message: Python argument types in
    rdkit.Chem.rdmolfiles.CanonicalRankAtoms(NoneType)
did not match C++ signature:
    CanonicalRankAtoms(RDKit::ROMol mol, bool breakTies=True, bool includeChirality=True, bool includeIsotopes=True, bool includeAtomMaps=True, bool includeChiralPresence=False)
Exception message: setting an array element with a sequence. The requested array has an inhomogeneous shape after 1 dimensions. The detected shape was (8192,) + inhomogeneous part.
Failed to featurize datapoint 4690, None. Appending empty array
Exception message: Python argument types in
    rdkit.Chem.rdmolfiles.CanonicalRankAtoms(NoneType)
did not match C++ signature:
    CanonicalRankAtoms(RDKit::ROMol mol, bool breakTies=True, bool includeChirality=True, bool includeIsotopes=True, bool includeAtomMaps=True, bool includeChiralPresence=False)
Exception message: setting an array element with a sequence. The requested array has an inhomogeneous shape after 1 dimensions. The detected shape was (8192,) + inhomogeneous part.
Failed to featurize datapoint 1909, None. Appending empty array
Exception message: Python argument types in
    rdkit.Chem.rdmolfiles.CanonicalRankAtoms(NoneType)
did not match C++ signature:
    CanonicalRankAtoms(RDKit::ROMol mol, bool breakTies=True, bool includeChirality=True, bool includeIsotopes=True, bool includeAtomMaps=True, bool includeChiralPresence=False)
Exception message: setting an array element with a sequence. The requested array has an inhomogeneous shape after 1 dimensions. The detected shape was (8192,) + inhomogeneous part.
Failed to featurize datapoint 6208, None. Appending empty array
Exception message: Python argument types in
    rdkit.Chem.rdmolfiles.CanonicalRankAtoms(NoneType)
did not match C++ signature:
    CanonicalRankAtoms(RDKit::ROMol mol, bool breakTies=True, bool includeChirality=True, bool includeIsotopes=True, bool includeAtomMaps=True, bool includeChiralPresence=False)
Failed to featurize datapoint 6209, None. Appending empty array
Exception message: Python argument types in
    rdkit.Chem.rdmolfiles.CanonicalRankAtoms(NoneType)
did not match C++ signature:
    CanonicalRankAtoms(RDKit::ROMol mol, bool breakTies=True, bool includeChirality=True, bool includeIsotopes=True, bool includeAtomMaps=True, bool includeChiralPresence=False)
Exception message: setting an array element with a sequence. The requested array has an inhomogeneous shape after 1 dimensions. The detected shape was (8192,) + inhomogeneous part.
Failed to featurize datapoint 2960, None. Appending empty array
Exception message: Python argument types in
    rdkit.Chem.rdmolfiles.CanonicalRankAtoms(NoneType)
did not match C++ signature:
    CanonicalRankAtoms(RDKit::ROMol mol, bool breakTies=True, bool includeChirality=True, bool includeIsotopes=True, bool includeAtomMaps=True, bool includeChiralPresence=False)
Exception message: setting an array element with a sequence. The requested array has an inhomogeneous shape after 1 dimensions. The detected shape was (8192,) + inhomogeneous part.

[HIV] 41120 molecules, 1 output(s) — featurizing…
[ecfp4_features] variant=ecfp4_stereo radius=2 counts=False chirality=True n_bits=2048
