=== BASE dirs, seeds {0,1,2}, all six MolNet datasets + CBS ===
[anchor] === ecfp4_anchor BACE ===
[anchor] ecfp4_anchor BACE: OK
[anchor] merged 44 rows into figure_data/climb_v2_phase2/ecfp4_anchor/moleculenet_cv/moleculenet_summary.csv (kept 176)
[anchor] merged 1513 pred rows into figure_data/climb_v2_phase2/ecfp4_anchor/moleculenet_cv/test_predictions.csv (kept 128996)
[anchor] === ecfp4_anchor BBBP ===
[anchor] ecfp4_anchor BBBP: OK
[anchor] merged 44 rows into figure_data/climb_v2_phase2/ecfp4_anchor/moleculenet_cv/moleculenet_summary.csv (kept 176)
[anchor] merged 2039 pred rows into figure_data/climb_v2_phase2/ecfp4_anchor/moleculenet_cv/test_predictions.csv (kept 128470)
[anchor] === ecfp4_anchor ESOL ===
[anchor] ecfp4_anchor ESOL: OK
[anchor] merged 22 rows into figure_data/climb_v2_phase2/ecfp4_anchor/moleculenet_cv/moleculenet_summary.csv (kept 198)
[anchor] merged 1128 pred rows into figure_data/climb_v2_phase2/ecfp4_anchor/moleculenet_cv/test_predictions.csv (kept 129381)
[anchor] === ecfp4_anchor HIV ===
[anchor] ecfp4_anchor HIV: OK
[anchor] merged 44 rows into figure_data/climb_v2_phase2/ecfp4_anchor/moleculenet_cv/moleculenet_summary.csv (kept 176)
[anchor] merged 41120 pred rows into figure_data/climb_v2_phase2/ecfp4_anchor/moleculenet_cv/test_predictions.csv (kept 89382)
[anchor] === ecfp4_anchor QM7 ===
[anchor] ecfp4_anchor QM7: OK
[anchor] merged 22 rows into figure_data/climb_v2_phase2/ecfp4_anchor/moleculenet_cv_qm7native/moleculenet_summary.csv (kept 0)
[anchor] merged 6838 pred rows into figure_data/climb_v2_phase2/ecfp4_anchor/moleculenet_cv_qm7native/test_predictions.csv (kept 0)
[anchor] === ecfp4_anchor Tox21 ===
