[anchor] === ecfp4_anchor_s1 BBBP ===
[anchor] ecfp4_anchor_s1 BBBP: OK
[anchor] merged 44 rows into figure_data/climb_v2_phase2/ecfp4_anchor_s1/moleculenet_cv/moleculenet_summary.csv (kept 88)
[anchor] merged 2039 pred rows into figure_data/climb_v2_phase2/ecfp4_anchor_s1/moleculenet_cv/test_predictions.csv (kept 42633)
[anchor] === ecfp4_anchor_s1 ESOL ===
[anchor] ecfp4_anchor_s1 ESOL: OK
[anchor] merged 22 rows into figure_data/climb_v2_phase2/ecfp4_anchor_s1/moleculenet_cv/moleculenet_summary.csv (kept 132)
[anchor] merged 1128 pred rows into figure_data/climb_v2_phase2/ecfp4_anchor_s1/moleculenet_cv/test_predictions.csv (kept 44672)
[anchor] === ecfp4_anchor_s2 BBBP ===
[anchor] ecfp4_anchor_s2 BBBP: OK
[anchor] merged 44 rows into figure_data/climb_v2_phase2/ecfp4_anchor_s2/moleculenet_cv/moleculenet_summary.csv (kept 88)
[anchor] merged 2039 pred rows into figure_data/climb_v2_phase2/ecfp4_anchor_s2/moleculenet_cv/test_predictions.csv (kept 42633)
[anchor] === ecfp4_anchor_s2 ESOL ===
[anchor] ecfp4_anchor_s2 ESOL: OK
[anchor] merged 22 rows into figure_data/climb_v2_phase2/ecfp4_anchor_s2/moleculenet_cv/moleculenet_summary.csv (kept 132)
[anchor] merged 1128 pred rows into figure_data/climb_v2_phase2/ecfp4_anchor_s2/moleculenet_cv/test_predictions.csv (kept 44672)
[anchor] === fp_desc_anchor_s1 BBBP ===
[anchor] fp_desc_anchor_s1 BBBP: OK
[anchor] merged 44 rows into figure_data/climb_v2_phase2/fp_desc_anchor_s1/moleculenet_cv/moleculenet_summary.csv (kept 88)
[anchor] merged 2039 pred rows into figure_data/climb_v2_phase2/fp_desc_anchor_s1/moleculenet_cv/test_predictions.csv (kept 42633)
[anchor] === fp_desc_anchor_s1 ESOL ===
[anchor] fp_desc_anchor_s1 ESOL: OK
[anchor] merged 22 rows into figure_data/climb_v2_phase2/fp_desc_anchor_s1/moleculenet_cv/moleculenet_summary.csv (kept 132)
[anchor] merged 1128 pred rows into figure_data/climb_v2_phase2/fp_desc_anchor_s1/moleculenet_cv/test_predictions.csv (kept 44672)
[anchor] === fp_desc_anchor_s2 BBBP ===
[anchor] fp_desc_anchor_s2 BBBP: OK
[anchor] merged 44 rows into figure_data/climb_v2_phase2/fp_desc_anchor_s2/moleculenet_cv/moleculenet_summary.csv (kept 88)
[anchor] merged 2039 pred rows into figure_data/climb_v2_phase2/fp_desc_anchor_s2/moleculenet_cv/test_predictions.csv (kept 42633)
[anchor] === fp_desc_anchor_s2 ESOL ===
[anchor] fp_desc_anchor_s2 ESOL: OK
[anchor] merged 22 rows into figure_data/climb_v2_phase2/fp_desc_anchor_s2/moleculenet_cv/moleculenet_summary.csv (kept 132)
[anchor] merged 1128 pred rows into figure_data/climb_v2_phase2/fp_desc_anchor_s2/moleculenet_cv/test_predictions.csv (kept 44672)

[anchor] DONE  0 failure(s): none
TOPUP_PRIMARY_DONE
